###############################################################################
#
# IAR ELF Linker V3.10.1.201 for STM8                     06/Dec/2019  18:52:41
# Copyright 2010-2017 IAR Systems AB.
#
#    Output file  =  
#        C:\Users\linzijun\Desktop\STM8S\Voice_alarm_clock_stm8\Debug\Exe\Voice_alarm_clock_stm8.out
#    Map file     =  
#        C:\Users\linzijun\Desktop\STM8S\Voice_alarm_clock_stm8\Debug\List\Voice_alarm_clock_stm8.map
#    Command line =  
#        -f C:\Users\linzijun\AppData\Local\Temp\EWE33B.tmp
#        (C:\Users\linzijun\Desktop\STM8S\Voice_alarm_clock_stm8\Debug\Obj\main.o
#        C:\Users\linzijun\Desktop\STM8S\Voice_alarm_clock_stm8\Debug\Obj\stm8s_clk.o
#        C:\Users\linzijun\Desktop\STM8S\Voice_alarm_clock_stm8\Debug\Obj\stm8s_gpio.o
#        C:\Users\linzijun\Desktop\STM8S\Voice_alarm_clock_stm8\Debug\Obj\stm8s_it.o
#        C:\Users\linzijun\Desktop\STM8S\Voice_alarm_clock_stm8\Debug\Obj\stm8s_uart1.o
#        C:\Users\linzijun\Desktop\STM8S\Voice_alarm_clock_stm8\Debug\Obj\tm1652.o
#        C:\Users\linzijun\Desktop\STM8S\Voice_alarm_clock_stm8\Debug\Obj\uart.o
#        --redirect _Printf=_PrintfFullNoMb --redirect _Scanf=_ScanfFullNoMb -o
#        C:\Users\linzijun\Desktop\STM8S\Voice_alarm_clock_stm8\Debug\Exe\Voice_alarm_clock_stm8.out
#        --map
#        C:\Users\linzijun\Desktop\STM8S\Voice_alarm_clock_stm8\Debug\List\Voice_alarm_clock_stm8.map
#        --config "D:\Program Files (x86)\IAR Systems\Embedded Workbench
#        8.0\stm8\config\lnkstm8s003f3.icf" --config_def _CSTACK_SIZE=0x100
#        --config_def _HEAP_SIZE=0x100 --entry __iar_program_start --debug_lib)
#
###############################################################################

*******************************************************************************
*** RUNTIME MODEL ATTRIBUTES
***

__SystemLibrary            = DLib
__code_model               = small
__core                     = stm8
__data_model               = medium
__dlib_file_descriptor     = 0
__dlib_full_locale_support = 0
__rt_version               = 4


*******************************************************************************
*** PLACEMENT SUMMARY
***

"A0":  place at start of [0x000000-0x0000ff] { rw section .vregs };
"A1":  place at end of [0x000000-0x0003ff] { block CSTACK };
"P2":  place in [from 0x000000 to 0x0003ff] {
          block HEAP, rw section __DLIB_PERTHREAD, rw section .far.bss,
          rw section .far.data, rw section .far.noinit,
          rw section .far_func.textrw, rw section .huge.bss,
          rw section .huge.data, rw section .huge.noinit,
          rw section .huge_func.textrw, rw section .iar.dynexit,
          rw section .near.bss, rw section .near.data, rw section .near.noinit,
          rw section .near_func.textrw };
"A2":  place at start of [0x008000-0x009fff] { block INTVEC };
"P3":  place in [from 0x008000 to 0x009fff] {
          ro section __DLIB_PERTHREAD_init, ro section .far.data_init,
          ro section .far_func.textrw_init, ro section .huge.data_init,
          ro section .huge_func.textrw_init, ro section .iar.init_table,
          ro section .init_array, ro section .near.data_init,
          ro section .near.rodata, ro section .near_func.text,
          ro section .near_func.textrw_init, ro section .tiny.data_init,
          ro section .tiny.rodata_init };
"P4":  place in [from 0x008000 to 0x009fff] {
          ro section .far.rodata, ro section .far_func.text };
"P5":  place in [from 0x008000 to 0x009fff] {
          ro section .huge.rodata, ro section .huge_func.text };
do not initialize {
   rw section .eeprom.noinit, rw section .far.noinit, rw section .huge.noinit,
   rw section .near.noinit, rw section .tiny.noinit, rw section .vregs };
initialize by copy {
   rw section .far.bss, rw section .far.data, rw section .far_func.textrw,
   rw section .huge.bss, rw section .huge.data, rw section .huge_func.textrw,
   rw section .iar.dynexit, rw section .near.bss, rw section .near.data,
   rw section .near_func.textrw, rw section .tiny.bss, rw section .tiny.data,
   ro section .tiny.rodata };

  Section            Kind      Address   Size  Object
  -------            ----      -------   ----  ------
"A0":                                    0x10
  .vregs             uninit   0x000000   0x10  vregs.o [4]
                            - 0x000010   0x10

"P2":                                    0x37
  P2-1                        0x000010   0x37  <Init block>
    .near.data       inited   0x000010   0x10  tm1652.o [1]
    .near.data       inited   0x000020    0x8  tm1652.o [1]
    .near.data       inited   0x000028   0x1f  tm1652.o [1]
                            - 0x000047   0x37

"A1":                                   0x100
  CSTACK                      0x000300  0x100  <Block>
    CSTACK           uninit   0x000300  0x100  <Block tail>
                            - 0x000400  0x100

"A2":                                    0x80
  INTVEC                      0x008000   0x80  <Block>
    .intvec          const    0x008000   0x80  interrupt.o [4]
                            - 0x008080   0x80

"P3-P5":                                0xe2b
  .near_func.text    ro code  0x008080  0x222  stm8s_uart1.o [1]
  .near_func.text    ro code  0x0082a2  0x1a0  long.o [4]
  .near_func.text    ro code  0x008442  0x17a  tm1652.o [1]
  .near_func.text    ro code  0x0085bc  0x110  stm8s_gpio.o [1]
  .near_func.text    ro code  0x0086cc   0xff  vreg_util.o [4]
  .near_func.text    ro code  0x0087cb   0xd0  stm8s_uart1.o [1]
  .near_func.text    ro code  0x00889b   0xc3  uart.o [1]
  .near_func.text    ro code  0x00895e   0xbd  main.o [1]
  .near_func.text    ro code  0x008a1b   0x9e  stm8s_uart1.o [1]
  .near.rodata       const    0x008ab9   0x67  stm8s_uart1.o [1]
  .near.rodata       const    0x008b20   0x66  stm8s_gpio.o [1]
  .near.rodata       const    0x008b86   0x65  stm8s_clk.o [1]
  .near_func.text    ro code  0x008beb   0x57  stm8s_clk.o [1]
  .near_func.text    ro code  0x008c42   0x47  long_util.o [4]
  .near_func.text    ro code  0x008c89   0x3d  stm8s_clk.o [1]
  .near_func.text    ro code  0x008cc6   0x38  uart.o [1]
  Initializer bytes  const    0x008cfe   0x37  <for P2-1>
  .near_func.text    ro code  0x008d35   0x28  uart.o [1]
  .near_func.text    ro code  0x008d5d   0x28  init_small.o [4]
  .near_func.text    ro code  0x008d85   0x27  uart.o [1]
  .near_func.text    ro code  0x008dac   0x25  dc_util.o [4]
  .iar.init_table    const    0x008dd1    0xa  - Linker created -
  .near_func.text    ro code  0x008ddb   0x19  uart.o [1]
  .near.rodata       const    0x008df4   0x14  uart.o [1]
  .near_func.text    ro code  0x008e08   0x14  init.o [4]
  .near_func.text    ro code  0x008e1c   0x14  __dbg_xxexit.o [3]
  .near_func.text    ro code  0x008e30   0x13  cstartup.o [4]
  .near_func.text    ro code  0x008e43    0xd  stm8s_uart1.o [1]
  .near_func.text    ro code  0x008e50    0xd  short.o [4]
  .near_func.text    ro code  0x008e5d    0xd  move.o [4]
  .near_func.text    ro code  0x008e6a    0x7  stm8s_gpio.o [1]
  .near_func.text    ro code  0x008e71    0x5  cexit.o [4]
  .near.rodata       const    0x008e76    0x4  stm8s_clk.o [1]
  .near_func.text    ro code  0x008e7a    0x4  stm8s_gpio.o [1]
  .near_func.text    ro code  0x008e7e    0x4  stm8s_uart1.o [1]
  .near_func.text    ro code  0x008e82    0x4  stm8s_uart1.o [1]
  .near.rodata       const    0x008e86    0x3  uart.o [1]
  .near_func.text    ro code  0x008e89    0x3  interrupt.o [4]
  .near_func.text    ro code  0x008e8c    0x3  low_level_init.o [4]
  .near_func.text    ro code  0x008e8f    0x3  exit.o [4]
  .near_func.text    ro code  0x008e92    0x3  unhandled_exception.o [4]
  .near_func.text    ro code  0x008e95    0x2  main.o [1]
  .near_func.text    ro code  0x008e97    0x1  stm8s_it.o [1]
  .near_func.text    ro code  0x008e98    0x1  stm8s_it.o [1]
  .near_func.text    ro code  0x008e99    0x1  stm8s_it.o [1]
  .near_func.text    ro code  0x008e9a    0x1  stm8s_it.o [1]
  .near_func.text    ro code  0x008e9b    0x1  stm8s_it.o [1]
  .near_func.text    ro code  0x008e9c    0x1  stm8s_it.o [1]
  .near_func.text    ro code  0x008e9d    0x1  stm8s_it.o [1]
  .near_func.text    ro code  0x008e9e    0x1  stm8s_it.o [1]
  .near_func.text    ro code  0x008e9f    0x1  stm8s_it.o [1]
  .near_func.text    ro code  0x008ea0    0x1  stm8s_it.o [1]
  .near_func.text    ro code  0x008ea1    0x1  stm8s_it.o [1]
  .near_func.text    ro code  0x008ea2    0x1  stm8s_it.o [1]
  .near_func.text    ro code  0x008ea3    0x1  stm8s_it.o [1]
  .near_func.text    ro code  0x008ea4    0x1  stm8s_it.o [1]
  .near_func.text    ro code  0x008ea5    0x1  stm8s_it.o [1]
  .near_func.text    ro code  0x008ea6    0x1  stm8s_it.o [1]
  .near_func.text    ro code  0x008ea7    0x1  stm8s_it.o [1]
  .near_func.text    ro code  0x008ea8    0x1  stm8s_it.o [1]
  .near_func.text    ro code  0x008ea9    0x1  stm8s_it.o [1]
  .near_func.text    ro code  0x008eaa    0x1  __dbg_break.o [3]
                            - 0x008eab  0xe2b


*******************************************************************************
*** INIT TABLE
***

          Address   Size
          -------   ----
Copy (__iar_copy_init2)
    1 source range, total size 0x37:
          0x008cfe  0x37
    1 destination range, total size 0x37:
          0x000010  0x37



*******************************************************************************
*** MODULE SUMMARY
***

    Module                 ro code  ro data  rw data
    ------                 -------  -------  -------
C:\Users\linzijun\Desktop\STM8S\Voice_alarm_clock_stm8\Debug\Obj: [1]
    main.o                     191
    stm8s_clk.o                148      105
    stm8s_gpio.o               283      102
    stm8s_it.o                  19
    stm8s_uart1.o              933      103
    tm1652.o                   378       55       55
    uart.o                     355       23
    ------------------------------------------------
    Total:                   2 307      388       55

command line: [2]
    ------------------------------------------------
    Total:

dbgstm8smd.a: [3]
    __dbg_break.o                1
    __dbg_xxexit.o              20
    ------------------------------------------------
    Total:                      21

dlstm8smn.a: [4]
    cexit.o                      5
    cstartup.o                  19
    dc_util.o                   37
    exit.o                       3
    init.o                      20
    init_small.o                40
    interrupt.o                  3      128
    long.o                     416
    long_util.o                 71
    low_level_init.o             3
    move.o                      13
    short.o                     13
    unhandled_exception.o        3
    vreg_util.o                255
    vregs.o                                       16
    ------------------------------------------------
    Total:                     901      128       16

    Linker created                       10      256
----------------------------------------------------
    Grand Total:             3 229      526      327


*******************************************************************************
*** ENTRY LIST
***

Entry                    Address   Size  Type      Object
-----                    -------   ----  ----      ------
.iar.init_table$$Base   0x008dd1          --   Gb  - Linker created -
.iar.init_table$$Limit  0x008ddb          --   Gb  - Linker created -
?b0                     0x000000         Data  Gb  vregs.o [4]
?b1                     0x000001         Data  Gb  vregs.o [4]
?b10                    0x00000a         Data  Gb  vregs.o [4]
?b11                    0x00000b         Data  Gb  vregs.o [4]
?b12                    0x00000c         Data  Gb  vregs.o [4]
?b13                    0x00000d         Data  Gb  vregs.o [4]
?b14                    0x00000e         Data  Gb  vregs.o [4]
?b15                    0x00000f         Data  Gb  vregs.o [4]
?b2                     0x000002         Data  Gb  vregs.o [4]
?b3                     0x000003         Data  Gb  vregs.o [4]
?b4                     0x000004         Data  Gb  vregs.o [4]
?b5                     0x000005         Data  Gb  vregs.o [4]
?b6                     0x000006         Data  Gb  vregs.o [4]
?b7                     0x000007         Data  Gb  vregs.o [4]
?b8                     0x000008         Data  Gb  vregs.o [4]
?b9                     0x000009         Data  Gb  vregs.o [4]
?dc32_l0                0x008dac         Code  Gb  dc_util.o [4]
?dc32_l1                0x008db9         Code  Gb  dc_util.o [4]
?dc32_px                0x008dc6         Code  Gb  dc_util.o [4]
?dec32_0x_0x            0x0082ba         Code  Gb  long.o [4]
?dec32_l0_l0            0x0082b5         Code  Gb  long.o [4]
?e0                     0x000001         Data  Gb  vregs.o [4]
?e1                     0x000005         Data  Gb  vregs.o [4]
?e2                     0x000009         Data  Gb  vregs.o [4]
?e3                     0x00000d         Data  Gb  vregs.o [4]
?epilogue_l2            0x00875b         Code  Gb  vreg_util.o [4]
?epilogue_l2_l3         0x008758         Code  Gb  vreg_util.o [4]
?epilogue_w4            0x00875f         Code  Gb  vreg_util.o [4]
?inc32_0x_0x            0x0082a7         Code  Gb  long.o [4]
?inc32_l2_l2            0x0082a2         Code  Gb  long.o [4]
?l0                     0x000000         Data  Gb  vregs.o [4]
?l1                     0x000004         Data  Gb  vregs.o [4]
?l2                     0x000008         Data  Gb  vregs.o [4]
?l3                     0x00000c         Data  Gb  vregs.o [4]
?load32_0x_l0           0x008c7b         Code  Gb  long_util.o [4]
?load32_asp_l0          0x008c6f         Code  Gb  long_util.o [4]
?load32_dbsp_l0         0x008c6a         Code  Gb  long_util.o [4]
?load32_l0_0x           0x008c52         Code  Gb  long_util.o [4]
?load32_l0_asp          0x008c47         Code  Gb  long_util.o [4]
?load32_l0_dbsp         0x008c42         Code  Gb  long_util.o [4]
?load32_l0_xsp          0x008c49         Code  Gb  long_util.o [4]
?load32_l1_0x           0x008c5e         Code  Gb  long_util.o [4]
?load32_xsp_l0          0x008c71         Code  Gb  long_util.o [4]
?mov_e0_e1              0x008766         Code  Gb  vreg_util.o [4]
?mov_e0_e2              0x008773         Code  Gb  vreg_util.o [4]
?mov_e0_e3              0x008780         Code  Gb  vreg_util.o [4]
?mov_e1_e0              0x00878d         Code  Gb  vreg_util.o [4]
?mov_e1_e2              0x00879a         Code  Gb  vreg_util.o [4]
?mov_e1_e3              0x0087a7         Code  Gb  vreg_util.o [4]
?mov_e2_e0              0x0087b4         Code  Gb  vreg_util.o [4]
?mov_e3_e0              0x0087c1         Code  Gb  vreg_util.o [4]
?mov_l0_l1              0x008763         Code  Gb  vreg_util.o [4]
?mov_l0_l2              0x008770         Code  Gb  vreg_util.o [4]
?mov_l0_l3              0x00877d         Code  Gb  vreg_util.o [4]
?mov_l1_l0              0x00878a         Code  Gb  vreg_util.o [4]
?mov_l1_l2              0x008797         Code  Gb  vreg_util.o [4]
?mov_l1_l3              0x0087a4         Code  Gb  vreg_util.o [4]
?mov_l2_l0              0x0087b1         Code  Gb  vreg_util.o [4]
?mov_l3_l0              0x0087be         Code  Gb  vreg_util.o [4]
?mov_w1_w3              0x008769         Code  Gb  vreg_util.o [4]
?mov_w1_w5              0x008776         Code  Gb  vreg_util.o [4]
?mov_w1_w7              0x008783         Code  Gb  vreg_util.o [4]
?mov_w3_w1              0x008790         Code  Gb  vreg_util.o [4]
?mov_w3_w5              0x00879d         Code  Gb  vreg_util.o [4]
?mov_w3_w7              0x0087aa         Code  Gb  vreg_util.o [4]
?mov_w5_w1              0x0087b7         Code  Gb  vreg_util.o [4]
?mov_w7_w1              0x0087c4         Code  Gb  vreg_util.o [4]
?move1616_v_x_y_a       0x008e5d         Code  Gb  move.o [4]
?mul32_l0_l0_0x         0x0082ec         Code  Gb  long.o [4]
?mul32_l0_l0_dl         0x0082e9         Code  Gb  long.o [4]
?mul32_l0_l0_l1         0x0082f5         Code  Gb  long.o [4]
?pop_l0                 0x008724         Code  Gb  vreg_util.o [4]
?pop_l1                 0x00872f         Code  Gb  vreg_util.o [4]
?pop_l2                 0x00873a         Code  Gb  vreg_util.o [4]
?pop_l3                 0x008745         Code  Gb  vreg_util.o [4]
?pop_w4                 0x0086e4         Code  Gb  vreg_util.o [4]
?push_l0                0x0086f3         Code  Gb  vreg_util.o [4]
?push_l1                0x0086f8         Code  Gb  vreg_util.o [4]
?push_l2                0x0086fd         Code  Gb  vreg_util.o [4]
?push_l3                0x008702         Code  Gb  vreg_util.o [4]
?push_w4                0x0086cc         Code  Gb  vreg_util.o [4]
?sdiv32_l0_l0_dl        0x0083e8         Code  Gb  long.o [4]
?sdiv32_l0_l0_l1        0x0083eb         Code  Gb  long.o [4]
?sll16_x_x_a            0x008e50         Code  Gb  short.o [4]
?sll32_0x_0x_a          0x008434         Code  Gb  long.o [4]
?sll32_l0_l0_a          0x008431         Code  Gb  long.o [4]
?smod32_l1_l0_l1        0x0083eb         Code  Gb  long.o [4]
?srl16_x_x_4            0x008e58         Code  Gb  short.o [4]
?sub32_l0_l0_0x         0x0082d1         Code  Gb  long.o [4]
?sub32_l0_l0_l1         0x0082ce         Code  Gb  long.o [4]
?udiv32_l0_dl_l1        0x008373         Code  Gb  long.o [4]
?udiv32_l0_l0_dl        0x008378         Code  Gb  long.o [4]
?udiv32_l0_l0_l1        0x00837b         Code  Gb  long.o [4]
?umod32_l1_l0_l1        0x00837b         Code  Gb  long.o [4]
?w0                     0x000000         Data  Gb  vregs.o [4]
?w1                     0x000002         Data  Gb  vregs.o [4]
?w2                     0x000004         Data  Gb  vregs.o [4]
?w3                     0x000006         Data  Gb  vregs.o [4]
?w4                     0x000008         Data  Gb  vregs.o [4]
?w5                     0x00000a         Data  Gb  vregs.o [4]
?w6                     0x00000c         Data  Gb  vregs.o [4]
?w7                     0x00000e         Data  Gb  vregs.o [4]
ADC1_IRQHandler         0x008ea7    0x1  Code  Gb  stm8s_it.o [1]
AWU_IRQHandler          0x008e99    0x1  Code  Gb  stm8s_it.o [1]
Bit_Int                 0x008cc6   0x38  Code  Gb  uart.o [1]
CLK_GetClockFreq        0x008beb   0x57  Code  Gb  stm8s_clk.o [1]
CLK_HSIPrescalerConfig  0x008c89   0x3d  Code  Gb  stm8s_clk.o [1]
CLK_IRQHandler          0x008e9a    0x1  Code  Gb  stm8s_it.o [1]
CODE                    0x000028   0x1f  Data  Gb  tm1652.o [1]
CSTACK$$Base            0x000300          --   Gb  - Linker created -
CSTACK$$Limit           0x000400          --   Gb  - Linker created -
Delay                   0x008442   0x14  Code  Gb  tm1652.o [1]
Delay_us                0x008456    0xf  Code  Gb  tm1652.o [1]
EEPROM_EEC_IRQHandler   0x008ea9    0x1  Code  Gb  stm8s_it.o [1]
EXTI_PORTA_IRQHandler   0x008e9b    0x1  Code  Gb  stm8s_it.o [1]
EXTI_PORTB_IRQHandler   0x008e9c    0x1  Code  Gb  stm8s_it.o [1]
EXTI_PORTC_IRQHandler   0x008e9d    0x1  Code  Gb  stm8s_it.o [1]
EXTI_PORTD_IRQHandler   0x008e9e    0x1  Code  Gb  stm8s_it.o [1]
EXTI_PORTE_IRQHandler   0x008e9f    0x1  Code  Gb  stm8s_it.o [1]
GPIO_Init               0x0085bc  0x110  Code  Gb  stm8s_gpio.o [1]
GPIO_WriteHigh          0x008e6a    0x7  Code  Gb  stm8s_gpio.o [1]
GPIO_WriteLow           0x008e7a    0x4  Code  Gb  stm8s_gpio.o [1]
HSIDivFactor            0x008e76    0x4  Data  Gb  stm8s_clk.o [1]
I2CWrByte               0x008465   0x89  Code  Gb  tm1652.o [1]
I2C_IRQHandler          0x008ea6    0x1  Code  Gb  stm8s_it.o [1]
INTVEC$$Base            0x008000          --   Gb  - Linker created -
INTVEC$$Limit           0x008080          --   Gb  - Linker created -
INT_printf              0x00889b   0xc3  Code  Gb  uart.o [1]
Region$$Table$$Base     0x008dd1          --   Gb  - Linker created -
Region$$Table$$Limit    0x008ddb          --   Gb  - Linker created -
SHUMAGUAN_Init          0x00850a   0x20  Code  Gb  tm1652.o [1]
SPI_IRQHandler          0x008ea0    0x1  Code  Gb  stm8s_it.o [1]
SendrStr                0x008d85   0x27  Code  Gb  uart.o [1]
TIM1_CAP_COM_IRQHandler
                        0x008ea2    0x1  Code  Gb  stm8s_it.o [1]
TIM1_UPD_OVF_TRG_BRK_IRQHandler
                        0x008ea1    0x1  Code  Gb  stm8s_it.o [1]
TIM2_CAP_COM_IRQHandler
                        0x008ea4    0x1  Code  Gb  stm8s_it.o [1]
TIM2_UPD_OVF_BRK_IRQHandler
                        0x008ea3    0x1  Code  Gb  stm8s_it.o [1]
TIM4_UPD_OVF_IRQHandler
                        0x008ea8    0x1  Code  Gb  stm8s_it.o [1]
TLI_IRQHandler          0x008e98    0x1  Code  Gb  stm8s_it.o [1]
TM1652_Set              0x0084ee   0x1c  Code  Gb  tm1652.o [1]
TRAP_IRQHandler         0x008e97    0x1  Code  Gb  stm8s_it.o [1]
UART1_Cmd               0x008e43    0xd  Code  Gb  stm8s_uart1.o [1]
UART1_GetFlagStatus     0x008a1b   0x9e  Code  Gb  stm8s_uart1.o [1]
UART1_ITConfig          0x0087cb   0xd0  Code  Gb  stm8s_uart1.o [1]
UART1_Init              0x008080  0x222  Code  Gb  stm8s_uart1.o [1]
UART1_RX_IRQHandler     0x008ddb   0x19  Code  Gb  uart.o [1]
UART1_ReceiveData8      0x008e7e    0x4  Code  Gb  stm8s_uart1.o [1]
UART1_SendData8         0x008e82    0x4  Code  Gb  stm8s_uart1.o [1]
UART1_TX_IRQHandler     0x008ea5    0x1  Code  Gb  stm8s_it.o [1]
UART_Initializes        0x008d35   0x28  Code  Gb  uart.o [1]
__DebugBreak            0x008eaa    0x1  Code  Gb  __dbg_break.o [3]
__exit                  0x008e1c   0x14  Code  Gb  __dbg_xxexit.o [3]
__iar_copy_init2        0x008d5d         Code  Gb  init_small.o [4]
__iar_data_init2        0x008e08   0x14  Code  Gb  init.o [4]
__iar_program_start     0x008e30         Code  Gb  cstartup.o [4]
__iar_unhandled_exception
                        0x008e92         Code  Gb  unhandled_exception.o [4]
__intvec                0x008000         Data  Gb  interrupt.o [4]
__low_level_init        0x008e8c    0x3  Code  Gb  low_level_init.o [4]
_exit                   0x008e71         Code  Gb  cexit.o [4]
_interrupt_1            0x008e97         Code  Gb  stm8s_it.o [1]
_interrupt_12           0x008ea0         Code  Gb  stm8s_it.o [1]
_interrupt_13           0x008ea1         Code  Gb  stm8s_it.o [1]
_interrupt_14           0x008ea2         Code  Gb  stm8s_it.o [1]
_interrupt_15           0x008ea3         Code  Gb  stm8s_it.o [1]
_interrupt_16           0x008ea4         Code  Gb  stm8s_it.o [1]
_interrupt_19           0x008ea5         Code  Gb  stm8s_it.o [1]
_interrupt_2            0x008e98         Code  Gb  stm8s_it.o [1]
_interrupt_20           0x008ddb         Code  Gb  uart.o [1]
_interrupt_21           0x008ea6         Code  Gb  stm8s_it.o [1]
_interrupt_24           0x008ea7         Code  Gb  stm8s_it.o [1]
_interrupt_25           0x008ea8         Code  Gb  stm8s_it.o [1]
_interrupt_26           0x008ea9         Code  Gb  stm8s_it.o [1]
_interrupt_3            0x008e99         Code  Gb  stm8s_it.o [1]
_interrupt_4            0x008e9a         Code  Gb  stm8s_it.o [1]
_interrupt_5            0x008e9b         Code  Gb  stm8s_it.o [1]
_interrupt_6            0x008e9c         Code  Gb  stm8s_it.o [1]
_interrupt_7            0x008e9d         Code  Gb  stm8s_it.o [1]
_interrupt_8            0x008e9e         Code  Gb  stm8s_it.o [1]
_interrupt_9            0x008e9f         Code  Gb  stm8s_it.o [1]
assert_failed           0x008e95    0x2  Code  Gb  main.o [1]
backlight               0x008586   0x36  Code  Gb  tm1652.o [1]
display                 0x00852a   0x5c  Code  Gb  tm1652.o [1]
duty                    0x000010   0x10  Data  Gb  tm1652.o [1]
exit                    0x008e8f    0x3  Code  Gb  exit.o [4]
imax                    0x000020    0x8  Data  Gb  tm1652.o [1]
main                    0x00895e   0xbd  Code  Gb  main.o [1]


[1] = C:\Users\linzijun\Desktop\STM8S\Voice_alarm_clock_stm8\Debug\Obj
[2] = command line
[3] = dbgstm8smd.a
[4] = dlstm8smn.a

  3 229 bytes of readonly  code memory
    526 bytes of readonly  data memory
    327 bytes of readwrite data memory

Errors: none
Warnings: none
