###############################################################################
#
# IAR ELF Linker V3.10.1.201 for STM8                     06/Dec/2019  14:21:13
# Copyright 2010-2017 IAR Systems AB.
#
#    Output file  =  
#        C:\Users\linzijun\Desktop\STM8S\STM8S例程\STM8S例程\STM8S-A04_UART基本收发数据\STM8S-A04_UART基本收发数据\Debug\Exe\Demo.out
#    Map file     =  
#        C:\Users\linzijun\Desktop\STM8S\STM8S例程\STM8S例程\STM8S-A04_UART基本收发数据\STM8S-A04_UART基本收发数据\Debug\List\Demo.map
#    Command line =  
#        -f C:\Users\linzijun\AppData\Local\Temp\EW5296.tmp
#        (C:\Users\linzijun\Desktop\STM8S\STM8S例程\STM8S例程\STM8S-A04_UART基本收发数据\STM8S-A04_UART基本收发数据\Debug\Obj\bsp.o
#        C:\Users\linzijun\Desktop\STM8S\STM8S例程\STM8S例程\STM8S-A04_UART基本收发数据\STM8S-A04_UART基本收发数据\Debug\Obj\bsp_timer.o
#        C:\Users\linzijun\Desktop\STM8S\STM8S例程\STM8S例程\STM8S-A04_UART基本收发数据\STM8S-A04_UART基本收发数据\Debug\Obj\bsp_uart.o
#        C:\Users\linzijun\Desktop\STM8S\STM8S例程\STM8S例程\STM8S-A04_UART基本收发数据\STM8S-A04_UART基本收发数据\Debug\Obj\main.o
#        C:\Users\linzijun\Desktop\STM8S\STM8S例程\STM8S例程\STM8S-A04_UART基本收发数据\STM8S-A04_UART基本收发数据\Debug\Obj\stm8s_clk.o
#        C:\Users\linzijun\Desktop\STM8S\STM8S例程\STM8S例程\STM8S-A04_UART基本收发数据\STM8S-A04_UART基本收发数据\Debug\Obj\stm8s_gpio.o
#        C:\Users\linzijun\Desktop\STM8S\STM8S例程\STM8S例程\STM8S-A04_UART基本收发数据\STM8S-A04_UART基本收发数据\Debug\Obj\stm8s_it.o
#        C:\Users\linzijun\Desktop\STM8S\STM8S例程\STM8S例程\STM8S-A04_UART基本收发数据\STM8S-A04_UART基本收发数据\Debug\Obj\stm8s_tim4.o
#        C:\Users\linzijun\Desktop\STM8S\STM8S例程\STM8S例程\STM8S-A04_UART基本收发数据\STM8S-A04_UART基本收发数据\Debug\Obj\stm8s_uart1.o
#        --redirect _Printf=_PrintfSmall --redirect _Scanf=_ScanfSmall -o
#        C:\Users\linzijun\Desktop\STM8S\STM8S例程\STM8S例程\STM8S-A04_UART基本收发数据\STM8S-A04_UART基本收发数据\Debug\Exe\Demo.out
#        --map
#        C:\Users\linzijun\Desktop\STM8S\STM8S例程\STM8S例程\STM8S-A04_UART基本收发数据\STM8S-A04_UART基本收发数据\Debug\List\Demo.map
#        --config "D:\Program Files (x86)\IAR Systems\Embedded Workbench
#        8.0\stm8\config\lnkstm8s103f3.icf" --config_def _CSTACK_SIZE=0x100
#        --config_def _HEAP_SIZE=0x100 --entry __iar_program_start --debug_lib)
#
###############################################################################

*******************************************************************************
*** RUNTIME MODEL ATTRIBUTES
***

__SystemLibrary            = DLib
__code_model               = small
__core                     = stm8
__data_model               = medium
__dlib_file_descriptor     = 0
__dlib_full_locale_support = 0
__rt_version               = 4


*******************************************************************************
*** PLACEMENT SUMMARY
***

"A0":  place at start of [0x000000-0x0000ff] { rw section .vregs };
"A1":  place at end of [0x000000-0x0003ff] { block CSTACK };
"A2":  place at start of [0x008000-0x009fff] { block INTVEC };
"P3":  place in [from 0x008000 to 0x009fff] {
          ro section __DLIB_PERTHREAD_init, ro section .far.data_init,
          ro section .far_func.textrw_init, ro section .huge.data_init,
          ro section .huge_func.textrw_init, ro section .iar.init_table,
          ro section .init_array, ro section .near.data_init,
          ro section .near.rodata, ro section .near_func.text,
          ro section .near_func.textrw_init, ro section .tiny.data_init,
          ro section .tiny.rodata_init };
"P4":  place in [from 0x008000 to 0x009fff] {
          ro section .far.rodata, ro section .far_func.text };
"P5":  place in [from 0x008000 to 0x009fff] {
          ro section .huge.rodata, ro section .huge_func.text };
do not initialize {
   rw section .eeprom.noinit, rw section .far.noinit, rw section .huge.noinit,
   rw section .near.noinit, rw section .tiny.noinit, rw section .vregs };

  Section          Kind      Address   Size  Object
  -------          ----      -------   ----  ------
"A0":                                  0x10
  .vregs           uninit   0x000000   0x10  vregs.o [4]
                          - 0x000010   0x10

"A1":                                 0x100
  CSTACK                    0x000300  0x100  <Block>
    CSTACK         uninit   0x000300  0x100  <Block tail>
                          - 0x000400  0x100

"A2":                                  0x80
  INTVEC                    0x008000   0x80  <Block>
    .intvec        const    0x008000   0x80  interrupt.o [4]
                          - 0x008080   0x80

"P3-P5":                              0xcbf
  .near_func.text  ro code  0x008080  0x222  stm8s_uart1.o [1]
  .near_func.text  ro code  0x0082a2  0x12b  long.o [4]
  .near_func.text  ro code  0x0083cd  0x110  stm8s_gpio.o [1]
  .near_func.text  ro code  0x0084dd   0xf2  vreg_util.o [4]
  .near_func.text  ro code  0x0085cf   0xd0  stm8s_uart1.o [1]
  .near_func.text  ro code  0x00869f   0x9e  stm8s_uart1.o [1]
  .near.rodata     const    0x00873d   0x9d  stm8s_uart1.o [1]
  .near.rodata     const    0x0087da   0x9c  stm8s_gpio.o [1]
  .near.rodata     const    0x008876   0x9c  stm8s_tim4.o [1]
  .near.rodata     const    0x008912   0x9b  stm8s_clk.o [1]
  .near_func.text  ro code  0x0089ad   0x57  stm8s_clk.o [1]
  .near_func.text  ro code  0x008a04   0x51  stm8s_tim4.o [1]
  .near_func.text  ro code  0x008a55   0x47  long_util.o [4]
  .near_func.text  ro code  0x008a9c   0x3d  stm8s_clk.o [1]
  .near_func.text  ro code  0x008ad9   0x32  stm8s_tim4.o [1]
  .near_func.text  ro code  0x008b0b   0x31  bsp_timer.o [1]
  .near_func.text  ro code  0x008b3c   0x2f  stm8s_tim4.o [1]
  .near_func.text  ro code  0x008b6b   0x28  bsp_uart.o [1]
  .near_func.text  ro code  0x008b93   0x27  main.o [1]
  .near_func.text  ro code  0x008bba   0x25  dc_util.o [4]
  .near_func.text  ro code  0x008bdf   0x24  stm8s_tim4.o [1]
  .near_func.text  ro code  0x008c03   0x22  bsp_uart.o [1]
  .near_func.text  ro code  0x008c25   0x1f  bsp_timer.o [1]
  .near_func.text  ro code  0x008c44   0x1a  bsp_uart.o [1]
  .near_func.text  ro code  0x008c5e   0x19  stm8s_it.o [1]
  .near_func.text  ro code  0x008c77   0x14  init.o [4]
  .near_func.text  ro code  0x008c8b   0x14  __dbg_xxexit.o [3]
  .near_func.text  ro code  0x008c9f   0x13  cstartup.o [4]
  .near_func.text  ro code  0x008cb2   0x12  bsp.o [1]
  .near_func.text  ro code  0x008cc4    0xe  bsp_timer.o [1]
  .near_func.text  ro code  0x008cd2    0xd  stm8s_uart1.o [1]
  .near_func.text  ro code  0x008cdf    0xd  short.o [4]
  .near_func.text  ro code  0x008cec    0x9  main.o [1]
  .near.rodata     const    0x008cf5    0x8  main.o [1]
  .near_func.text  ro code  0x008cfd    0x7  stm8s_gpio.o [1]
  .near_func.text  ro code  0x008d04    0x5  cexit.o [4]
  .near.rodata     const    0x008d09    0x4  stm8s_clk.o [1]
  .near_func.text  ro code  0x008d0d    0x4  bsp.o [1]
  .near_func.text  ro code  0x008d11    0x4  stm8s_gpio.o [1]
  .near_func.text  ro code  0x008d15    0x4  stm8s_uart1.o [1]
  .near_func.text  ro code  0x008d19    0x4  stm8s_uart1.o [1]
  .near_func.text  ro code  0x008d1d    0x3  interrupt.o [4]
  .near_func.text  ro code  0x008d20    0x3  low_level_init.o [4]
  .near_func.text  ro code  0x008d23    0x3  exit.o [4]
  .near_func.text  ro code  0x008d26    0x3  unhandled_exception.o [4]
  .near_func.text  ro code  0x008d29    0x2  main.o [1]
  .near_func.text  ro code  0x008d2b    0x1  stm8s_it.o [1]
  .near_func.text  ro code  0x008d2c    0x1  stm8s_it.o [1]
  .near_func.text  ro code  0x008d2d    0x1  stm8s_it.o [1]
  .near_func.text  ro code  0x008d2e    0x1  stm8s_it.o [1]
  .near_func.text  ro code  0x008d2f    0x1  stm8s_it.o [1]
  .near_func.text  ro code  0x008d30    0x1  stm8s_it.o [1]
  .near_func.text  ro code  0x008d31    0x1  stm8s_it.o [1]
  .near_func.text  ro code  0x008d32    0x1  stm8s_it.o [1]
  .near_func.text  ro code  0x008d33    0x1  stm8s_it.o [1]
  .near_func.text  ro code  0x008d34    0x1  stm8s_it.o [1]
  .near_func.text  ro code  0x008d35    0x1  stm8s_it.o [1]
  .near_func.text  ro code  0x008d36    0x1  stm8s_it.o [1]
  .near_func.text  ro code  0x008d37    0x1  stm8s_it.o [1]
  .near_func.text  ro code  0x008d38    0x1  stm8s_it.o [1]
  .near_func.text  ro code  0x008d39    0x1  stm8s_it.o [1]
  .near_func.text  ro code  0x008d3a    0x1  stm8s_it.o [1]
  .near_func.text  ro code  0x008d3b    0x1  stm8s_it.o [1]
  .near_func.text  ro code  0x008d3c    0x1  stm8s_it.o [1]
  .near_func.text  ro code  0x008d3d    0x1  stm8s_it.o [1]
  .near_func.text  ro code  0x008d3e    0x1  __dbg_break.o [3]
                          - 0x008d3f  0xcbf



*******************************************************************************
*** MODULE SUMMARY
***

    Module                 ro code  ro data  rw data
    ------                 -------  -------  -------
C:\Users\linzijun\Desktop\STM8S\STM8S例程\STM8S例程\STM8S-A04_UART基本收发数据\STM8S-A04_UART基本收发数据\Debug\Obj: [1]
    bsp.o                       22
    bsp_timer.o                 94
    bsp_uart.o                 100
    main.o                      50        8
    stm8s_clk.o                148      159
    stm8s_gpio.o               283      156
    stm8s_it.o                  44
    stm8s_tim4.o               214      156
    stm8s_uart1.o              933      157
    ------------------------------------------------
    Total:                   1 888      636

command line: [2]
    ------------------------------------------------
    Total:

dbgstm8smd.a: [3]
    __dbg_break.o                1
    __dbg_xxexit.o              20
    ------------------------------------------------
    Total:                      21

dlstm8smn.a: [4]
    cexit.o                      5
    cstartup.o                  19
    dc_util.o                   37
    exit.o                       3
    init.o                      20
    interrupt.o                  3      128
    long.o                     299
    long_util.o                 71
    low_level_init.o             3
    short.o                     13
    unhandled_exception.o        3
    vreg_util.o                242
    vregs.o                                       16
    ------------------------------------------------
    Total:                     718      128       16

    Linker created                               256
----------------------------------------------------
    Grand Total:             2 627      764      272


*******************************************************************************
*** ENTRY LIST
***

Entry                      Address   Size  Type      Object
-----                      -------   ----  ----      ------
?b0                       0x000000         Data  Gb  vregs.o [4]
?b1                       0x000001         Data  Gb  vregs.o [4]
?b10                      0x00000a         Data  Gb  vregs.o [4]
?b11                      0x00000b         Data  Gb  vregs.o [4]
?b12                      0x00000c         Data  Gb  vregs.o [4]
?b13                      0x00000d         Data  Gb  vregs.o [4]
?b14                      0x00000e         Data  Gb  vregs.o [4]
?b15                      0x00000f         Data  Gb  vregs.o [4]
?b2                       0x000002         Data  Gb  vregs.o [4]
?b3                       0x000003         Data  Gb  vregs.o [4]
?b4                       0x000004         Data  Gb  vregs.o [4]
?b5                       0x000005         Data  Gb  vregs.o [4]
?b6                       0x000006         Data  Gb  vregs.o [4]
?b7                       0x000007         Data  Gb  vregs.o [4]
?b8                       0x000008         Data  Gb  vregs.o [4]
?b9                       0x000009         Data  Gb  vregs.o [4]
?dc32_l0                  0x008bba         Code  Gb  dc_util.o [4]
?dc32_l1                  0x008bc7         Code  Gb  dc_util.o [4]
?dc32_px                  0x008bd4         Code  Gb  dc_util.o [4]
?e0                       0x000001         Data  Gb  vregs.o [4]
?e1                       0x000005         Data  Gb  vregs.o [4]
?e2                       0x000009         Data  Gb  vregs.o [4]
?e3                       0x00000d         Data  Gb  vregs.o [4]
?epilogue_l2              0x00856c         Code  Gb  vreg_util.o [4]
?epilogue_l2_l3           0x008569         Code  Gb  vreg_util.o [4]
?epilogue_w4              0x008570         Code  Gb  vreg_util.o [4]
?l0                       0x000000         Data  Gb  vregs.o [4]
?l1                       0x000004         Data  Gb  vregs.o [4]
?l2                       0x000008         Data  Gb  vregs.o [4]
?l3                       0x00000c         Data  Gb  vregs.o [4]
?load32_0x_l0             0x008a8e         Code  Gb  long_util.o [4]
?load32_asp_l0            0x008a82         Code  Gb  long_util.o [4]
?load32_dbsp_l0           0x008a7d         Code  Gb  long_util.o [4]
?load32_l0_0x             0x008a65         Code  Gb  long_util.o [4]
?load32_l0_asp            0x008a5a         Code  Gb  long_util.o [4]
?load32_l0_dbsp           0x008a55         Code  Gb  long_util.o [4]
?load32_l0_xsp            0x008a5c         Code  Gb  long_util.o [4]
?load32_l1_0x             0x008a71         Code  Gb  long_util.o [4]
?load32_xsp_l0            0x008a84         Code  Gb  long_util.o [4]
?mov_e0_e2                0x008577         Code  Gb  vreg_util.o [4]
?mov_e0_e3                0x008584         Code  Gb  vreg_util.o [4]
?mov_e1_e0                0x008591         Code  Gb  vreg_util.o [4]
?mov_e1_e2                0x00859e         Code  Gb  vreg_util.o [4]
?mov_e1_e3                0x0085ab         Code  Gb  vreg_util.o [4]
?mov_e2_e0                0x0085b8         Code  Gb  vreg_util.o [4]
?mov_e3_e0                0x0085c5         Code  Gb  vreg_util.o [4]
?mov_l0_l2                0x008574         Code  Gb  vreg_util.o [4]
?mov_l0_l3                0x008581         Code  Gb  vreg_util.o [4]
?mov_l1_l0                0x00858e         Code  Gb  vreg_util.o [4]
?mov_l1_l2                0x00859b         Code  Gb  vreg_util.o [4]
?mov_l1_l3                0x0085a8         Code  Gb  vreg_util.o [4]
?mov_l2_l0                0x0085b5         Code  Gb  vreg_util.o [4]
?mov_l3_l0                0x0085c2         Code  Gb  vreg_util.o [4]
?mov_w1_w5                0x00857a         Code  Gb  vreg_util.o [4]
?mov_w1_w7                0x008587         Code  Gb  vreg_util.o [4]
?mov_w3_w1                0x008594         Code  Gb  vreg_util.o [4]
?mov_w3_w5                0x0085a1         Code  Gb  vreg_util.o [4]
?mov_w3_w7                0x0085ae         Code  Gb  vreg_util.o [4]
?mov_w5_w1                0x0085bb         Code  Gb  vreg_util.o [4]
?mov_w7_w1                0x0085c8         Code  Gb  vreg_util.o [4]
?mul32_l0_l0_0x           0x0082c0         Code  Gb  long.o [4]
?mul32_l0_l0_dl           0x0082bd         Code  Gb  long.o [4]
?mul32_l0_l0_l1           0x0082c9         Code  Gb  long.o [4]
?pop_l0                   0x008535         Code  Gb  vreg_util.o [4]
?pop_l1                   0x008540         Code  Gb  vreg_util.o [4]
?pop_l2                   0x00854b         Code  Gb  vreg_util.o [4]
?pop_l3                   0x008556         Code  Gb  vreg_util.o [4]
?pop_w4                   0x0084f5         Code  Gb  vreg_util.o [4]
?push_l0                  0x008504         Code  Gb  vreg_util.o [4]
?push_l1                  0x008509         Code  Gb  vreg_util.o [4]
?push_l2                  0x00850e         Code  Gb  vreg_util.o [4]
?push_l3                  0x008513         Code  Gb  vreg_util.o [4]
?push_w4                  0x0084dd         Code  Gb  vreg_util.o [4]
?sll16_x_x_a              0x008cdf         Code  Gb  short.o [4]
?sll32_0x_0x_a            0x0083bf         Code  Gb  long.o [4]
?sll32_l0_l0_a            0x0083bc         Code  Gb  long.o [4]
?srl16_x_x_4              0x008ce7         Code  Gb  short.o [4]
?sub32_l0_l0_0x           0x0082a5         Code  Gb  long.o [4]
?sub32_l0_l0_l1           0x0082a2         Code  Gb  long.o [4]
?udiv32_l0_dl_l1          0x008347         Code  Gb  long.o [4]
?udiv32_l0_l0_dl          0x00834c         Code  Gb  long.o [4]
?udiv32_l0_l0_l1          0x00834f         Code  Gb  long.o [4]
?umod32_l1_l0_l1          0x00834f         Code  Gb  long.o [4]
?w0                       0x000000         Data  Gb  vregs.o [4]
?w1                       0x000002         Data  Gb  vregs.o [4]
?w2                       0x000004         Data  Gb  vregs.o [4]
?w3                       0x000006         Data  Gb  vregs.o [4]
?w4                       0x000008         Data  Gb  vregs.o [4]
?w5                       0x00000a         Data  Gb  vregs.o [4]
?w6                       0x00000c         Data  Gb  vregs.o [4]
?w7                       0x00000e         Data  Gb  vregs.o [4]
ADC1_IRQHandler           0x008d3b    0x1  Code  Gb  stm8s_it.o [1]
AWU_IRQHandler            0x008d2d    0x1  Code  Gb  stm8s_it.o [1]
BSP_Initializes           0x008cbe    0x6  Code  Gb  bsp.o [1]
CLK_Configuration         0x008d0d    0x4  Code  Gb  bsp.o [1]
CLK_GetClockFreq          0x0089ad   0x57  Code  Gb  stm8s_clk.o [1]
CLK_HSIPrescalerConfig    0x008a9c   0x3d  Code  Gb  stm8s_clk.o [1]
CLK_IRQHandler            0x008d2e    0x1  Code  Gb  stm8s_it.o [1]
CSTACK$$Base              0x000300          --   Gb  - Linker created -
CSTACK$$Limit             0x000400          --   Gb  - Linker created -
EEPROM_EEC_IRQHandler     0x008d3d    0x1  Code  Gb  stm8s_it.o [1]
EXTI_PORTA_IRQHandler     0x008d2f    0x1  Code  Gb  stm8s_it.o [1]
EXTI_PORTB_IRQHandler     0x008d30    0x1  Code  Gb  stm8s_it.o [1]
EXTI_PORTC_IRQHandler     0x008d31    0x1  Code  Gb  stm8s_it.o [1]
EXTI_PORTD_IRQHandler     0x008d32    0x1  Code  Gb  stm8s_it.o [1]
EXTI_PORTE_IRQHandler     0x008d33    0x1  Code  Gb  stm8s_it.o [1]
GPIO_Configuration        0x008cb2    0xc  Code  Gb  bsp.o [1]
GPIO_Init                 0x0083cd  0x110  Code  Gb  stm8s_gpio.o [1]
GPIO_WriteHigh            0x008cfd    0x7  Code  Gb  stm8s_gpio.o [1]
GPIO_WriteLow             0x008d11    0x4  Code  Gb  stm8s_gpio.o [1]
HSIDivFactor              0x008d09    0x4  Data  Gb  stm8s_clk.o [1]
I2C_IRQHandler            0x008d3a    0x1  Code  Gb  stm8s_it.o [1]
INTVEC$$Base              0x008000          --   Gb  - Linker created -
INTVEC$$Limit             0x008080          --   Gb  - Linker created -
Region$$Table$$Base     0x00000000          --   Gb  - Linker created -
Region$$Table$$Limit    0x00000000          --   Gb  - Linker created -
SPI_IRQHandler            0x008d34    0x1  Code  Gb  stm8s_it.o [1]
System_Initializes        0x008cec    0x9  Code  Gb  main.o [1]
TIM1_CAP_COM_IRQHandler
                          0x008d36    0x1  Code  Gb  stm8s_it.o [1]
TIM1_UPD_OVF_TRG_BRK_IRQHandler
                          0x008d35    0x1  Code  Gb  stm8s_it.o [1]
TIM2_CAP_COM_IRQHandler
                          0x008d38    0x1  Code  Gb  stm8s_it.o [1]
TIM2_UPD_OVF_BRK_IRQHandler
                          0x008d37    0x1  Code  Gb  stm8s_it.o [1]
TIM4_ClearFlag            0x008bdf   0x24  Code  Gb  stm8s_tim4.o [1]
TIM4_Cmd                  0x008b3c   0x2f  Code  Gb  stm8s_tim4.o [1]
TIM4_GetFlagStatus        0x008ad9   0x32  Code  Gb  stm8s_tim4.o [1]
TIM4_TimeBaseInit         0x008a04   0x51  Code  Gb  stm8s_tim4.o [1]
TIM4_UPD_OVF_IRQHandler
                          0x008d3c    0x1  Code  Gb  stm8s_it.o [1]
TIMDelay_N10us            0x008b0b   0x31  Code  Gb  bsp_timer.o [1]
TIMDelay_Nms              0x008c25   0x1f  Code  Gb  bsp_timer.o [1]
TIMER_Initializes         0x008cc4    0xe  Code  Gb  bsp_timer.o [1]
TLI_IRQHandler            0x008d2c    0x1  Code  Gb  stm8s_it.o [1]
TRAP_IRQHandler           0x008d2b    0x1  Code  Gb  stm8s_it.o [1]
UART1_Cmd                 0x008cd2    0xd  Code  Gb  stm8s_uart1.o [1]
UART1_GetFlagStatus       0x00869f   0x9e  Code  Gb  stm8s_uart1.o [1]
UART1_ITConfig            0x0085cf   0xd0  Code  Gb  stm8s_uart1.o [1]
UART1_Init                0x008080  0x222  Code  Gb  stm8s_uart1.o [1]
UART1_Printf              0x008c44   0x1a  Code  Gb  bsp_uart.o [1]
UART1_RX_IRQHandler       0x008c5e   0x19  Code  Gb  stm8s_it.o [1]
UART1_ReceiveData8        0x008d15    0x4  Code  Gb  stm8s_uart1.o [1]
UART1_SendByte            0x008c03   0x22  Code  Gb  bsp_uart.o [1]
UART1_SendData8           0x008d19    0x4  Code  Gb  stm8s_uart1.o [1]
UART1_TX_IRQHandler       0x008d39    0x1  Code  Gb  stm8s_it.o [1]
UART_Initializes          0x008b6b   0x28  Code  Gb  bsp_uart.o [1]
__DebugBreak              0x008d3e    0x1  Code  Gb  __dbg_break.o [3]
__exit                    0x008c8b   0x14  Code  Gb  __dbg_xxexit.o [3]
__iar_data_init2          0x008c77   0x14  Code  Gb  init.o [4]
__iar_program_start       0x008c9f         Code  Gb  cstartup.o [4]
__iar_unhandled_exception
                          0x008d26         Code  Gb  unhandled_exception.o [4]
__intvec                  0x008000         Data  Gb  interrupt.o [4]
__low_level_init          0x008d20    0x3  Code  Gb  low_level_init.o [4]
_exit                     0x008d04         Code  Gb  cexit.o [4]
_interrupt_1              0x008d2b         Code  Gb  stm8s_it.o [1]
_interrupt_12             0x008d34         Code  Gb  stm8s_it.o [1]
_interrupt_13             0x008d35         Code  Gb  stm8s_it.o [1]
_interrupt_14             0x008d36         Code  Gb  stm8s_it.o [1]
_interrupt_15             0x008d37         Code  Gb  stm8s_it.o [1]
_interrupt_16             0x008d38         Code  Gb  stm8s_it.o [1]
_interrupt_19             0x008d39         Code  Gb  stm8s_it.o [1]
_interrupt_2              0x008d2c         Code  Gb  stm8s_it.o [1]
_interrupt_20             0x008c5e         Code  Gb  stm8s_it.o [1]
_interrupt_21             0x008d3a         Code  Gb  stm8s_it.o [1]
_interrupt_24             0x008d3b         Code  Gb  stm8s_it.o [1]
_interrupt_25             0x008d3c         Code  Gb  stm8s_it.o [1]
_interrupt_26             0x008d3d         Code  Gb  stm8s_it.o [1]
_interrupt_3              0x008d2d         Code  Gb  stm8s_it.o [1]
_interrupt_4              0x008d2e         Code  Gb  stm8s_it.o [1]
_interrupt_5              0x008d2f         Code  Gb  stm8s_it.o [1]
_interrupt_6              0x008d30         Code  Gb  stm8s_it.o [1]
_interrupt_7              0x008d31         Code  Gb  stm8s_it.o [1]
_interrupt_8              0x008d32         Code  Gb  stm8s_it.o [1]
_interrupt_9              0x008d33         Code  Gb  stm8s_it.o [1]
assert_failed             0x008d29    0x2  Code  Gb  main.o [1]
exit                      0x008d23    0x3  Code  Gb  exit.o [4]
main                      0x008b93   0x27  Code  Gb  main.o [1]


[1] = C:\Users\linzijun\Desktop\STM8S\STM8S例程\STM8S例程\STM8S-A04_UART基本收发数据\STM8S-A04_UART基本收发数据\Debug\Obj
[2] = command line
[3] = dbgstm8smd.a
[4] = dlstm8smn.a

  2 627 bytes of readonly  code memory
    764 bytes of readonly  data memory
    272 bytes of readwrite data memory

Errors: none
Warnings: none
