###############################################################################
#
# IAR ELF Linker V3.10.1.201 for STM8                     31/Jul/2019  10:18:37
# Copyright 2010-2017 IAR Systems AB.
#
#    Output file  =  
#        C:\Users\Administrator\Desktop\公司人员\林滋钧\STM8S\I2C\I2C_M\Debug\Exe\i2c_m.out
#    Map file     =  
#        C:\Users\Administrator\Desktop\公司人员\林滋钧\STM8S\I2C\I2C_M\Debug\List\i2c_m.map
#    Command line =  
#        -f C:\Users\ADMINI~1\AppData\Local\Temp\EW5F51.tmp
#        (C:\Users\Administrator\Desktop\公司人员\林滋钧\STM8S\I2C\I2C_M\Debug\Obj\main.o
#        C:\Users\Administrator\Desktop\公司人员\林滋钧\STM8S\I2C\I2C_M\Debug\Obj\stm8s_clk.o
#        C:\Users\Administrator\Desktop\公司人员\林滋钧\STM8S\I2C\I2C_M\Debug\Obj\stm8s_i2c.o
#        C:\Users\Administrator\Desktop\公司人员\林滋钧\STM8S\I2C\I2C_M\Debug\Obj\stm8s_it.o
#        --redirect _Printf=_PrintfFullNoMb --redirect _Scanf=_ScanfFullNoMb -o
#        C:\Users\Administrator\Desktop\公司人员\林滋钧\STM8S\I2C\I2C_M\Debug\Exe\i2c_m.out
#        --map
#        C:\Users\Administrator\Desktop\公司人员\林滋钧\STM8S\I2C\I2C_M\Debug\List\i2c_m.map
#        --config "D:\Program Files (x86)\IAR Systems\Embedded Workbench
#        8.0\stm8\config\lnkstm8.icf" --config_def _CSTACK_SIZE=0x100
#        --config_def _HEAP_SIZE=0x100 --entry __iar_program_start --debug_lib)
#
###############################################################################

*******************************************************************************
*** RUNTIME MODEL ATTRIBUTES
***

__SystemLibrary            = DLib
__code_model               = small
__core                     = stm8
__data_model               = medium
__dlib_file_descriptor     = 0
__dlib_full_locale_support = 0
__rt_version               = 4


*******************************************************************************
*** PLACEMENT SUMMARY
***

"A0":  place at start of [0x000000-0x0000ff] { rw section .vregs };
"A1":  place at end of [0x000000-0x0017ff] { block CSTACK };
"P2":  place in [from 0x000000 to 0x0017ff] {
          block HEAP, rw section .far.bss, rw section .far.data,
          rw section .far.noinit, rw section .far_func.textrw,
          rw section .huge.bss, rw section .huge.data, rw section .huge.noinit,
          rw section .huge_func.textrw, rw section .iar.dynexit,
          rw section .near.bss, rw section .near.data, rw section .near.noinit,
          rw section .near_func.textrw };
"A2":  place at start of [0x008000-0x00ffff] { block INTVEC };
"P3":  place in [from 0x008000 to 0x00ffff] {
          ro section .far.data_init, ro section .far_func.textrw_init,
          ro section .huge.data_init, ro section .huge_func.textrw_init,
          ro section .iar.init_table, ro section .init_array,
          ro section .near.data_init, ro section .near.rodata,
          ro section .near_func.text, ro section .near_func.textrw_init,
          ro section .tiny.data_init, ro section .tiny.rodata_init };
do not initialize {
   rw section .far.noinit, rw section .huge.noinit, rw section .near.noinit,
   rw section .tiny.noinit, rw section .vregs };
initialize by copy {
   rw section .far.bss, rw section .far.data, rw section .far_func.textrw,
   rw section .huge.bss, rw section .huge.data, rw section .huge_func.textrw,
   rw section .iar.dynexit, rw section .near.bss, rw section .near.data,
   rw section .near_func.textrw, rw section .tiny.bss, rw section .tiny.data,
   ro section .tiny.rodata };

  Section            Kind      Address   Size  Object
  -------            ----      -------   ----  ------
"A0":                                    0x10
  .vregs             uninit   0x000000   0x10  vregs.o [4]
                            - 0x000010   0x10

"P2":                                    0x1a
  P2-1                        0x000010   0x1a  <Init block>
    .near.data       inited   0x000010    0x1  main.o [1]
    .near.data       inited   0x000011    0x1  main.o [1]
    .near.bss        inited   0x000012    0x1  main.o [1]
    .near.bss        inited   0x000013    0x1  main.o [1]
    .near.bss        inited   0x000014    0x1  main.o [1]
    .near.bss        inited   0x000015    0xa  main.o [1]
    .near.bss        inited   0x00001f    0x1  main.o [1]
    .near.bss        inited   0x000020    0xa  stm8s_it.o [1]
                            - 0x00002a   0x1a

"A1":                                   0x100
  CSTACK                      0x001700  0x100  <Block>
    CSTACK           uninit   0x001700  0x100  <Block tail>
                            - 0x001800  0x100

"A2":                                    0x80
  INTVEC                      0x008000   0x80  <Block>
    .intvec          const    0x008000   0x80  interrupt.o [4]
                            - 0x008080   0x80

"P3":                                   0xb90
  .near_func.text    ro code  0x008080  0x1d8  stm8s_i2c.o [1]
  .near_func.text    ro code  0x008258  0x15b  main.o [1]
  .near_func.text    ro code  0x0083b3  0x121  long.o [4]
  .near_func.text    ro code  0x0084d4   0xd1  stm8s_i2c.o [1]
  .near_func.text    ro code  0x0085a5   0xc3  stm8s_i2c.o [1]
  .near_func.text    ro code  0x008668   0xbe  vreg_util.o [4]
  .near_func.text    ro code  0x008726   0x9d  stm8s_it.o [1]
  .near.rodata       const    0x0087c3   0x7a  stm8s_clk.o [1]
  .near.rodata       const    0x00883d   0x7a  stm8s_i2c.o [1]
  .near_func.text    ro code  0x0088b7   0x74  stm8s_i2c.o [1]
  .near_func.text    ro code  0x00892b   0x46  stm8s_i2c.o [1]
  .near_func.text    ro code  0x008971   0x45  stm8s_i2c.o [1]
  .near_func.text    ro code  0x0089b6   0x3f  short.o [4]
  .near_func.text    ro code  0x0089f5   0x3d  stm8s_clk.o [1]
  .near_func.text    ro code  0x008a32   0x3b  long_util.o [4]
  .near_func.text    ro code  0x008a6d   0x32  stm8s_i2c.o [1]
  .near_func.text    ro code  0x008a9f   0x2f  stm8s_i2c.o [1]
  .near_func.text    ro code  0x008ace   0x2f  stm8s_i2c.o [1]
  .near_func.text    ro code  0x008afd   0x2d  main.o [1]
  .near_func.text    ro code  0x008b2a   0x28  init_small.o [4]
  .near_func.text    ro code  0x008b52   0x25  main.o [1]
  .iar.init_table    const    0x008b77    0xa  - Linker created -
  Initializer bytes  const    0x008b81   0x1a  <for P2-1>
  .near_func.text    ro code  0x008b9b   0x14  init.o [4]
  .near_func.text    ro code  0x008baf   0x14  __dbg_xxexit.o [3]
  .near_func.text    ro code  0x008bc3   0x13  cstartup.o [4]
  .near_func.text    ro code  0x008bd6    0xb  dc_util.o [4]
  .near_func.text    ro code  0x008be1    0x5  cexit.o [4]
  .near_func.text    ro code  0x008be6    0x4  stm8s_i2c.o [1]
  .near_func.text    ro code  0x008bea    0x4  stm8s_i2c.o [1]
  .near_func.text    ro code  0x008bee    0x3  interrupt.o [4]
  .near_func.text    ro code  0x008bf1    0x3  low_level_init.o [4]
  .near_func.text    ro code  0x008bf4    0x3  exit.o [4]
  .near_func.text    ro code  0x008bf7    0x3  unhandled_exception.o [4]
  .near_func.text    ro code  0x008bfa    0x2  main.o [1]
  .near_func.text    ro code  0x008bfc    0x1  stm8s_it.o [1]
  .near_func.text    ro code  0x008bfd    0x1  stm8s_it.o [1]
  .near_func.text    ro code  0x008bfe    0x1  stm8s_it.o [1]
  .near_func.text    ro code  0x008bff    0x1  stm8s_it.o [1]
  .near_func.text    ro code  0x008c00    0x1  stm8s_it.o [1]
  .near_func.text    ro code  0x008c01    0x1  stm8s_it.o [1]
  .near_func.text    ro code  0x008c02    0x1  stm8s_it.o [1]
  .near_func.text    ro code  0x008c03    0x1  stm8s_it.o [1]
  .near_func.text    ro code  0x008c04    0x1  stm8s_it.o [1]
  .near_func.text    ro code  0x008c05    0x1  stm8s_it.o [1]
  .near_func.text    ro code  0x008c06    0x1  stm8s_it.o [1]
  .near_func.text    ro code  0x008c07    0x1  stm8s_it.o [1]
  .near_func.text    ro code  0x008c08    0x1  stm8s_it.o [1]
  .near_func.text    ro code  0x008c09    0x1  stm8s_it.o [1]
  .near_func.text    ro code  0x008c0a    0x1  stm8s_it.o [1]
  .near_func.text    ro code  0x008c0b    0x1  stm8s_it.o [1]
  .near_func.text    ro code  0x008c0c    0x1  stm8s_it.o [1]
  .near_func.text    ro code  0x008c0d    0x1  stm8s_it.o [1]
  .near_func.text    ro code  0x008c0e    0x1  stm8s_it.o [1]
  .near_func.text    ro code  0x008c0f    0x1  __dbg_break.o [3]
                            - 0x008c10  0xb90


*******************************************************************************
*** INIT TABLE
***

          Address   Size
          -------   ----
Copy (__iar_copy_init2)
    1 source range, total size 0x1a:
          0x008b81  0x1a
    1 destination range, total size 0x1a:
          0x000010  0x1a



*******************************************************************************
*** MODULE SUMMARY
***

    Module                 ro code  ro data  rw data
    ------                 -------  -------  -------
C:\Users\Administrator\Desktop\公司人员\林滋钧\STM8S\I2C\I2C_M\Debug\Obj: [1]
    main.o                     431       16       16
    stm8s_clk.o                 61      122
    stm8s_i2c.o              1 283      122
    stm8s_it.o                 176       10       10
    ------------------------------------------------
    Total:                   1 951      270       26

command line: [2]
    ------------------------------------------------
    Total:

dbgstm8smd.a: [3]
    __dbg_break.o                1
    __dbg_xxexit.o              20
    ------------------------------------------------
    Total:                      21

dlstm8smn.a: [4]
    cexit.o                      5
    cstartup.o                  19
    dc_util.o                   11
    exit.o                       3
    init.o                      20
    init_small.o                40
    interrupt.o                  3      128
    long.o                     289
    long_util.o                 59
    low_level_init.o             3
    short.o                     63
    unhandled_exception.o        3
    vreg_util.o                190
    vregs.o                                       16
    ------------------------------------------------
    Total:                     708      128       16

    Linker created                       10      256
----------------------------------------------------
    Grand Total:             2 680      408      298


*******************************************************************************
*** ENTRY LIST
***

Entry                    Address   Size  Type      Object
-----                    -------   ----  ----      ------
.iar.init_table$$Base   0x008b77          --   Gb  - Linker created -
.iar.init_table$$Limit  0x008b81          --   Gb  - Linker created -
?b0                     0x000000         Data  Gb  vregs.o [4]
?b1                     0x000001         Data  Gb  vregs.o [4]
?b10                    0x00000a         Data  Gb  vregs.o [4]
?b11                    0x00000b         Data  Gb  vregs.o [4]
?b12                    0x00000c         Data  Gb  vregs.o [4]
?b13                    0x00000d         Data  Gb  vregs.o [4]
?b14                    0x00000e         Data  Gb  vregs.o [4]
?b15                    0x00000f         Data  Gb  vregs.o [4]
?b2                     0x000002         Data  Gb  vregs.o [4]
?b3                     0x000003         Data  Gb  vregs.o [4]
?b4                     0x000004         Data  Gb  vregs.o [4]
?b5                     0x000005         Data  Gb  vregs.o [4]
?b6                     0x000006         Data  Gb  vregs.o [4]
?b7                     0x000007         Data  Gb  vregs.o [4]
?b8                     0x000008         Data  Gb  vregs.o [4]
?b9                     0x000009         Data  Gb  vregs.o [4]
?dc32_px                0x008bd6         Code  Gb  dc_util.o [4]
?dec32_0x_0x            0x0083b8         Code  Gb  long.o [4]
?dec32_l0_l0            0x0083b3         Code  Gb  long.o [4]
?e0                     0x000001         Data  Gb  vregs.o [4]
?e1                     0x000005         Data  Gb  vregs.o [4]
?e2                     0x000009         Data  Gb  vregs.o [4]
?e3                     0x00000d         Data  Gb  vregs.o [4]
?epilogue_l2            0x0086f7         Code  Gb  vreg_util.o [4]
?epilogue_l2_l3         0x0086f4         Code  Gb  vreg_util.o [4]
?epilogue_w4            0x0086fb         Code  Gb  vreg_util.o [4]
?l0                     0x000000         Data  Gb  vregs.o [4]
?l1                     0x000004         Data  Gb  vregs.o [4]
?l2                     0x000008         Data  Gb  vregs.o [4]
?l3                     0x00000c         Data  Gb  vregs.o [4]
?load32_0x_l0           0x008a5f         Code  Gb  long_util.o [4]
?load32_asp_l0          0x008a53         Code  Gb  long_util.o [4]
?load32_dbsp_l0         0x008a4e         Code  Gb  long_util.o [4]
?load32_l0_0x           0x008a42         Code  Gb  long_util.o [4]
?load32_l0_asp          0x008a37         Code  Gb  long_util.o [4]
?load32_l0_dbsp         0x008a32         Code  Gb  long_util.o [4]
?load32_l0_xsp          0x008a39         Code  Gb  long_util.o [4]
?load32_xsp_l0          0x008a55         Code  Gb  long_util.o [4]
?mov_e0_e2              0x008702         Code  Gb  vreg_util.o [4]
?mov_e1_e2              0x00870f         Code  Gb  vreg_util.o [4]
?mov_e2_e0              0x00871c         Code  Gb  vreg_util.o [4]
?mov_l0_l2              0x0086ff         Code  Gb  vreg_util.o [4]
?mov_l1_l2              0x00870c         Code  Gb  vreg_util.o [4]
?mov_l2_l0              0x008719         Code  Gb  vreg_util.o [4]
?mov_w1_w5              0x008705         Code  Gb  vreg_util.o [4]
?mov_w3_w5              0x008712         Code  Gb  vreg_util.o [4]
?mov_w5_w1              0x00871f         Code  Gb  vreg_util.o [4]
?mul16_x_x_w0           0x0089b6         Code  Gb  short.o [4]
?mul32_l0_l0_0x         0x0083cf         Code  Gb  long.o [4]
?mul32_l0_l0_dl         0x0083cc         Code  Gb  long.o [4]
?mul32_l0_l0_l1         0x0083d8         Code  Gb  long.o [4]
?pop_l0                 0x0086c0         Code  Gb  vreg_util.o [4]
?pop_l1                 0x0086cb         Code  Gb  vreg_util.o [4]
?pop_l2                 0x0086d6         Code  Gb  vreg_util.o [4]
?pop_l3                 0x0086e1         Code  Gb  vreg_util.o [4]
?pop_w4                 0x008680         Code  Gb  vreg_util.o [4]
?push_l0                0x00868f         Code  Gb  vreg_util.o [4]
?push_l1                0x008694         Code  Gb  vreg_util.o [4]
?push_l2                0x008699         Code  Gb  vreg_util.o [4]
?push_l3                0x00869e         Code  Gb  vreg_util.o [4]
?push_w4                0x008668         Code  Gb  vreg_util.o [4]
?sdiv16_x_x_y           0x0089d4         Code  Gb  short.o [4]
?sll32_0x_0x_a          0x0084c6         Code  Gb  long.o [4]
?sll32_l0_l0_a          0x0084c3         Code  Gb  long.o [4]
?srl16_x_x_4            0x0089f0         Code  Gb  short.o [4]
?srl16_x_x_5            0x0089ef         Code  Gb  short.o [4]
?srl16_x_x_6            0x0089ee         Code  Gb  short.o [4]
?srl16_x_x_7            0x0089ed         Code  Gb  short.o [4]
?udiv32_l0_l0_l1        0x008456         Code  Gb  long.o [4]
?umod32_l1_l0_l1        0x008456         Code  Gb  long.o [4]
?w0                     0x000000         Data  Gb  vregs.o [4]
?w1                     0x000002         Data  Gb  vregs.o [4]
?w2                     0x000004         Data  Gb  vregs.o [4]
?w3                     0x000006         Data  Gb  vregs.o [4]
?w4                     0x000008         Data  Gb  vregs.o [4]
?w5                     0x00000a         Data  Gb  vregs.o [4]
?w6                     0x00000c         Data  Gb  vregs.o [4]
?w7                     0x00000e         Data  Gb  vregs.o [4]
ADC1_IRQHandler         0x008c0c    0x1  Code  Gb  stm8s_it.o [1]
AWU_IRQHandler          0x008bfe    0x1  Code  Gb  stm8s_it.o [1]
Buffercmp               0x008afd   0x2d  Code  Gb  main.o [1]
CLK_HSIPrescalerConfig  0x0089f5   0x3d  Code  Gb  stm8s_clk.o [1]
CLK_IRQHandler          0x008bff    0x1  Code  Gb  stm8s_it.o [1]
CSTACK$$Base            0x001700          --   Gb  - Linker created -
CSTACK$$Limit           0x001800          --   Gb  - Linker created -
Delay                   0x008b52   0x25  Code  Gb  main.o [1]
EEPROM_EEC_IRQHandler   0x008c0e    0x1  Code  Gb  stm8s_it.o [1]
EXTI_PORTA_IRQHandler   0x008c00    0x1  Code  Gb  stm8s_it.o [1]
EXTI_PORTB_IRQHandler   0x008c01    0x1  Code  Gb  stm8s_it.o [1]
EXTI_PORTC_IRQHandler   0x008c02    0x1  Code  Gb  stm8s_it.o [1]
EXTI_PORTD_IRQHandler   0x008c03    0x1  Code  Gb  stm8s_it.o [1]
EXTI_PORTE_IRQHandler   0x008c04    0x1  Code  Gb  stm8s_it.o [1]
I2C_AcknowledgeConfig   0x008971   0x45  Code  Gb  stm8s_i2c.o [1]
I2C_CheckEvent          0x0084d4   0xd1  Code  Gb  stm8s_i2c.o [1]
I2C_GenerateSTART       0x008a9f   0x2f  Code  Gb  stm8s_i2c.o [1]
I2C_GenerateSTOP        0x008ace   0x2f  Code  Gb  stm8s_i2c.o [1]
I2C_GetFlagStatus       0x0085a5   0xc3  Code  Gb  stm8s_i2c.o [1]
I2C_GetLastEvent        0x008a6d   0x32  Code  Gb  stm8s_i2c.o [1]
I2C_IRQHandler          0x008726   0x9d  Code  Gb  stm8s_it.o [1]
I2C_ITConfig            0x0088b7   0x74  Code  Gb  stm8s_i2c.o [1]
I2C_Init                0x008080  0x1d8  Code  Gb  stm8s_i2c.o [1]
I2C_ReceiveData         0x008be6    0x4  Code  Gb  stm8s_i2c.o [1]
I2C_Send7bitAddress     0x00892b   0x46  Code  Gb  stm8s_i2c.o [1]
I2C_SendData            0x008bea    0x4  Code  Gb  stm8s_i2c.o [1]
INTVEC$$Base            0x008000          --   Gb  - Linker created -
INTVEC$$Limit           0x008080          --   Gb  - Linker created -
NumByteToRead           0x000010    0x1  Data  Gb  main.o [1]
NumOfBytes              0x000011    0x1  Data  Gb  main.o [1]
Region$$Table$$Base     0x008b77          --   Gb  - Linker created -
Region$$Table$$Limit    0x008b81          --   Gb  - Linker created -
RxBuffer                0x000015    0xa  Data  Gb  main.o [1]
Rx_Idx                  0x000012    0x1  Data  Gb  main.o [1]
SPI_IRQHandler          0x008c05    0x1  Code  Gb  stm8s_it.o [1]
TIM1_CAP_COM_IRQHandler
                        0x008c07    0x1  Code  Gb  stm8s_it.o [1]
TIM1_UPD_OVF_TRG_BRK_IRQHandler
                        0x008c06    0x1  Code  Gb  stm8s_it.o [1]
TIM2_CAP_COM_IRQHandler
                        0x008c09    0x1  Code  Gb  stm8s_it.o [1]
TIM2_UPD_OVF_BRK_IRQHandler
                        0x008c08    0x1  Code  Gb  stm8s_it.o [1]
TIM4_UPD_OVF_IRQHandler
                        0x008c0d    0x1  Code  Gb  stm8s_it.o [1]
TLI_IRQHandler          0x008bfd    0x1  Code  Gb  stm8s_it.o [1]
TRAP_IRQHandler         0x008bfc    0x1  Code  Gb  stm8s_it.o [1]
TransferStatus1         0x00001f    0x1  Data  Gb  main.o [1]
TxBuffer                0x000020    0xa  Data  Gb  stm8s_it.o [1]
Tx_Idx                  0x000013    0x1  Data  Gb  main.o [1]
UART1_RX_IRQHandler     0x008c0b    0x1  Code  Gb  stm8s_it.o [1]
UART1_TX_IRQHandler     0x008c0a    0x1  Code  Gb  stm8s_it.o [1]
__DebugBreak            0x008c0f    0x1  Code  Gb  __dbg_break.o [3]
__exit                  0x008baf   0x14  Code  Gb  __dbg_xxexit.o [3]
__iar_copy_init2        0x008b2a         Code  Gb  init_small.o [4]
__iar_data_init2        0x008b9b   0x14  Code  Gb  init.o [4]
__iar_program_start     0x008bc3         Code  Gb  cstartup.o [4]
__iar_unhandled_exception
                        0x008bf7         Code  Gb  unhandled_exception.o [4]
__intvec                0x008000         Data  Gb  interrupt.o [4]
__low_level_init        0x008bf1    0x3  Code  Gb  low_level_init.o [4]
_exit                   0x008be1         Code  Gb  cexit.o [4]
_interrupt_1            0x008bfc         Code  Gb  stm8s_it.o [1]
_interrupt_12           0x008c05         Code  Gb  stm8s_it.o [1]
_interrupt_13           0x008c06         Code  Gb  stm8s_it.o [1]
_interrupt_14           0x008c07         Code  Gb  stm8s_it.o [1]
_interrupt_15           0x008c08         Code  Gb  stm8s_it.o [1]
_interrupt_16           0x008c09         Code  Gb  stm8s_it.o [1]
_interrupt_19           0x008c0a         Code  Gb  stm8s_it.o [1]
_interrupt_2            0x008bfd         Code  Gb  stm8s_it.o [1]
_interrupt_20           0x008c0b         Code  Gb  stm8s_it.o [1]
_interrupt_21           0x008726         Code  Gb  stm8s_it.o [1]
_interrupt_24           0x008c0c         Code  Gb  stm8s_it.o [1]
_interrupt_25           0x008c0d         Code  Gb  stm8s_it.o [1]
_interrupt_26           0x008c0e         Code  Gb  stm8s_it.o [1]
_interrupt_3            0x008bfe         Code  Gb  stm8s_it.o [1]
_interrupt_4            0x008bff         Code  Gb  stm8s_it.o [1]
_interrupt_5            0x008c00         Code  Gb  stm8s_it.o [1]
_interrupt_6            0x008c01         Code  Gb  stm8s_it.o [1]
_interrupt_7            0x008c02         Code  Gb  stm8s_it.o [1]
_interrupt_8            0x008c03         Code  Gb  stm8s_it.o [1]
_interrupt_9            0x008c04         Code  Gb  stm8s_it.o [1]
assert_failed           0x008bfa    0x2  Code  Gb  main.o [1]
exit                    0x008bf4    0x3  Code  Gb  exit.o [4]
i                       0x000014    0x1  Data  Gb  main.o [1]
main                    0x008258  0x15b  Code  Gb  main.o [1]


[1] = C:\Users\Administrator\Desktop\公司人员\林滋钧\STM8S\I2C\I2C_M\Debug\Obj
[2] = command line
[3] = dbgstm8smd.a
[4] = dlstm8smn.a

  2 680 bytes of readonly  code memory
    408 bytes of readonly  data memory
    298 bytes of readwrite data memory

Errors: none
Warnings: none
