###############################################################################
#
# IAR ELF Linker V3.10.1.201 for STM8                     31/Jul/2019  11:40:56
# Copyright 2010-2017 IAR Systems AB.
#
#    Output file  =  
#        C:\Users\Administrator\Desktop\STM8S\I2C\I2C_M\Debug\Exe\i2c_m.out
#    Map file     =  
#        C:\Users\Administrator\Desktop\STM8S\I2C\I2C_M\Debug\List\i2c_m.map
#    Command line =  
#        -f C:\Users\ADMINI~1\AppData\Local\Temp\EWB9FE.tmp
#        (C:\Users\Administrator\Desktop\STM8S\I2C\I2C_M\Debug\Obj\main.o
#        C:\Users\Administrator\Desktop\STM8S\I2C\I2C_M\Debug\Obj\stm8s_clk.o
#        C:\Users\Administrator\Desktop\STM8S\I2C\I2C_M\Debug\Obj\stm8s_i2c.o
#        C:\Users\Administrator\Desktop\STM8S\I2C\I2C_M\Debug\Obj\stm8s_it.o
#        C:\Users\Administrator\Desktop\STM8S\I2C\I2C_M\Debug\Obj\stm8s_uart1.o
#        --redirect _Printf=_PrintfFullNoMb --redirect _Scanf=_ScanfFullNoMb -o
#        C:\Users\Administrator\Desktop\STM8S\I2C\I2C_M\Debug\Exe\i2c_m.out
#        --map
#        C:\Users\Administrator\Desktop\STM8S\I2C\I2C_M\Debug\List\i2c_m.map
#        --config "D:\Program Files (x86)\IAR Systems\Embedded Workbench
#        8.0\stm8\config\lnkstm8s003f3.icf" --config_def _CSTACK_SIZE=0x100
#        --config_def _HEAP_SIZE=0x100 --entry __iar_program_start --debug_lib)
#
###############################################################################

*******************************************************************************
*** RUNTIME MODEL ATTRIBUTES
***

__SystemLibrary            = DLib
__code_model               = small
__core                     = stm8
__data_model               = medium
__dlib_file_descriptor     = 0
__dlib_full_locale_support = 0
__rt_version               = 4


*******************************************************************************
*** PLACEMENT SUMMARY
***

"A0":  place at start of [0x000000-0x0000ff] { rw section .vregs };
"A1":  place at end of [0x000000-0x0003ff] { block CSTACK };
"P2":  place in [from 0x000000 to 0x0003ff] {
          block HEAP, rw section __DLIB_PERTHREAD, rw section .far.bss,
          rw section .far.data, rw section .far.noinit,
          rw section .far_func.textrw, rw section .huge.bss,
          rw section .huge.data, rw section .huge.noinit,
          rw section .huge_func.textrw, rw section .iar.dynexit,
          rw section .near.bss, rw section .near.data, rw section .near.noinit,
          rw section .near_func.textrw };
"A2":  place at start of [0x008000-0x009fff] { block INTVEC };
"P3":  place in [from 0x008000 to 0x009fff] {
          ro section __DLIB_PERTHREAD_init, ro section .far.data_init,
          ro section .far_func.textrw_init, ro section .huge.data_init,
          ro section .huge_func.textrw_init, ro section .iar.init_table,
          ro section .init_array, ro section .near.data_init,
          ro section .near.rodata, ro section .near_func.text,
          ro section .near_func.textrw_init, ro section .tiny.data_init,
          ro section .tiny.rodata_init };
"P4":  place in [from 0x008000 to 0x009fff] {
          ro section .far.rodata, ro section .far_func.text };
"P5":  place in [from 0x008000 to 0x009fff] {
          ro section .huge.rodata, ro section .huge_func.text };
do not initialize {
   rw section .eeprom.noinit, rw section .far.noinit, rw section .huge.noinit,
   rw section .near.noinit, rw section .tiny.noinit, rw section .vregs };
initialize by copy {
   rw section .far.bss, rw section .far.data, rw section .far_func.textrw,
   rw section .huge.bss, rw section .huge.data, rw section .huge_func.textrw,
   rw section .iar.dynexit, rw section .near.bss, rw section .near.data,
   rw section .near_func.textrw, rw section .tiny.bss, rw section .tiny.data,
   ro section .tiny.rodata };

  Section            Kind      Address   Size  Object
  -------            ----      -------   ----  ------
"A0":                                    0x10
  .vregs             uninit   0x000000   0x10  vregs.o [4]
                            - 0x000010   0x10

"P2":                                    0x1a
  P2-1                        0x000010   0x1a  <Init block>
    .near.data       inited   0x000010    0x1  main.o [1]
    .near.data       inited   0x000011    0x1  main.o [1]
    .near.bss        inited   0x000012    0x1  main.o [1]
    .near.bss        inited   0x000013    0x1  main.o [1]
    .near.bss        inited   0x000014    0x1  main.o [1]
    .near.bss        inited   0x000015    0xa  main.o [1]
    .near.bss        inited   0x00001f    0x1  main.o [1]
    .near.bss        inited   0x000020    0xa  stm8s_it.o [1]
                            - 0x00002a   0x1a

"A1":                                   0x100
  CSTACK                      0x000300  0x100  <Block>
    CSTACK           uninit   0x000300  0x100  <Block tail>
                            - 0x000400  0x100

"A2":                                    0x80
  INTVEC                      0x008000   0x80  <Block>
    .intvec          const    0x008000   0x80  interrupt.o [4]
                            - 0x008080   0x80

"P3-P5":                                0xf2d
  .near_func.text    ro code  0x008080  0x222  stm8s_uart1.o [1]
  .near_func.text    ro code  0x0082a2  0x1d8  stm8s_i2c.o [1]
  .near_func.text    ro code  0x00847a  0x181  main.o [1]
  .near_func.text    ro code  0x0085fb  0x144  long.o [4]
  .near_func.text    ro code  0x00873f   0xf2  vreg_util.o [4]
  .near_func.text    ro code  0x008831   0xd1  stm8s_i2c.o [1]
  .near_func.text    ro code  0x008902   0xc3  stm8s_i2c.o [1]
  .near_func.text    ro code  0x0089c5   0x9d  stm8s_it.o [1]
  .near_func.text    ro code  0x008a62   0x74  stm8s_i2c.o [1]
  .near.rodata       const    0x008ad6   0x6c  stm8s_uart1.o [1]
  .near.rodata       const    0x008b42   0x6a  stm8s_clk.o [1]
  .near.rodata       const    0x008bac   0x6a  stm8s_i2c.o [1]
  .near_func.text    ro code  0x008c16   0x57  stm8s_clk.o [1]
  .near_func.text    ro code  0x008c6d   0x47  long_util.o [4]
  .near_func.text    ro code  0x008cb4   0x46  stm8s_i2c.o [1]
  .near_func.text    ro code  0x008cfa   0x45  stm8s_i2c.o [1]
  .near_func.text    ro code  0x008d3f   0x3f  short.o [4]
  .near_func.text    ro code  0x008d7e   0x3d  stm8s_clk.o [1]
  .near_func.text    ro code  0x008dbb   0x32  stm8s_i2c.o [1]
  .near_func.text    ro code  0x008ded   0x2f  stm8s_i2c.o [1]
  .near_func.text    ro code  0x008e1c   0x2f  stm8s_i2c.o [1]
  .near_func.text    ro code  0x008e4b   0x2d  main.o [1]
  .near_func.text    ro code  0x008e78   0x2d  stm8s_uart1.o [1]
  .near_func.text    ro code  0x008ea5   0x28  init_small.o [4]
  .near_func.text    ro code  0x008ecd   0x25  main.o [1]
  .near_func.text    ro code  0x008ef2   0x25  dc_util.o [4]
  .iar.init_table    const    0x008f17    0xa  - Linker created -
  Initializer bytes  const    0x008f21   0x1a  <for P2-1>
  .near_func.text    ro code  0x008f3b   0x14  init.o [4]
  .near_func.text    ro code  0x008f4f   0x14  __dbg_xxexit.o [3]
  .near_func.text    ro code  0x008f63   0x13  cstartup.o [4]
  .near_func.text    ro code  0x008f76    0x5  cexit.o [4]
  .near.rodata       const    0x008f7b    0x4  stm8s_clk.o [1]
  .near_func.text    ro code  0x008f7f    0x4  stm8s_i2c.o [1]
  .near_func.text    ro code  0x008f83    0x4  stm8s_i2c.o [1]
  .near_func.text    ro code  0x008f87    0x4  stm8s_uart1.o [1]
  .near_func.text    ro code  0x008f8b    0x3  interrupt.o [4]
  .near_func.text    ro code  0x008f8e    0x3  low_level_init.o [4]
  .near_func.text    ro code  0x008f91    0x3  exit.o [4]
  .near_func.text    ro code  0x008f94    0x3  unhandled_exception.o [4]
  .near_func.text    ro code  0x008f97    0x2  main.o [1]
  .near_func.text    ro code  0x008f99    0x1  stm8s_it.o [1]
  .near_func.text    ro code  0x008f9a    0x1  stm8s_it.o [1]
  .near_func.text    ro code  0x008f9b    0x1  stm8s_it.o [1]
  .near_func.text    ro code  0x008f9c    0x1  stm8s_it.o [1]
  .near_func.text    ro code  0x008f9d    0x1  stm8s_it.o [1]
  .near_func.text    ro code  0x008f9e    0x1  stm8s_it.o [1]
  .near_func.text    ro code  0x008f9f    0x1  stm8s_it.o [1]
  .near_func.text    ro code  0x008fa0    0x1  stm8s_it.o [1]
  .near_func.text    ro code  0x008fa1    0x1  stm8s_it.o [1]
  .near_func.text    ro code  0x008fa2    0x1  stm8s_it.o [1]
  .near_func.text    ro code  0x008fa3    0x1  stm8s_it.o [1]
  .near_func.text    ro code  0x008fa4    0x1  stm8s_it.o [1]
  .near_func.text    ro code  0x008fa5    0x1  stm8s_it.o [1]
  .near_func.text    ro code  0x008fa6    0x1  stm8s_it.o [1]
  .near_func.text    ro code  0x008fa7    0x1  stm8s_it.o [1]
  .near_func.text    ro code  0x008fa8    0x1  stm8s_it.o [1]
  .near_func.text    ro code  0x008fa9    0x1  stm8s_it.o [1]
  .near_func.text    ro code  0x008faa    0x1  stm8s_it.o [1]
  .near_func.text    ro code  0x008fab    0x1  stm8s_it.o [1]
  .near_func.text    ro code  0x008fac    0x1  __dbg_break.o [3]
                            - 0x008fad  0xf2d


*******************************************************************************
*** INIT TABLE
***

          Address   Size
          -------   ----
Copy (__iar_copy_init2)
    1 source range, total size 0x1a:
          0x008f21  0x1a
    1 destination range, total size 0x1a:
          0x000010  0x1a



*******************************************************************************
*** MODULE SUMMARY
***

    Module                 ro code  ro data  rw data
    ------                 -------  -------  -------
C:\Users\Administrator\Desktop\STM8S\I2C\I2C_M\Debug\Obj: [1]
    main.o                     469       16       16
    stm8s_clk.o                148      110
    stm8s_i2c.o              1 283      106
    stm8s_it.o                 176       10       10
    stm8s_uart1.o              595      108
    ------------------------------------------------
    Total:                   2 671      350       26

command line: [2]
    ------------------------------------------------
    Total:

dbgstm8smd.a: [3]
    __dbg_break.o                1
    __dbg_xxexit.o              20
    ------------------------------------------------
    Total:                      21

dlstm8smn.a: [4]
    cexit.o                      5
    cstartup.o                  19
    dc_util.o                   37
    exit.o                       3
    init.o                      20
    init_small.o                40
    interrupt.o                  3      128
    long.o                     324
    long_util.o                 71
    low_level_init.o             3
    short.o                     63
    unhandled_exception.o        3
    vreg_util.o                242
    vregs.o                                       16
    ------------------------------------------------
    Total:                     833      128       16

    Linker created                       10      256
----------------------------------------------------
    Grand Total:             3 525      488      298


*******************************************************************************
*** ENTRY LIST
***

Entry                    Address   Size  Type      Object
-----                    -------   ----  ----      ------
.iar.init_table$$Base   0x008f17          --   Gb  - Linker created -
.iar.init_table$$Limit  0x008f21          --   Gb  - Linker created -
?b0                     0x000000         Data  Gb  vregs.o [4]
?b1                     0x000001         Data  Gb  vregs.o [4]
?b10                    0x00000a         Data  Gb  vregs.o [4]
?b11                    0x00000b         Data  Gb  vregs.o [4]
?b12                    0x00000c         Data  Gb  vregs.o [4]
?b13                    0x00000d         Data  Gb  vregs.o [4]
?b14                    0x00000e         Data  Gb  vregs.o [4]
?b15                    0x00000f         Data  Gb  vregs.o [4]
?b2                     0x000002         Data  Gb  vregs.o [4]
?b3                     0x000003         Data  Gb  vregs.o [4]
?b4                     0x000004         Data  Gb  vregs.o [4]
?b5                     0x000005         Data  Gb  vregs.o [4]
?b6                     0x000006         Data  Gb  vregs.o [4]
?b7                     0x000007         Data  Gb  vregs.o [4]
?b8                     0x000008         Data  Gb  vregs.o [4]
?b9                     0x000009         Data  Gb  vregs.o [4]
?dc32_l0                0x008ef2         Code  Gb  dc_util.o [4]
?dc32_l1                0x008eff         Code  Gb  dc_util.o [4]
?dc32_px                0x008f0c         Code  Gb  dc_util.o [4]
?dec32_0x_0x            0x008600         Code  Gb  long.o [4]
?dec32_l0_l0            0x0085fb         Code  Gb  long.o [4]
?e0                     0x000001         Data  Gb  vregs.o [4]
?e1                     0x000005         Data  Gb  vregs.o [4]
?e2                     0x000009         Data  Gb  vregs.o [4]
?e3                     0x00000d         Data  Gb  vregs.o [4]
?epilogue_l2            0x0087ce         Code  Gb  vreg_util.o [4]
?epilogue_l2_l3         0x0087cb         Code  Gb  vreg_util.o [4]
?epilogue_w4            0x0087d2         Code  Gb  vreg_util.o [4]
?l0                     0x000000         Data  Gb  vregs.o [4]
?l1                     0x000004         Data  Gb  vregs.o [4]
?l2                     0x000008         Data  Gb  vregs.o [4]
?l3                     0x00000c         Data  Gb  vregs.o [4]
?load32_0x_l0           0x008ca6         Code  Gb  long_util.o [4]
?load32_asp_l0          0x008c9a         Code  Gb  long_util.o [4]
?load32_dbsp_l0         0x008c95         Code  Gb  long_util.o [4]
?load32_l0_0x           0x008c7d         Code  Gb  long_util.o [4]
?load32_l0_asp          0x008c72         Code  Gb  long_util.o [4]
?load32_l0_dbsp         0x008c6d         Code  Gb  long_util.o [4]
?load32_l0_xsp          0x008c74         Code  Gb  long_util.o [4]
?load32_l1_0x           0x008c89         Code  Gb  long_util.o [4]
?load32_xsp_l0          0x008c9c         Code  Gb  long_util.o [4]
?mov_e0_e2              0x0087d9         Code  Gb  vreg_util.o [4]
?mov_e0_e3              0x0087e6         Code  Gb  vreg_util.o [4]
?mov_e1_e0              0x0087f3         Code  Gb  vreg_util.o [4]
?mov_e1_e2              0x008800         Code  Gb  vreg_util.o [4]
?mov_e1_e3              0x00880d         Code  Gb  vreg_util.o [4]
?mov_e2_e0              0x00881a         Code  Gb  vreg_util.o [4]
?mov_e3_e0              0x008827         Code  Gb  vreg_util.o [4]
?mov_l0_l2              0x0087d6         Code  Gb  vreg_util.o [4]
?mov_l0_l3              0x0087e3         Code  Gb  vreg_util.o [4]
?mov_l1_l0              0x0087f0         Code  Gb  vreg_util.o [4]
?mov_l1_l2              0x0087fd         Code  Gb  vreg_util.o [4]
?mov_l1_l3              0x00880a         Code  Gb  vreg_util.o [4]
?mov_l2_l0              0x008817         Code  Gb  vreg_util.o [4]
?mov_l3_l0              0x008824         Code  Gb  vreg_util.o [4]
?mov_w1_w5              0x0087dc         Code  Gb  vreg_util.o [4]
?mov_w1_w7              0x0087e9         Code  Gb  vreg_util.o [4]
?mov_w3_w1              0x0087f6         Code  Gb  vreg_util.o [4]
?mov_w3_w5              0x008803         Code  Gb  vreg_util.o [4]
?mov_w3_w7              0x008810         Code  Gb  vreg_util.o [4]
?mov_w5_w1              0x00881d         Code  Gb  vreg_util.o [4]
?mov_w7_w1              0x00882a         Code  Gb  vreg_util.o [4]
?mul16_x_x_w0           0x008d3f         Code  Gb  short.o [4]
?mul32_l0_l0_0x         0x008632         Code  Gb  long.o [4]
?mul32_l0_l0_dl         0x00862f         Code  Gb  long.o [4]
?mul32_l0_l0_l1         0x00863b         Code  Gb  long.o [4]
?pop_l0                 0x008797         Code  Gb  vreg_util.o [4]
?pop_l1                 0x0087a2         Code  Gb  vreg_util.o [4]
?pop_l2                 0x0087ad         Code  Gb  vreg_util.o [4]
?pop_l3                 0x0087b8         Code  Gb  vreg_util.o [4]
?pop_w4                 0x008757         Code  Gb  vreg_util.o [4]
?push_l0                0x008766         Code  Gb  vreg_util.o [4]
?push_l1                0x00876b         Code  Gb  vreg_util.o [4]
?push_l2                0x008770         Code  Gb  vreg_util.o [4]
?push_l3                0x008775         Code  Gb  vreg_util.o [4]
?push_w4                0x00873f         Code  Gb  vreg_util.o [4]
?sdiv16_x_x_y           0x008d5d         Code  Gb  short.o [4]
?sll32_0x_0x_a          0x008731         Code  Gb  long.o [4]
?sll32_l0_l0_a          0x00872e         Code  Gb  long.o [4]
?srl16_x_x_4            0x008d79         Code  Gb  short.o [4]
?srl16_x_x_5            0x008d78         Code  Gb  short.o [4]
?srl16_x_x_6            0x008d77         Code  Gb  short.o [4]
?srl16_x_x_7            0x008d76         Code  Gb  short.o [4]
?sub32_l0_l0_0x         0x008617         Code  Gb  long.o [4]
?sub32_l0_l0_l1         0x008614         Code  Gb  long.o [4]
?udiv32_l0_dl_l1        0x0086b9         Code  Gb  long.o [4]
?udiv32_l0_l0_dl        0x0086be         Code  Gb  long.o [4]
?udiv32_l0_l0_l1        0x0086c1         Code  Gb  long.o [4]
?umod32_l1_l0_l1        0x0086c1         Code  Gb  long.o [4]
?w0                     0x000000         Data  Gb  vregs.o [4]
?w1                     0x000002         Data  Gb  vregs.o [4]
?w2                     0x000004         Data  Gb  vregs.o [4]
?w3                     0x000006         Data  Gb  vregs.o [4]
?w4                     0x000008         Data  Gb  vregs.o [4]
?w5                     0x00000a         Data  Gb  vregs.o [4]
?w6                     0x00000c         Data  Gb  vregs.o [4]
?w7                     0x00000e         Data  Gb  vregs.o [4]
ADC1_IRQHandler         0x008fa9    0x1  Code  Gb  stm8s_it.o [1]
AWU_IRQHandler          0x008f9b    0x1  Code  Gb  stm8s_it.o [1]
Buffercmp               0x008e4b   0x2d  Code  Gb  main.o [1]
CLK_GetClockFreq        0x008c16   0x57  Code  Gb  stm8s_clk.o [1]
CLK_HSIPrescalerConfig  0x008d7e   0x3d  Code  Gb  stm8s_clk.o [1]
CLK_IRQHandler          0x008f9c    0x1  Code  Gb  stm8s_it.o [1]
CSTACK$$Base            0x000300          --   Gb  - Linker created -
CSTACK$$Limit           0x000400          --   Gb  - Linker created -
Delay                   0x008ecd   0x25  Code  Gb  main.o [1]
EEPROM_EEC_IRQHandler   0x008fab    0x1  Code  Gb  stm8s_it.o [1]
EXTI_PORTA_IRQHandler   0x008f9d    0x1  Code  Gb  stm8s_it.o [1]
EXTI_PORTB_IRQHandler   0x008f9e    0x1  Code  Gb  stm8s_it.o [1]
EXTI_PORTC_IRQHandler   0x008f9f    0x1  Code  Gb  stm8s_it.o [1]
EXTI_PORTD_IRQHandler   0x008fa0    0x1  Code  Gb  stm8s_it.o [1]
EXTI_PORTE_IRQHandler   0x008fa1    0x1  Code  Gb  stm8s_it.o [1]
HSIDivFactor            0x008f7b    0x4  Data  Gb  stm8s_clk.o [1]
I2C_AcknowledgeConfig   0x008cfa   0x45  Code  Gb  stm8s_i2c.o [1]
I2C_CheckEvent          0x008831   0xd1  Code  Gb  stm8s_i2c.o [1]
I2C_GenerateSTART       0x008ded   0x2f  Code  Gb  stm8s_i2c.o [1]
I2C_GenerateSTOP        0x008e1c   0x2f  Code  Gb  stm8s_i2c.o [1]
I2C_GetFlagStatus       0x008902   0xc3  Code  Gb  stm8s_i2c.o [1]
I2C_GetLastEvent        0x008dbb   0x32  Code  Gb  stm8s_i2c.o [1]
I2C_IRQHandler          0x0089c5   0x9d  Code  Gb  stm8s_it.o [1]
I2C_ITConfig            0x008a62   0x74  Code  Gb  stm8s_i2c.o [1]
I2C_Init                0x0082a2  0x1d8  Code  Gb  stm8s_i2c.o [1]
I2C_ReceiveData         0x008f7f    0x4  Code  Gb  stm8s_i2c.o [1]
I2C_Send7bitAddress     0x008cb4   0x46  Code  Gb  stm8s_i2c.o [1]
I2C_SendData            0x008f83    0x4  Code  Gb  stm8s_i2c.o [1]
INTVEC$$Base            0x008000          --   Gb  - Linker created -
INTVEC$$Limit           0x008080          --   Gb  - Linker created -
NumByteToRead           0x000010    0x1  Data  Gb  main.o [1]
NumOfBytes              0x000011    0x1  Data  Gb  main.o [1]
Region$$Table$$Base     0x008f17          --   Gb  - Linker created -
Region$$Table$$Limit    0x008f21          --   Gb  - Linker created -
RxBuffer                0x000015    0xa  Data  Gb  main.o [1]
Rx_Idx                  0x000012    0x1  Data  Gb  main.o [1]
SPI_IRQHandler          0x008fa2    0x1  Code  Gb  stm8s_it.o [1]
TIM1_CAP_COM_IRQHandler
                        0x008fa4    0x1  Code  Gb  stm8s_it.o [1]
TIM1_UPD_OVF_TRG_BRK_IRQHandler
                        0x008fa3    0x1  Code  Gb  stm8s_it.o [1]
TIM2_CAP_COM_IRQHandler
                        0x008fa6    0x1  Code  Gb  stm8s_it.o [1]
TIM2_UPD_OVF_BRK_IRQHandler
                        0x008fa5    0x1  Code  Gb  stm8s_it.o [1]
TIM4_UPD_OVF_IRQHandler
                        0x008faa    0x1  Code  Gb  stm8s_it.o [1]
TLI_IRQHandler          0x008f9a    0x1  Code  Gb  stm8s_it.o [1]
TRAP_IRQHandler         0x008f99    0x1  Code  Gb  stm8s_it.o [1]
TransferStatus1         0x00001f    0x1  Data  Gb  main.o [1]
TxBuffer                0x000020    0xa  Data  Gb  stm8s_it.o [1]
Tx_Idx                  0x000013    0x1  Data  Gb  main.o [1]
UART1_DeInit            0x008e78   0x2d  Code  Gb  stm8s_uart1.o [1]
UART1_Init              0x008080  0x222  Code  Gb  stm8s_uart1.o [1]
UART1_RX_IRQHandler     0x008fa8    0x1  Code  Gb  stm8s_it.o [1]
UART1_SendData8         0x008f87    0x4  Code  Gb  stm8s_uart1.o [1]
UART1_TX_IRQHandler     0x008fa7    0x1  Code  Gb  stm8s_it.o [1]
__DebugBreak            0x008fac    0x1  Code  Gb  __dbg_break.o [3]
__exit                  0x008f4f   0x14  Code  Gb  __dbg_xxexit.o [3]
__iar_copy_init2        0x008ea5         Code  Gb  init_small.o [4]
__iar_data_init2        0x008f3b   0x14  Code  Gb  init.o [4]
__iar_program_start     0x008f63         Code  Gb  cstartup.o [4]
__iar_unhandled_exception
                        0x008f94         Code  Gb  unhandled_exception.o [4]
__intvec                0x008000         Data  Gb  interrupt.o [4]
__low_level_init        0x008f8e    0x3  Code  Gb  low_level_init.o [4]
_exit                   0x008f76         Code  Gb  cexit.o [4]
_interrupt_1            0x008f99         Code  Gb  stm8s_it.o [1]
_interrupt_12           0x008fa2         Code  Gb  stm8s_it.o [1]
_interrupt_13           0x008fa3         Code  Gb  stm8s_it.o [1]
_interrupt_14           0x008fa4         Code  Gb  stm8s_it.o [1]
_interrupt_15           0x008fa5         Code  Gb  stm8s_it.o [1]
_interrupt_16           0x008fa6         Code  Gb  stm8s_it.o [1]
_interrupt_19           0x008fa7         Code  Gb  stm8s_it.o [1]
_interrupt_2            0x008f9a         Code  Gb  stm8s_it.o [1]
_interrupt_20           0x008fa8         Code  Gb  stm8s_it.o [1]
_interrupt_21           0x0089c5         Code  Gb  stm8s_it.o [1]
_interrupt_24           0x008fa9         Code  Gb  stm8s_it.o [1]
_interrupt_25           0x008faa         Code  Gb  stm8s_it.o [1]
_interrupt_26           0x008fab         Code  Gb  stm8s_it.o [1]
_interrupt_3            0x008f9b         Code  Gb  stm8s_it.o [1]
_interrupt_4            0x008f9c         Code  Gb  stm8s_it.o [1]
_interrupt_5            0x008f9d         Code  Gb  stm8s_it.o [1]
_interrupt_6            0x008f9e         Code  Gb  stm8s_it.o [1]
_interrupt_7            0x008f9f         Code  Gb  stm8s_it.o [1]
_interrupt_8            0x008fa0         Code  Gb  stm8s_it.o [1]
_interrupt_9            0x008fa1         Code  Gb  stm8s_it.o [1]
assert_failed           0x008f97    0x2  Code  Gb  main.o [1]
exit                    0x008f91    0x3  Code  Gb  exit.o [4]
i                       0x000014    0x1  Data  Gb  main.o [1]
main                    0x00847a  0x181  Code  Gb  main.o [1]


[1] = C:\Users\Administrator\Desktop\STM8S\I2C\I2C_M\Debug\Obj
[2] = command line
[3] = dbgstm8smd.a
[4] = dlstm8smn.a

  3 525 bytes of readonly  code memory
    488 bytes of readonly  data memory
    298 bytes of readwrite data memory

Errors: none
Warnings: none
