###############################################################################
#
# IAR ELF Linker V3.10.1.201 for STM8                     03/Aug/2019  17:39:05
# Copyright 2010-2017 IAR Systems AB.
#
#    Output file  =  
#        C:\Users\Administrator\Desktop\STM8S\UART\Debug\Exe\UART.out
#    Map file     =  
#        C:\Users\Administrator\Desktop\STM8S\UART\Debug\List\UART.map
#    Command line =  
#        -f C:\Users\ADMINI~1\AppData\Local\Temp\EWD816.tmp
#        (C:\Users\Administrator\Desktop\STM8S\UART\Debug\Obj\main.o
#        C:\Users\Administrator\Desktop\STM8S\UART\Debug\Obj\stm8s_clk.o
#        C:\Users\Administrator\Desktop\STM8S\UART\Debug\Obj\stm8s_it.o
#        C:\Users\Administrator\Desktop\STM8S\UART\Debug\Obj\stm8s_uart1.o
#        C:\Users\Administrator\Desktop\STM8S\UART\Debug\Obj\uart.o --redirect
#        _Printf=_PrintfFullNoMb --redirect _Scanf=_ScanfFullNoMb -o
#        C:\Users\Administrator\Desktop\STM8S\UART\Debug\Exe\UART.out --map
#        C:\Users\Administrator\Desktop\STM8S\UART\Debug\List\UART.map --config
#        "D:\Program Files (x86)\IAR Systems\Embedded Workbench
#        8.0\stm8\config\lnkstm8s003f3.icf" --config_def _CSTACK_SIZE=0x100
#        --config_def _HEAP_SIZE=0x100 --entry __iar_program_start --debug_lib)
#
###############################################################################

*******************************************************************************
*** RUNTIME MODEL ATTRIBUTES
***

__SystemLibrary            = DLib
__code_model               = small
__core                     = stm8
__data_model               = medium
__dlib_file_descriptor     = 0
__dlib_full_locale_support = 0
__rt_version               = 4


*******************************************************************************
*** PLACEMENT SUMMARY
***

"A0":  place at start of [0x000000-0x0000ff] { rw section .vregs };
"A1":  place at end of [0x000000-0x0003ff] { block CSTACK };
"A2":  place at start of [0x008000-0x009fff] { block INTVEC };
"P3":  place in [from 0x008000 to 0x009fff] {
          ro section __DLIB_PERTHREAD_init, ro section .far.data_init,
          ro section .far_func.textrw_init, ro section .huge.data_init,
          ro section .huge_func.textrw_init, ro section .iar.init_table,
          ro section .init_array, ro section .near.data_init,
          ro section .near.rodata, ro section .near_func.text,
          ro section .near_func.textrw_init, ro section .tiny.data_init,
          ro section .tiny.rodata_init };
"P4":  place in [from 0x008000 to 0x009fff] {
          ro section .far.rodata, ro section .far_func.text };
"P5":  place in [from 0x008000 to 0x009fff] {
          ro section .huge.rodata, ro section .huge_func.text };
do not initialize {
   rw section .eeprom.noinit, rw section .far.noinit, rw section .huge.noinit,
   rw section .near.noinit, rw section .tiny.noinit, rw section .vregs };

  Section          Kind      Address   Size  Object
  -------          ----      -------   ----  ------
"A0":                                  0x10
  .vregs           uninit   0x000000   0x10  vregs.o [4]
                          - 0x000010   0x10

"A1":                                 0x100
  CSTACK                    0x000300  0x100  <Block>
    CSTACK         uninit   0x000300  0x100  <Block tail>
                          - 0x000400  0x100

"A2":                                  0x80
  INTVEC                    0x008000   0x80  <Block>
    .intvec        const    0x008000   0x80  interrupt.o [4]
                          - 0x008080   0x80

"P3-P5":                              0x911
  .near_func.text  ro code  0x008080  0x222  stm8s_uart1.o [1]
  .near_func.text  ro code  0x0082a2  0x187  long.o [4]
  .near_func.text  ro code  0x008429   0xe4  vreg_util.o [4]
  .near_func.text  ro code  0x00850d   0xbd  uart.o [1]
  .near_func.text  ro code  0x0085ca   0x9e  stm8s_uart1.o [1]
  .near.rodata     const    0x008668   0x6c  stm8s_uart1.o [1]
  .near.rodata     const    0x0086d4   0x6a  stm8s_clk.o [1]
  .near_func.text  ro code  0x00873e   0x57  stm8s_clk.o [1]
  .near_func.text  ro code  0x008795   0x47  long_util.o [4]
  .near_func.text  ro code  0x0087dc   0x3d  stm8s_clk.o [1]
  .near_func.text  ro code  0x008819   0x38  uart.o [1]
  .near_func.text  ro code  0x008851   0x33  main.o [1]
  .near_func.text  ro code  0x008884   0x2d  stm8s_uart1.o [1]
  .near_func.text  ro code  0x0088b1   0x27  uart.o [1]
  .near_func.text  ro code  0x0088d8   0x25  dc_util.o [4]
  .near.rodata     const    0x0088fd   0x14  uart.o [1]
  .near_func.text  ro code  0x008911   0x14  init.o [4]
  .near_func.text  ro code  0x008925   0x14  __dbg_xxexit.o [3]
  .near_func.text  ro code  0x008939   0x13  cstartup.o [4]
  .near_func.text  ro code  0x00894c    0xd  move.o [4]
  .near_func.text  ro code  0x008959    0x5  short.o [4]
  .near_func.text  ro code  0x00895e    0x5  cexit.o [4]
  .near.rodata     const    0x008963    0x4  stm8s_clk.o [1]
  .near_func.text  ro code  0x008967    0x4  stm8s_uart1.o [1]
  .near.rodata     const    0x00896b    0x3  main.o [1]
  .near_func.text  ro code  0x00896e    0x3  interrupt.o [4]
  .near_func.text  ro code  0x008971    0x3  low_level_init.o [4]
  .near_func.text  ro code  0x008974    0x3  exit.o [4]
  .near_func.text  ro code  0x008977    0x3  unhandled_exception.o [4]
  .near_func.text  ro code  0x00897a    0x2  main.o [1]
  .near_func.text  ro code  0x00897c    0x1  stm8s_it.o [1]
  .near_func.text  ro code  0x00897d    0x1  stm8s_it.o [1]
  .near_func.text  ro code  0x00897e    0x1  stm8s_it.o [1]
  .near_func.text  ro code  0x00897f    0x1  stm8s_it.o [1]
  .near_func.text  ro code  0x008980    0x1  stm8s_it.o [1]
  .near_func.text  ro code  0x008981    0x1  stm8s_it.o [1]
  .near_func.text  ro code  0x008982    0x1  stm8s_it.o [1]
  .near_func.text  ro code  0x008983    0x1  stm8s_it.o [1]
  .near_func.text  ro code  0x008984    0x1  stm8s_it.o [1]
  .near_func.text  ro code  0x008985    0x1  stm8s_it.o [1]
  .near_func.text  ro code  0x008986    0x1  stm8s_it.o [1]
  .near_func.text  ro code  0x008987    0x1  stm8s_it.o [1]
  .near_func.text  ro code  0x008988    0x1  stm8s_it.o [1]
  .near_func.text  ro code  0x008989    0x1  stm8s_it.o [1]
  .near_func.text  ro code  0x00898a    0x1  stm8s_it.o [1]
  .near_func.text  ro code  0x00898b    0x1  stm8s_it.o [1]
  .near_func.text  ro code  0x00898c    0x1  stm8s_it.o [1]
  .near_func.text  ro code  0x00898d    0x1  stm8s_it.o [1]
  .near_func.text  ro code  0x00898e    0x1  stm8s_it.o [1]
  .near_func.text  ro code  0x00898f    0x1  stm8s_it.o [1]
  .near_func.text  ro code  0x008990    0x1  __dbg_break.o [3]
                          - 0x008991  0x911



*******************************************************************************
*** MODULE SUMMARY
***

    Module                 ro code  ro data  rw data
    ------                 -------  -------  -------
C:\Users\Administrator\Desktop\STM8S\UART\Debug\Obj: [1]
    main.o                      53        3
    stm8s_clk.o                148      110
    stm8s_it.o                  20
    stm8s_uart1.o              753      108
    uart.o                     284       20
    ------------------------------------------------
    Total:                   1 258      241

command line: [2]
    ------------------------------------------------
    Total:

dbgstm8smd.a: [3]
    __dbg_break.o                1
    __dbg_xxexit.o              20
    ------------------------------------------------
    Total:                      21

dlstm8smn.a: [4]
    cexit.o                      5
    cstartup.o                  19
    dc_util.o                   37
    exit.o                       3
    init.o                      20
    interrupt.o                  3      128
    long.o                     391
    long_util.o                 71
    low_level_init.o             3
    move.o                      13
    short.o                      5
    unhandled_exception.o        3
    vreg_util.o                228
    vregs.o                                       16
    ------------------------------------------------
    Total:                     801      128       16

    Linker created                               256
----------------------------------------------------
    Grand Total:             2 080      369      272


*******************************************************************************
*** ENTRY LIST
***

Entry                      Address   Size  Type      Object
-----                      -------   ----  ----      ------
?b0                       0x000000         Data  Gb  vregs.o [4]
?b1                       0x000001         Data  Gb  vregs.o [4]
?b10                      0x00000a         Data  Gb  vregs.o [4]
?b11                      0x00000b         Data  Gb  vregs.o [4]
?b12                      0x00000c         Data  Gb  vregs.o [4]
?b13                      0x00000d         Data  Gb  vregs.o [4]
?b14                      0x00000e         Data  Gb  vregs.o [4]
?b15                      0x00000f         Data  Gb  vregs.o [4]
?b2                       0x000002         Data  Gb  vregs.o [4]
?b3                       0x000003         Data  Gb  vregs.o [4]
?b4                       0x000004         Data  Gb  vregs.o [4]
?b5                       0x000005         Data  Gb  vregs.o [4]
?b6                       0x000006         Data  Gb  vregs.o [4]
?b7                       0x000007         Data  Gb  vregs.o [4]
?b8                       0x000008         Data  Gb  vregs.o [4]
?b9                       0x000009         Data  Gb  vregs.o [4]
?dc32_l0                  0x0088d8         Code  Gb  dc_util.o [4]
?dc32_l1                  0x0088e5         Code  Gb  dc_util.o [4]
?dc32_px                  0x0088f2         Code  Gb  dc_util.o [4]
?e0                       0x000001         Data  Gb  vregs.o [4]
?e1                       0x000005         Data  Gb  vregs.o [4]
?e2                       0x000009         Data  Gb  vregs.o [4]
?e3                       0x00000d         Data  Gb  vregs.o [4]
?epilogue_l2              0x00849d         Code  Gb  vreg_util.o [4]
?epilogue_l2_l3           0x00849a         Code  Gb  vreg_util.o [4]
?epilogue_w4              0x0084a1         Code  Gb  vreg_util.o [4]
?inc32_0x_0x              0x0082a7         Code  Gb  long.o [4]
?inc32_l2_l2              0x0082a2         Code  Gb  long.o [4]
?l0                       0x000000         Data  Gb  vregs.o [4]
?l1                       0x000004         Data  Gb  vregs.o [4]
?l2                       0x000008         Data  Gb  vregs.o [4]
?l3                       0x00000c         Data  Gb  vregs.o [4]
?load32_0x_l0             0x0087ce         Code  Gb  long_util.o [4]
?load32_asp_l0            0x0087c2         Code  Gb  long_util.o [4]
?load32_dbsp_l0           0x0087bd         Code  Gb  long_util.o [4]
?load32_l0_0x             0x0087a5         Code  Gb  long_util.o [4]
?load32_l0_asp            0x00879a         Code  Gb  long_util.o [4]
?load32_l0_dbsp           0x008795         Code  Gb  long_util.o [4]
?load32_l0_xsp            0x00879c         Code  Gb  long_util.o [4]
?load32_l1_0x             0x0087b1         Code  Gb  long_util.o [4]
?load32_xsp_l0            0x0087c4         Code  Gb  long_util.o [4]
?mov_e0_e1                0x0084a8         Code  Gb  vreg_util.o [4]
?mov_e0_e2                0x0084b5         Code  Gb  vreg_util.o [4]
?mov_e0_e3                0x0084c2         Code  Gb  vreg_util.o [4]
?mov_e1_e0                0x0084cf         Code  Gb  vreg_util.o [4]
?mov_e1_e2                0x0084dc         Code  Gb  vreg_util.o [4]
?mov_e1_e3                0x0084e9         Code  Gb  vreg_util.o [4]
?mov_e2_e0                0x0084f6         Code  Gb  vreg_util.o [4]
?mov_e3_e0                0x008503         Code  Gb  vreg_util.o [4]
?mov_l0_l1                0x0084a5         Code  Gb  vreg_util.o [4]
?mov_l0_l2                0x0084b2         Code  Gb  vreg_util.o [4]
?mov_l0_l3                0x0084bf         Code  Gb  vreg_util.o [4]
?mov_l1_l0                0x0084cc         Code  Gb  vreg_util.o [4]
?mov_l1_l2                0x0084d9         Code  Gb  vreg_util.o [4]
?mov_l1_l3                0x0084e6         Code  Gb  vreg_util.o [4]
?mov_l2_l0                0x0084f3         Code  Gb  vreg_util.o [4]
?mov_l3_l0                0x008500         Code  Gb  vreg_util.o [4]
?mov_w1_w3                0x0084ab         Code  Gb  vreg_util.o [4]
?mov_w1_w5                0x0084b8         Code  Gb  vreg_util.o [4]
?mov_w1_w7                0x0084c5         Code  Gb  vreg_util.o [4]
?mov_w3_w1                0x0084d2         Code  Gb  vreg_util.o [4]
?mov_w3_w5                0x0084df         Code  Gb  vreg_util.o [4]
?mov_w3_w7                0x0084ec         Code  Gb  vreg_util.o [4]
?mov_w5_w1                0x0084f9         Code  Gb  vreg_util.o [4]
?mov_w7_w1                0x008506         Code  Gb  vreg_util.o [4]
?move1616_v_x_y_a         0x00894c         Code  Gb  move.o [4]
?mul32_l0_l0_0x           0x0082d3         Code  Gb  long.o [4]
?mul32_l0_l0_dl           0x0082d0         Code  Gb  long.o [4]
?mul32_l0_l0_l1           0x0082dc         Code  Gb  long.o [4]
?pop_l2                   0x00847c         Code  Gb  vreg_util.o [4]
?pop_l3                   0x008487         Code  Gb  vreg_util.o [4]
?pop_w4                   0x008441         Code  Gb  vreg_util.o [4]
?push_l0                  0x008450         Code  Gb  vreg_util.o [4]
?push_l2                  0x008455         Code  Gb  vreg_util.o [4]
?push_l3                  0x00845a         Code  Gb  vreg_util.o [4]
?push_w4                  0x008429         Code  Gb  vreg_util.o [4]
?sdiv32_l0_l0_dl          0x0083cf         Code  Gb  long.o [4]
?sdiv32_l0_l0_l1          0x0083d2         Code  Gb  long.o [4]
?sll32_0x_0x_a            0x00841b         Code  Gb  long.o [4]
?sll32_l0_l0_a            0x008418         Code  Gb  long.o [4]
?smod32_l1_l0_l1          0x0083d2         Code  Gb  long.o [4]
?srl16_x_x_4              0x008959         Code  Gb  short.o [4]
?sub32_l0_l0_0x           0x0082b8         Code  Gb  long.o [4]
?sub32_l0_l0_l1           0x0082b5         Code  Gb  long.o [4]
?udiv32_l0_dl_l1          0x00835a         Code  Gb  long.o [4]
?udiv32_l0_l0_dl          0x00835f         Code  Gb  long.o [4]
?udiv32_l0_l0_l1          0x008362         Code  Gb  long.o [4]
?umod32_l1_l0_l1          0x008362         Code  Gb  long.o [4]
?w0                       0x000000         Data  Gb  vregs.o [4]
?w1                       0x000002         Data  Gb  vregs.o [4]
?w2                       0x000004         Data  Gb  vregs.o [4]
?w3                       0x000006         Data  Gb  vregs.o [4]
?w4                       0x000008         Data  Gb  vregs.o [4]
?w5                       0x00000a         Data  Gb  vregs.o [4]
?w6                       0x00000c         Data  Gb  vregs.o [4]
?w7                       0x00000e         Data  Gb  vregs.o [4]
ADC1_IRQHandler           0x00898d    0x1  Code  Gb  stm8s_it.o [1]
AWU_IRQHandler            0x00897e    0x1  Code  Gb  stm8s_it.o [1]
Bit_Int                   0x008819   0x38  Code  Gb  uart.o [1]
CLK_GetClockFreq          0x00873e   0x57  Code  Gb  stm8s_clk.o [1]
CLK_HSIPrescalerConfig    0x0087dc   0x3d  Code  Gb  stm8s_clk.o [1]
CLK_IRQHandler            0x00897f    0x1  Code  Gb  stm8s_it.o [1]
CSTACK$$Base              0x000300          --   Gb  - Linker created -
CSTACK$$Limit             0x000400          --   Gb  - Linker created -
EEPROM_EEC_IRQHandler     0x00898f    0x1  Code  Gb  stm8s_it.o [1]
EXTI_PORTA_IRQHandler     0x008980    0x1  Code  Gb  stm8s_it.o [1]
EXTI_PORTB_IRQHandler     0x008981    0x1  Code  Gb  stm8s_it.o [1]
EXTI_PORTC_IRQHandler     0x008982    0x1  Code  Gb  stm8s_it.o [1]
EXTI_PORTD_IRQHandler     0x008983    0x1  Code  Gb  stm8s_it.o [1]
EXTI_PORTE_IRQHandler     0x008984    0x1  Code  Gb  stm8s_it.o [1]
HSIDivFactor              0x008963    0x4  Data  Gb  stm8s_clk.o [1]
I2C_IRQHandler            0x00898c    0x1  Code  Gb  stm8s_it.o [1]
INTVEC$$Base              0x008000          --   Gb  - Linker created -
INTVEC$$Limit             0x008080          --   Gb  - Linker created -
INT_printf                0x00850d   0xbd  Code  Gb  uart.o [1]
Region$$Table$$Base     0x00000000          --   Gb  - Linker created -
Region$$Table$$Limit    0x00000000          --   Gb  - Linker created -
SPI_IRQHandler            0x008985    0x1  Code  Gb  stm8s_it.o [1]
SendrStr                  0x0088b1   0x27  Code  Gb  uart.o [1]
TIM1_CAP_COM_IRQHandler
                          0x008987    0x1  Code  Gb  stm8s_it.o [1]
TIM1_UPD_OVF_TRG_BRK_IRQHandler
                          0x008986    0x1  Code  Gb  stm8s_it.o [1]
TIM2_CAP_COM_IRQHandler
                          0x008989    0x1  Code  Gb  stm8s_it.o [1]
TIM2_UPD_OVF_BRK_IRQHandler
                          0x008988    0x1  Code  Gb  stm8s_it.o [1]
TIM4_UPD_OVF_IRQHandler
                          0x00898e    0x1  Code  Gb  stm8s_it.o [1]
TLI_IRQHandler            0x00897d    0x1  Code  Gb  stm8s_it.o [1]
TRAP_IRQHandler           0x00897c    0x1  Code  Gb  stm8s_it.o [1]
UART1_DeInit              0x008884   0x2d  Code  Gb  stm8s_uart1.o [1]
UART1_GetFlagStatus       0x0085ca   0x9e  Code  Gb  stm8s_uart1.o [1]
UART1_Init                0x008080  0x222  Code  Gb  stm8s_uart1.o [1]
UART1_RX_IRQHandler       0x00898b    0x1  Code  Gb  stm8s_it.o [1]
UART1_SendData8           0x008967    0x4  Code  Gb  stm8s_uart1.o [1]
UART1_TX_IRQHandler       0x00898a    0x1  Code  Gb  stm8s_it.o [1]
__DebugBreak              0x008990    0x1  Code  Gb  __dbg_break.o [3]
__exit                    0x008925   0x14  Code  Gb  __dbg_xxexit.o [3]
__iar_data_init2          0x008911   0x14  Code  Gb  init.o [4]
__iar_program_start       0x008939         Code  Gb  cstartup.o [4]
__iar_unhandled_exception
                          0x008977         Code  Gb  unhandled_exception.o [4]
__intvec                  0x008000         Data  Gb  interrupt.o [4]
__low_level_init          0x008971    0x3  Code  Gb  low_level_init.o [4]
_exit                     0x00895e         Code  Gb  cexit.o [4]
_interrupt_1              0x00897c         Code  Gb  stm8s_it.o [1]
_interrupt_12             0x008985         Code  Gb  stm8s_it.o [1]
_interrupt_13             0x008986         Code  Gb  stm8s_it.o [1]
_interrupt_14             0x008987         Code  Gb  stm8s_it.o [1]
_interrupt_15             0x008988         Code  Gb  stm8s_it.o [1]
_interrupt_16             0x008989         Code  Gb  stm8s_it.o [1]
_interrupt_19             0x00898a         Code  Gb  stm8s_it.o [1]
_interrupt_2              0x00897d         Code  Gb  stm8s_it.o [1]
_interrupt_20             0x00898b         Code  Gb  stm8s_it.o [1]
_interrupt_21             0x00898c         Code  Gb  stm8s_it.o [1]
_interrupt_24             0x00898d         Code  Gb  stm8s_it.o [1]
_interrupt_25             0x00898e         Code  Gb  stm8s_it.o [1]
_interrupt_26             0x00898f         Code  Gb  stm8s_it.o [1]
_interrupt_3              0x00897e         Code  Gb  stm8s_it.o [1]
_interrupt_4              0x00897f         Code  Gb  stm8s_it.o [1]
_interrupt_5              0x008980         Code  Gb  stm8s_it.o [1]
_interrupt_6              0x008981         Code  Gb  stm8s_it.o [1]
_interrupt_7              0x008982         Code  Gb  stm8s_it.o [1]
_interrupt_8              0x008983         Code  Gb  stm8s_it.o [1]
_interrupt_9              0x008984         Code  Gb  stm8s_it.o [1]
assert_failed             0x00897a    0x2  Code  Gb  main.o [1]
exit                      0x008974    0x3  Code  Gb  exit.o [4]
main                      0x008851   0x33  Code  Gb  main.o [1]


[1] = C:\Users\Administrator\Desktop\STM8S\UART\Debug\Obj
[2] = command line
[3] = dbgstm8smd.a
[4] = dlstm8smn.a

  2 080 bytes of readonly  code memory
    369 bytes of readonly  data memory
    272 bytes of readwrite data memory

Errors: none
Warnings: none
