###############################################################################
#
# IAR ELF Linker V3.10.1.201 for STM8                     03/Aug/2019  16:19:20
# Copyright 2010-2017 IAR Systems AB.
#
#    Output file  =  C:\Users\Administrator\Desktop\STM8S\ADC\Debug\Exe\ADC.out
#    Map file     =  
#        C:\Users\Administrator\Desktop\STM8S\ADC\Debug\List\ADC.map
#    Command line =  
#        -f C:\Users\ADMINI~1\AppData\Local\Temp\EWD692.tmp
#        (C:\Users\Administrator\Desktop\STM8S\ADC\Debug\Obj\main.o
#        C:\Users\Administrator\Desktop\STM8S\ADC\Debug\Obj\stm8s_adc1.o
#        C:\Users\Administrator\Desktop\STM8S\ADC\Debug\Obj\stm8s_clk.o
#        C:\Users\Administrator\Desktop\STM8S\ADC\Debug\Obj\stm8s_gpio.o
#        C:\Users\Administrator\Desktop\STM8S\ADC\Debug\Obj\stm8s_it.o
#        C:\Users\Administrator\Desktop\STM8S\ADC\Debug\Obj\stm8s_uart1.o
#        C:\Users\Administrator\Desktop\STM8S\ADC\Debug\Obj\uart.o --redirect
#        _Printf=_PrintfFullNoMb --redirect _Scanf=_ScanfFullNoMb -o
#        C:\Users\Administrator\Desktop\STM8S\ADC\Debug\Exe\ADC.out --map
#        C:\Users\Administrator\Desktop\STM8S\ADC\Debug\List\ADC.map --config
#        "D:\Program Files (x86)\IAR Systems\Embedded Workbench
#        8.0\stm8\config\lnkstm8s003f3.icf" --config_def _CSTACK_SIZE=0x100
#        --config_def _HEAP_SIZE=0x100 --entry __iar_program_start --debug_lib)
#
###############################################################################

*******************************************************************************
*** RUNTIME MODEL ATTRIBUTES
***

__SystemLibrary            = DLib
__code_model               = small
__core                     = stm8
__data_model               = medium
__dlib_file_descriptor     = 0
__dlib_full_locale_support = 0
__rt_version               = 4


*******************************************************************************
*** PLACEMENT SUMMARY
***

"A0":  place at start of [0x000000-0x0000ff] { rw section .vregs };
"A1":  place at end of [0x000000-0x0003ff] { block CSTACK };
"P2":  place in [from 0x000000 to 0x0003ff] {
          block HEAP, rw section __DLIB_PERTHREAD, rw section .far.bss,
          rw section .far.data, rw section .far.noinit,
          rw section .far_func.textrw, rw section .huge.bss,
          rw section .huge.data, rw section .huge.noinit,
          rw section .huge_func.textrw, rw section .iar.dynexit,
          rw section .near.bss, rw section .near.data, rw section .near.noinit,
          rw section .near_func.textrw };
"A2":  place at start of [0x008000-0x009fff] { block INTVEC };
"P3":  place in [from 0x008000 to 0x009fff] {
          ro section __DLIB_PERTHREAD_init, ro section .far.data_init,
          ro section .far_func.textrw_init, ro section .huge.data_init,
          ro section .huge_func.textrw_init, ro section .iar.init_table,
          ro section .init_array, ro section .near.data_init,
          ro section .near.rodata, ro section .near_func.text,
          ro section .near_func.textrw_init, ro section .tiny.data_init,
          ro section .tiny.rodata_init };
"P4":  place in [from 0x008000 to 0x009fff] {
          ro section .far.rodata, ro section .far_func.text };
"P5":  place in [from 0x008000 to 0x009fff] {
          ro section .huge.rodata, ro section .huge_func.text };
do not initialize {
   rw section .eeprom.noinit, rw section .far.noinit, rw section .huge.noinit,
   rw section .near.noinit, rw section .tiny.noinit, rw section .vregs };

  Section          Kind      Address   Size  Object
  -------          ----      -------   ----  ------
"A0":                                  0x10
  .vregs           uninit   0x000000   0x10  vregs.o [4]
                          - 0x000010   0x10

"P2":                                   0x2
  .near.bss        zero     0x000010    0x2  main.o [1]
                          - 0x000012    0x2

"A1":                                 0x100
  CSTACK                    0x000300  0x100  <Block>
    CSTACK         uninit   0x000300  0x100  <Block tail>
                          - 0x000400  0x100

"A2":                                  0x80
  INTVEC                    0x008000   0x80  <Block>
    .intvec        const    0x008000   0x80  interrupt.o [4]
                          - 0x008080   0x80

"P3-P5":                              0x97d
  .near_func.text  ro code  0x008080  0x222  stm8s_uart1.o [1]
  .near_func.text  ro code  0x0082a2  0x12b  long.o [4]
  .near_func.text  ro code  0x0083cd   0xf2  vreg_util.o [4]
  .near_func.text  ro code  0x0084bf   0xad  stm8s_adc1.o [1]
  .near_func.text  ro code  0x00856c   0x9e  stm8s_uart1.o [1]
  .near_func.text  ro code  0x00860a   0x9b  main.o [1]
  .near.rodata     const    0x0086a5   0x6c  stm8s_uart1.o [1]
  .near.rodata     const    0x008711   0x6b  stm8s_adc1.o [1]
  .near_func.text  ro code  0x00877c   0x57  stm8s_clk.o [1]
  .near_func.text  ro code  0x0087d3   0x55  stm8s_adc1.o [1]
  .near_func.text  ro code  0x008828   0x47  long_util.o [4]
  .near_func.text  ro code  0x00886f   0x3d  short.o [4]
  .near_func.text  ro code  0x0088ac   0x2d  stm8s_uart1.o [1]
  .near_func.text  ro code  0x0088d9   0x27  uart.o [1]
  .near_func.text  ro code  0x008900   0x25  stm8s_it.o [1]
  .near_func.text  ro code  0x008925   0x25  dc_util.o [4]
  .iar.init_table  const    0x00894a    0x8  - Linker created -
  .near_func.text  ro code  0x008952   0x1e  init_small.o [4]
  .near_func.text  ro code  0x008970   0x14  init.o [4]
  .near_func.text  ro code  0x008984   0x14  __dbg_xxexit.o [3]
  .near_func.text  ro code  0x008998   0x13  cstartup.o [4]
  .near_func.text  ro code  0x0089ab    0xd  move.o [4]
  .near.rodata     const    0x0089b8    0xa  main.o [1]
  .near.rodata     const    0x0089c2    0x9  stm8s_it.o [1]
  .near_func.text  ro code  0x0089cb    0x5  cexit.o [4]
  .near.rodata     const    0x0089d0    0x4  stm8s_clk.o [1]
  .near_func.text  ro code  0x0089d4    0x4  stm8s_uart1.o [1]
  .near.rodata     const    0x0089d8    0x3  main.o [1]
  .near_func.text  ro code  0x0089db    0x3  interrupt.o [4]
  .near_func.text  ro code  0x0089de    0x3  low_level_init.o [4]
  .near_func.text  ro code  0x0089e1    0x3  exit.o [4]
  .near_func.text  ro code  0x0089e4    0x3  unhandled_exception.o [4]
  .near_func.text  ro code  0x0089e7    0x2  main.o [1]
  .near_func.text  ro code  0x0089e9    0x1  stm8s_it.o [1]
  .near_func.text  ro code  0x0089ea    0x1  stm8s_it.o [1]
  .near_func.text  ro code  0x0089eb    0x1  stm8s_it.o [1]
  .near_func.text  ro code  0x0089ec    0x1  stm8s_it.o [1]
  .near_func.text  ro code  0x0089ed    0x1  stm8s_it.o [1]
  .near_func.text  ro code  0x0089ee    0x1  stm8s_it.o [1]
  .near_func.text  ro code  0x0089ef    0x1  stm8s_it.o [1]
  .near_func.text  ro code  0x0089f0    0x1  stm8s_it.o [1]
  .near_func.text  ro code  0x0089f1    0x1  stm8s_it.o [1]
  .near_func.text  ro code  0x0089f2    0x1  stm8s_it.o [1]
  .near_func.text  ro code  0x0089f3    0x1  stm8s_it.o [1]
  .near_func.text  ro code  0x0089f4    0x1  stm8s_it.o [1]
  .near_func.text  ro code  0x0089f5    0x1  stm8s_it.o [1]
  .near_func.text  ro code  0x0089f6    0x1  stm8s_it.o [1]
  .near_func.text  ro code  0x0089f7    0x1  stm8s_it.o [1]
  .near_func.text  ro code  0x0089f8    0x1  stm8s_it.o [1]
  .near_func.text  ro code  0x0089f9    0x1  stm8s_it.o [1]
  .near_func.text  ro code  0x0089fa    0x1  stm8s_it.o [1]
  .near_func.text  ro code  0x0089fb    0x1  stm8s_it.o [1]
  .near_func.text  ro code  0x0089fc    0x1  __dbg_break.o [3]
                          - 0x0089fd  0x97d


*******************************************************************************
*** INIT TABLE
***

          Address   Size
          -------   ----
Zero (__iar_zero_init2)
    1 destination range, total size 0x2:
          0x000010   0x2



*******************************************************************************
*** MODULE SUMMARY
***

    Module                 ro code  ro data  rw data
    ------                 -------  -------  -------
C:\Users\Administrator\Desktop\STM8S\ADC\Debug\Obj: [1]
    main.o                     157       13        2
    stm8s_adc1.o               258      107
    stm8s_clk.o                 87        4
    stm8s_it.o                  56        9
    stm8s_uart1.o              753      108
    uart.o                      39
    ------------------------------------------------
    Total:                   1 350      241        2

command line: [2]
    ------------------------------------------------
    Total:

dbgstm8smd.a: [3]
    __dbg_break.o                1
    __dbg_xxexit.o              20
    ------------------------------------------------
    Total:                      21

dlstm8smn.a: [4]
    cexit.o                      5
    cstartup.o                  19
    dc_util.o                   37
    exit.o                       3
    init.o                      20
    init_small.o                30
    interrupt.o                  3      128
    long.o                     299
    long_util.o                 71
    low_level_init.o             3
    move.o                      13
    short.o                     61
    unhandled_exception.o        3
    vreg_util.o                242
    vregs.o                                       16
    ------------------------------------------------
    Total:                     809      128       16

    Linker created                        8      256
----------------------------------------------------
    Grand Total:             2 180      377      274


*******************************************************************************
*** ENTRY LIST
***

Entry                    Address   Size  Type      Object
-----                    -------   ----  ----      ------
.iar.init_table$$Base   0x00894a          --   Gb  - Linker created -
.iar.init_table$$Limit  0x008952          --   Gb  - Linker created -
?b0                     0x000000         Data  Gb  vregs.o [4]
?b1                     0x000001         Data  Gb  vregs.o [4]
?b10                    0x00000a         Data  Gb  vregs.o [4]
?b11                    0x00000b         Data  Gb  vregs.o [4]
?b12                    0x00000c         Data  Gb  vregs.o [4]
?b13                    0x00000d         Data  Gb  vregs.o [4]
?b14                    0x00000e         Data  Gb  vregs.o [4]
?b15                    0x00000f         Data  Gb  vregs.o [4]
?b2                     0x000002         Data  Gb  vregs.o [4]
?b3                     0x000003         Data  Gb  vregs.o [4]
?b4                     0x000004         Data  Gb  vregs.o [4]
?b5                     0x000005         Data  Gb  vregs.o [4]
?b6                     0x000006         Data  Gb  vregs.o [4]
?b7                     0x000007         Data  Gb  vregs.o [4]
?b8                     0x000008         Data  Gb  vregs.o [4]
?b9                     0x000009         Data  Gb  vregs.o [4]
?dc32_l0                0x008925         Code  Gb  dc_util.o [4]
?dc32_l1                0x008932         Code  Gb  dc_util.o [4]
?dc32_px                0x00893f         Code  Gb  dc_util.o [4]
?e0                     0x000001         Data  Gb  vregs.o [4]
?e1                     0x000005         Data  Gb  vregs.o [4]
?e2                     0x000009         Data  Gb  vregs.o [4]
?e3                     0x00000d         Data  Gb  vregs.o [4]
?epilogue_l2            0x00845c         Code  Gb  vreg_util.o [4]
?epilogue_l2_l3         0x008459         Code  Gb  vreg_util.o [4]
?epilogue_w4            0x008460         Code  Gb  vreg_util.o [4]
?l0                     0x000000         Data  Gb  vregs.o [4]
?l1                     0x000004         Data  Gb  vregs.o [4]
?l2                     0x000008         Data  Gb  vregs.o [4]
?l3                     0x00000c         Data  Gb  vregs.o [4]
?load32_0x_l0           0x008861         Code  Gb  long_util.o [4]
?load32_asp_l0          0x008855         Code  Gb  long_util.o [4]
?load32_dbsp_l0         0x008850         Code  Gb  long_util.o [4]
?load32_l0_0x           0x008838         Code  Gb  long_util.o [4]
?load32_l0_asp          0x00882d         Code  Gb  long_util.o [4]
?load32_l0_dbsp         0x008828         Code  Gb  long_util.o [4]
?load32_l0_xsp          0x00882f         Code  Gb  long_util.o [4]
?load32_l1_0x           0x008844         Code  Gb  long_util.o [4]
?load32_xsp_l0          0x008857         Code  Gb  long_util.o [4]
?mov_e0_e2              0x008467         Code  Gb  vreg_util.o [4]
?mov_e0_e3              0x008474         Code  Gb  vreg_util.o [4]
?mov_e1_e0              0x008481         Code  Gb  vreg_util.o [4]
?mov_e1_e2              0x00848e         Code  Gb  vreg_util.o [4]
?mov_e1_e3              0x00849b         Code  Gb  vreg_util.o [4]
?mov_e2_e0              0x0084a8         Code  Gb  vreg_util.o [4]
?mov_e3_e0              0x0084b5         Code  Gb  vreg_util.o [4]
?mov_l0_l2              0x008464         Code  Gb  vreg_util.o [4]
?mov_l0_l3              0x008471         Code  Gb  vreg_util.o [4]
?mov_l1_l0              0x00847e         Code  Gb  vreg_util.o [4]
?mov_l1_l2              0x00848b         Code  Gb  vreg_util.o [4]
?mov_l1_l3              0x008498         Code  Gb  vreg_util.o [4]
?mov_l2_l0              0x0084a5         Code  Gb  vreg_util.o [4]
?mov_l3_l0              0x0084b2         Code  Gb  vreg_util.o [4]
?mov_w1_w5              0x00846a         Code  Gb  vreg_util.o [4]
?mov_w1_w7              0x008477         Code  Gb  vreg_util.o [4]
?mov_w3_w1              0x008484         Code  Gb  vreg_util.o [4]
?mov_w3_w5              0x008491         Code  Gb  vreg_util.o [4]
?mov_w3_w7              0x00849e         Code  Gb  vreg_util.o [4]
?mov_w5_w1              0x0084ab         Code  Gb  vreg_util.o [4]
?mov_w7_w1              0x0084b8         Code  Gb  vreg_util.o [4]
?move1616_v_x_y_a       0x0089ab         Code  Gb  move.o [4]
?mul32_l0_l0_0x         0x0082c0         Code  Gb  long.o [4]
?mul32_l0_l0_dl         0x0082bd         Code  Gb  long.o [4]
?mul32_l0_l0_l1         0x0082c9         Code  Gb  long.o [4]
?pop_l0                 0x008425         Code  Gb  vreg_util.o [4]
?pop_l1                 0x008430         Code  Gb  vreg_util.o [4]
?pop_l2                 0x00843b         Code  Gb  vreg_util.o [4]
?pop_l3                 0x008446         Code  Gb  vreg_util.o [4]
?pop_w4                 0x0083e5         Code  Gb  vreg_util.o [4]
?push_l0                0x0083f4         Code  Gb  vreg_util.o [4]
?push_l1                0x0083f9         Code  Gb  vreg_util.o [4]
?push_l2                0x0083fe         Code  Gb  vreg_util.o [4]
?push_l3                0x008403         Code  Gb  vreg_util.o [4]
?push_w4                0x0083cd         Code  Gb  vreg_util.o [4]
?sdiv16_x_x_y           0x00886f         Code  Gb  short.o [4]
?sll16_x_x_4            0x0088a2         Code  Gb  short.o [4]
?sll16_x_x_5            0x0088a1         Code  Gb  short.o [4]
?sll16_x_x_6            0x0088a0         Code  Gb  short.o [4]
?sll16_x_x_a            0x008898         Code  Gb  short.o [4]
?sll32_0x_0x_a          0x0083bf         Code  Gb  long.o [4]
?sll32_l0_l0_a          0x0083bc         Code  Gb  long.o [4]
?smod16_y_x_y           0x008888         Code  Gb  short.o [4]
?srl16_x_x_4            0x0088a7         Code  Gb  short.o [4]
?sub32_l0_l0_0x         0x0082a5         Code  Gb  long.o [4]
?sub32_l0_l0_l1         0x0082a2         Code  Gb  long.o [4]
?udiv32_l0_dl_l1        0x008347         Code  Gb  long.o [4]
?udiv32_l0_l0_dl        0x00834c         Code  Gb  long.o [4]
?udiv32_l0_l0_l1        0x00834f         Code  Gb  long.o [4]
?umod32_l1_l0_l1        0x00834f         Code  Gb  long.o [4]
?w0                     0x000000         Data  Gb  vregs.o [4]
?w1                     0x000002         Data  Gb  vregs.o [4]
?w2                     0x000004         Data  Gb  vregs.o [4]
?w3                     0x000006         Data  Gb  vregs.o [4]
?w4                     0x000008         Data  Gb  vregs.o [4]
?w5                     0x00000a         Data  Gb  vregs.o [4]
?w6                     0x00000c         Data  Gb  vregs.o [4]
?w7                     0x00000e         Data  Gb  vregs.o [4]
ADC1_ClearITPendingBit  0x0084bf   0xad  Code  Gb  stm8s_adc1.o [1]
ADC1_GetConversionValue
                        0x0087d3   0x55  Code  Gb  stm8s_adc1.o [1]
ADC1_IRQHandler         0x008900   0x25  Code  Gb  stm8s_it.o [1]
AWU_IRQHandler          0x0089eb    0x1  Code  Gb  stm8s_it.o [1]
CLK_GetClockFreq        0x00877c   0x57  Code  Gb  stm8s_clk.o [1]
CLK_IRQHandler          0x0089ec    0x1  Code  Gb  stm8s_it.o [1]
CSTACK$$Base            0x000300          --   Gb  - Linker created -
CSTACK$$Limit           0x000400          --   Gb  - Linker created -
Conversion_Value        0x000010    0x2  Data  Gb  main.o [1]
EEPROM_EEC_IRQHandler   0x0089fb    0x1  Code  Gb  stm8s_it.o [1]
EXTI_PORTA_IRQHandler   0x0089ed    0x1  Code  Gb  stm8s_it.o [1]
EXTI_PORTB_IRQHandler   0x0089ee    0x1  Code  Gb  stm8s_it.o [1]
EXTI_PORTC_IRQHandler   0x0089ef    0x1  Code  Gb  stm8s_it.o [1]
EXTI_PORTD_IRQHandler   0x0089f0    0x1  Code  Gb  stm8s_it.o [1]
EXTI_PORTE_IRQHandler   0x0089f1    0x1  Code  Gb  stm8s_it.o [1]
HSIDivFactor            0x0089d0    0x4  Data  Gb  stm8s_clk.o [1]
I2C_IRQHandler          0x0089f9    0x1  Code  Gb  stm8s_it.o [1]
INTVEC$$Base            0x008000          --   Gb  - Linker created -
INTVEC$$Limit           0x008080          --   Gb  - Linker created -
Region$$Table$$Base     0x00894a          --   Gb  - Linker created -
Region$$Table$$Limit    0x008952          --   Gb  - Linker created -
SPI_IRQHandler          0x0089f2    0x1  Code  Gb  stm8s_it.o [1]
SendrStr                0x0088d9   0x27  Code  Gb  uart.o [1]
TIM1_CAP_COM_IRQHandler
                        0x0089f4    0x1  Code  Gb  stm8s_it.o [1]
TIM1_UPD_OVF_TRG_BRK_IRQHandler
                        0x0089f3    0x1  Code  Gb  stm8s_it.o [1]
TIM2_CAP_COM_IRQHandler
                        0x0089f6    0x1  Code  Gb  stm8s_it.o [1]
TIM2_UPD_OVF_BRK_IRQHandler
                        0x0089f5    0x1  Code  Gb  stm8s_it.o [1]
TIM4_UPD_OVF_IRQHandler
                        0x0089fa    0x1  Code  Gb  stm8s_it.o [1]
TLI_IRQHandler          0x0089ea    0x1  Code  Gb  stm8s_it.o [1]
TRAP_IRQHandler         0x0089e9    0x1  Code  Gb  stm8s_it.o [1]
UART1_DeInit            0x0088ac   0x2d  Code  Gb  stm8s_uart1.o [1]
UART1_GetFlagStatus     0x00856c   0x9e  Code  Gb  stm8s_uart1.o [1]
UART1_Init              0x008080  0x222  Code  Gb  stm8s_uart1.o [1]
UART1_RX_IRQHandler     0x0089f8    0x1  Code  Gb  stm8s_it.o [1]
UART1_SendData8         0x0089d4    0x4  Code  Gb  stm8s_uart1.o [1]
UART1_TX_IRQHandler     0x0089f7    0x1  Code  Gb  stm8s_it.o [1]
__DebugBreak            0x0089fc    0x1  Code  Gb  __dbg_break.o [3]
__exit                  0x008984   0x14  Code  Gb  __dbg_xxexit.o [3]
__iar_data_init2        0x008970   0x14  Code  Gb  init.o [4]
__iar_program_start     0x008998         Code  Gb  cstartup.o [4]
__iar_unhandled_exception
                        0x0089e4         Code  Gb  unhandled_exception.o [4]
__iar_zero_init2        0x008952         Code  Gb  init_small.o [4]
__intvec                0x008000         Data  Gb  interrupt.o [4]
__low_level_init        0x0089de    0x3  Code  Gb  low_level_init.o [4]
_exit                   0x0089cb         Code  Gb  cexit.o [4]
_interrupt_1            0x0089e9         Code  Gb  stm8s_it.o [1]
_interrupt_12           0x0089f2         Code  Gb  stm8s_it.o [1]
_interrupt_13           0x0089f3         Code  Gb  stm8s_it.o [1]
_interrupt_14           0x0089f4         Code  Gb  stm8s_it.o [1]
_interrupt_15           0x0089f5         Code  Gb  stm8s_it.o [1]
_interrupt_16           0x0089f6         Code  Gb  stm8s_it.o [1]
_interrupt_19           0x0089f7         Code  Gb  stm8s_it.o [1]
_interrupt_2            0x0089ea         Code  Gb  stm8s_it.o [1]
_interrupt_20           0x0089f8         Code  Gb  stm8s_it.o [1]
_interrupt_21           0x0089f9         Code  Gb  stm8s_it.o [1]
_interrupt_24           0x008900         Code  Gb  stm8s_it.o [1]
_interrupt_25           0x0089fa         Code  Gb  stm8s_it.o [1]
_interrupt_26           0x0089fb         Code  Gb  stm8s_it.o [1]
_interrupt_3            0x0089eb         Code  Gb  stm8s_it.o [1]
_interrupt_4            0x0089ec         Code  Gb  stm8s_it.o [1]
_interrupt_5            0x0089ed         Code  Gb  stm8s_it.o [1]
_interrupt_6            0x0089ee         Code  Gb  stm8s_it.o [1]
_interrupt_7            0x0089ef         Code  Gb  stm8s_it.o [1]
_interrupt_8            0x0089f0         Code  Gb  stm8s_it.o [1]
_interrupt_9            0x0089f1         Code  Gb  stm8s_it.o [1]
assert_failed           0x0089e7    0x2  Code  Gb  main.o [1]
exit                    0x0089e1    0x3  Code  Gb  exit.o [4]
main                    0x00860a   0x9b  Code  Gb  main.o [1]


[1] = C:\Users\Administrator\Desktop\STM8S\ADC\Debug\Obj
[2] = command line
[3] = dbgstm8smd.a
[4] = dlstm8smn.a

  2 180 bytes of readonly  code memory
    377 bytes of readonly  data memory
    274 bytes of readwrite data memory

Errors: none
Warnings: none
