###############################################################################
#
# IAR ELF Linker V3.10.1.201 for STM8                     02/Aug/2019  15:54:08
# Copyright 2010-2017 IAR Systems AB.
#
#    Output file  =  C:\Users\Administrator\Desktop\STM8S\ADC\Debug\Exe\ADC.out
#    Map file     =  
#        C:\Users\Administrator\Desktop\STM8S\ADC\Debug\List\ADC.map
#    Command line =  
#        -f C:\Users\ADMINI~1\AppData\Local\Temp\EW3B11.tmp
#        (C:\Users\Administrator\Desktop\STM8S\ADC\Debug\Obj\main.o
#        C:\Users\Administrator\Desktop\STM8S\ADC\Debug\Obj\stm8s_adc1.o
#        C:\Users\Administrator\Desktop\STM8S\ADC\Debug\Obj\stm8s_clk.o
#        C:\Users\Administrator\Desktop\STM8S\ADC\Debug\Obj\stm8s_gpio.o
#        C:\Users\Administrator\Desktop\STM8S\ADC\Debug\Obj\stm8s_it.o
#        --redirect _Printf=_PrintfFullNoMb --redirect _Scanf=_ScanfFullNoMb -o
#        C:\Users\Administrator\Desktop\STM8S\ADC\Debug\Exe\ADC.out --map
#        C:\Users\Administrator\Desktop\STM8S\ADC\Debug\List\ADC.map --config
#        "D:\Program Files (x86)\IAR Systems\Embedded Workbench
#        8.0\stm8\config\lnkstm8s003f3.icf" --config_def _CSTACK_SIZE=0x100
#        --config_def _HEAP_SIZE=0x100 --entry __iar_program_start --debug_lib)
#
###############################################################################

*******************************************************************************
*** RUNTIME MODEL ATTRIBUTES
***

__SystemLibrary            = DLib
__code_model               = small
__core                     = stm8
__data_model               = medium
__dlib_file_descriptor     = 0
__dlib_full_locale_support = 0
__rt_version               = 4


*******************************************************************************
*** PLACEMENT SUMMARY
***

"A0":  place at start of [0x000000-0x0000ff] { rw section .vregs };
"A1":  place at end of [0x000000-0x0003ff] { block CSTACK };
"P2":  place in [from 0x000000 to 0x0003ff] {
          block HEAP, rw section __DLIB_PERTHREAD, rw section .far.bss,
          rw section .far.data, rw section .far.noinit,
          rw section .far_func.textrw, rw section .huge.bss,
          rw section .huge.data, rw section .huge.noinit,
          rw section .huge_func.textrw, rw section .iar.dynexit,
          rw section .near.bss, rw section .near.data, rw section .near.noinit,
          rw section .near_func.textrw };
"A2":  place at start of [0x008000-0x009fff] { block INTVEC };
"P3":  place in [from 0x008000 to 0x009fff] {
          ro section __DLIB_PERTHREAD_init, ro section .far.data_init,
          ro section .far_func.textrw_init, ro section .huge.data_init,
          ro section .huge_func.textrw_init, ro section .iar.init_table,
          ro section .init_array, ro section .near.data_init,
          ro section .near.rodata, ro section .near_func.text,
          ro section .near_func.textrw_init, ro section .tiny.data_init,
          ro section .tiny.rodata_init };
"P4":  place in [from 0x008000 to 0x009fff] {
          ro section .far.rodata, ro section .far_func.text };
"P5":  place in [from 0x008000 to 0x009fff] {
          ro section .huge.rodata, ro section .huge_func.text };
do not initialize {
   rw section .eeprom.noinit, rw section .far.noinit, rw section .huge.noinit,
   rw section .near.noinit, rw section .tiny.noinit, rw section .vregs };

  Section          Kind      Address   Size  Object
  -------          ----      -------   ----  ------
"A0":                                  0x10
  .vregs           uninit   0x000000   0x10  vregs.o [4]
                          - 0x000010   0x10

"P2":                                   0x2
  .near.bss        zero     0x000010    0x2  main.o [1]
                          - 0x000012    0x2

"A1":                                 0x100
  CSTACK                    0x000300  0x100  <Block>
    CSTACK         uninit   0x000300  0x100  <Block tail>
                          - 0x000400  0x100

"A2":                                  0x80
  INTVEC                    0x008000   0x80  <Block>
    .intvec        const    0x008000   0x80  interrupt.o [4]
                          - 0x008080   0x80

"P3-P5":                              0x8ff
  .near_func.text  ro code  0x008080  0x19a  stm8s_adc1.o [1]
  .near_func.text  ro code  0x00821a  0x110  stm8s_gpio.o [1]
  .near_func.text  ro code  0x00832a   0xfc  stm8s_adc1.o [1]
  .near_func.text  ro code  0x008426   0xbe  stm8s_adc1.o [1]
  .near_func.text  ro code  0x0084e4   0xad  stm8s_adc1.o [1]
  .near_func.text  ro code  0x008591   0x97  vreg_util.o [4]
  .near.rodata     const    0x008628   0x6b  stm8s_adc1.o [1]
  .near.rodata     const    0x008693   0x6b  stm8s_gpio.o [1]
  .near_func.text  ro code  0x0086fe   0x5b  stm8s_adc1.o [1]
  .near_func.text  ro code  0x008759   0x59  stm8s_adc1.o [1]
  .near_func.text  ro code  0x0087b2   0x55  stm8s_adc1.o [1]
  .near_func.text  ro code  0x008807   0x55  stm8s_adc1.o [1]
  .near_func.text  ro code  0x00885c   0x32  main.o [1]
  .near_func.text  ro code  0x00888e   0x31  stm8s_adc1.o [1]
  .iar.init_table  const    0x0088bf    0x8  - Linker created -
  .near_func.text  ro code  0x0088c7   0x1f  stm8s_it.o [1]
  .near_func.text  ro code  0x0088e6   0x1e  init_small.o [4]
  .near_func.text  ro code  0x008904   0x14  init.o [4]
  .near_func.text  ro code  0x008918   0x14  __dbg_xxexit.o [3]
  .near_func.text  ro code  0x00892c   0x13  cstartup.o [4]
  .near_func.text  ro code  0x00893f    0xf  short.o [4]
  .near_func.text  ro code  0x00894e    0x5  main.o [1]
  .near_func.text  ro code  0x008953    0x5  stm8s_adc1.o [1]
  .near_func.text  ro code  0x008958    0x5  cexit.o [4]
  .near_func.text  ro code  0x00895d    0x3  interrupt.o [4]
  .near_func.text  ro code  0x008960    0x3  low_level_init.o [4]
  .near_func.text  ro code  0x008963    0x3  exit.o [4]
  .near_func.text  ro code  0x008966    0x3  unhandled_exception.o [4]
  .near_func.text  ro code  0x008969    0x2  main.o [1]
  .near_func.text  ro code  0x00896b    0x1  stm8s_it.o [1]
  .near_func.text  ro code  0x00896c    0x1  stm8s_it.o [1]
  .near_func.text  ro code  0x00896d    0x1  stm8s_it.o [1]
  .near_func.text  ro code  0x00896e    0x1  stm8s_it.o [1]
  .near_func.text  ro code  0x00896f    0x1  stm8s_it.o [1]
  .near_func.text  ro code  0x008970    0x1  stm8s_it.o [1]
  .near_func.text  ro code  0x008971    0x1  stm8s_it.o [1]
  .near_func.text  ro code  0x008972    0x1  stm8s_it.o [1]
  .near_func.text  ro code  0x008973    0x1  stm8s_it.o [1]
  .near_func.text  ro code  0x008974    0x1  stm8s_it.o [1]
  .near_func.text  ro code  0x008975    0x1  stm8s_it.o [1]
  .near_func.text  ro code  0x008976    0x1  stm8s_it.o [1]
  .near_func.text  ro code  0x008977    0x1  stm8s_it.o [1]
  .near_func.text  ro code  0x008978    0x1  stm8s_it.o [1]
  .near_func.text  ro code  0x008979    0x1  stm8s_it.o [1]
  .near_func.text  ro code  0x00897a    0x1  stm8s_it.o [1]
  .near_func.text  ro code  0x00897b    0x1  stm8s_it.o [1]
  .near_func.text  ro code  0x00897c    0x1  stm8s_it.o [1]
  .near_func.text  ro code  0x00897d    0x1  stm8s_it.o [1]
  .near_func.text  ro code  0x00897e    0x1  __dbg_break.o [3]
                          - 0x00897f  0x8ff


*******************************************************************************
*** INIT TABLE
***

          Address   Size
          -------   ----
Zero (__iar_zero_init2)
    1 destination range, total size 0x2:
          0x000010   0x2



*******************************************************************************
*** MODULE SUMMARY
***

    Module                 ro code  ro data  rw data
    ------                 -------  -------  -------
C:\Users\Administrator\Desktop\STM8S\ADC\Debug\Obj: [1]
    main.o                      57                 2
    stm8s_adc1.o             1 429      107
    stm8s_gpio.o               272      107
    stm8s_it.o                  50
    ------------------------------------------------
    Total:                   1 808      214        2

command line: [2]
    ------------------------------------------------
    Total:

dbgstm8smd.a: [3]
    __dbg_break.o                1
    __dbg_xxexit.o              20
    ------------------------------------------------
    Total:                      21

dlstm8smn.a: [4]
    cexit.o                      5
    cstartup.o                  19
    exit.o                       3
    init.o                      20
    init_small.o                30
    interrupt.o                  3      128
    low_level_init.o             3
    short.o                     15
    unhandled_exception.o        3
    vreg_util.o                151
    vregs.o                                       16
    ------------------------------------------------
    Total:                     252      128       16

    Linker created                        8      256
----------------------------------------------------
    Grand Total:             2 081      350      274


*******************************************************************************
*** ENTRY LIST
***

Entry                    Address   Size  Type      Object
-----                    -------   ----  ----      ------
.iar.init_table$$Base   0x0088bf          --   Gb  - Linker created -
.iar.init_table$$Limit  0x0088c7          --   Gb  - Linker created -
?b0                     0x000000         Data  Gb  vregs.o [4]
?b1                     0x000001         Data  Gb  vregs.o [4]
?b10                    0x00000a         Data  Gb  vregs.o [4]
?b11                    0x00000b         Data  Gb  vregs.o [4]
?b12                    0x00000c         Data  Gb  vregs.o [4]
?b13                    0x00000d         Data  Gb  vregs.o [4]
?b14                    0x00000e         Data  Gb  vregs.o [4]
?b15                    0x00000f         Data  Gb  vregs.o [4]
?b2                     0x000002         Data  Gb  vregs.o [4]
?b3                     0x000003         Data  Gb  vregs.o [4]
?b4                     0x000004         Data  Gb  vregs.o [4]
?b5                     0x000005         Data  Gb  vregs.o [4]
?b6                     0x000006         Data  Gb  vregs.o [4]
?b7                     0x000007         Data  Gb  vregs.o [4]
?b8                     0x000008         Data  Gb  vregs.o [4]
?b9                     0x000009         Data  Gb  vregs.o [4]
?e0                     0x000001         Data  Gb  vregs.o [4]
?e1                     0x000005         Data  Gb  vregs.o [4]
?e2                     0x000009         Data  Gb  vregs.o [4]
?e3                     0x00000d         Data  Gb  vregs.o [4]
?epilogue_l2            0x008620         Code  Gb  vreg_util.o [4]
?epilogue_l2_l3         0x00861d         Code  Gb  vreg_util.o [4]
?epilogue_w4            0x008624         Code  Gb  vreg_util.o [4]
?l0                     0x000000         Data  Gb  vregs.o [4]
?l1                     0x000004         Data  Gb  vregs.o [4]
?l2                     0x000008         Data  Gb  vregs.o [4]
?l3                     0x00000c         Data  Gb  vregs.o [4]
?pop_l0                 0x0085e9         Code  Gb  vreg_util.o [4]
?pop_l1                 0x0085f4         Code  Gb  vreg_util.o [4]
?pop_l2                 0x0085ff         Code  Gb  vreg_util.o [4]
?pop_l3                 0x00860a         Code  Gb  vreg_util.o [4]
?pop_w4                 0x0085a9         Code  Gb  vreg_util.o [4]
?push_l0                0x0085b8         Code  Gb  vreg_util.o [4]
?push_l1                0x0085bd         Code  Gb  vreg_util.o [4]
?push_l2                0x0085c2         Code  Gb  vreg_util.o [4]
?push_l3                0x0085c7         Code  Gb  vreg_util.o [4]
?push_w4                0x008591         Code  Gb  vreg_util.o [4]
?sll16_x_x_4            0x008949         Code  Gb  short.o [4]
?sll16_x_x_5            0x008948         Code  Gb  short.o [4]
?sll16_x_x_6            0x008947         Code  Gb  short.o [4]
?sll16_x_x_a            0x00893f         Code  Gb  short.o [4]
?w0                     0x000000         Data  Gb  vregs.o [4]
?w1                     0x000002         Data  Gb  vregs.o [4]
?w2                     0x000004         Data  Gb  vregs.o [4]
?w3                     0x000006         Data  Gb  vregs.o [4]
?w4                     0x000008         Data  Gb  vregs.o [4]
?w5                     0x00000a         Data  Gb  vregs.o [4]
?w6                     0x00000c         Data  Gb  vregs.o [4]
?w7                     0x00000e         Data  Gb  vregs.o [4]
ADC1_ClearITPendingBit  0x0084e4   0xad  Code  Gb  stm8s_adc1.o [1]
ADC1_ConversionConfig   0x008426   0xbe  Code  Gb  stm8s_adc1.o [1]
ADC1_DeInit             0x00888e   0x31  Code  Gb  stm8s_adc1.o [1]
ADC1_ExternalTriggerConfig
                        0x008759   0x59  Code  Gb  stm8s_adc1.o [1]
ADC1_GetConversionValue
                        0x008807   0x55  Code  Gb  stm8s_adc1.o [1]
ADC1_IRQHandler         0x0088c7   0x1f  Code  Gb  stm8s_it.o [1]
ADC1_ITConfig           0x0086fe   0x5b  Code  Gb  stm8s_adc1.o [1]
ADC1_Init               0x008080  0x19a  Code  Gb  stm8s_adc1.o [1]
ADC1_PrescalerConfig    0x0087b2   0x55  Code  Gb  stm8s_adc1.o [1]
ADC1_SchmittTriggerConfig
                        0x00832a   0xfc  Code  Gb  stm8s_adc1.o [1]
ADC1_StartConversion    0x008953    0x5  Code  Gb  stm8s_adc1.o [1]
ADC_Config              0x00885c   0x32  Code  Lc  main.o [1]
AWU_IRQHandler          0x00896d    0x1  Code  Gb  stm8s_it.o [1]
CLK_IRQHandler          0x00896e    0x1  Code  Gb  stm8s_it.o [1]
CSTACK$$Base            0x000300          --   Gb  - Linker created -
CSTACK$$Limit           0x000400          --   Gb  - Linker created -
Conversion_Value        0x000010    0x2  Data  Gb  main.o [1]
EEPROM_EEC_IRQHandler   0x00897d    0x1  Code  Gb  stm8s_it.o [1]
EXTI_PORTA_IRQHandler   0x00896f    0x1  Code  Gb  stm8s_it.o [1]
EXTI_PORTB_IRQHandler   0x008970    0x1  Code  Gb  stm8s_it.o [1]
EXTI_PORTC_IRQHandler   0x008971    0x1  Code  Gb  stm8s_it.o [1]
EXTI_PORTD_IRQHandler   0x008972    0x1  Code  Gb  stm8s_it.o [1]
EXTI_PORTE_IRQHandler   0x008973    0x1  Code  Gb  stm8s_it.o [1]
GPIO_Init               0x00821a  0x110  Code  Gb  stm8s_gpio.o [1]
I2C_IRQHandler          0x00897b    0x1  Code  Gb  stm8s_it.o [1]
INTVEC$$Base            0x008000          --   Gb  - Linker created -
INTVEC$$Limit           0x008080          --   Gb  - Linker created -
Region$$Table$$Base     0x0088bf          --   Gb  - Linker created -
Region$$Table$$Limit    0x0088c7          --   Gb  - Linker created -
SPI_IRQHandler          0x008974    0x1  Code  Gb  stm8s_it.o [1]
TIM1_CAP_COM_IRQHandler
                        0x008976    0x1  Code  Gb  stm8s_it.o [1]
TIM1_UPD_OVF_TRG_BRK_IRQHandler
                        0x008975    0x1  Code  Gb  stm8s_it.o [1]
TIM2_CAP_COM_IRQHandler
                        0x008978    0x1  Code  Gb  stm8s_it.o [1]
TIM2_UPD_OVF_BRK_IRQHandler
                        0x008977    0x1  Code  Gb  stm8s_it.o [1]
TIM4_UPD_OVF_IRQHandler
                        0x00897c    0x1  Code  Gb  stm8s_it.o [1]
TLI_IRQHandler          0x00896c    0x1  Code  Gb  stm8s_it.o [1]
TRAP_IRQHandler         0x00896b    0x1  Code  Gb  stm8s_it.o [1]
UART1_RX_IRQHandler     0x00897a    0x1  Code  Gb  stm8s_it.o [1]
UART1_TX_IRQHandler     0x008979    0x1  Code  Gb  stm8s_it.o [1]
__DebugBreak            0x00897e    0x1  Code  Gb  __dbg_break.o [3]
__exit                  0x008918   0x14  Code  Gb  __dbg_xxexit.o [3]
__iar_data_init2        0x008904   0x14  Code  Gb  init.o [4]
__iar_program_start     0x00892c         Code  Gb  cstartup.o [4]
__iar_unhandled_exception
                        0x008966         Code  Gb  unhandled_exception.o [4]
__iar_zero_init2        0x0088e6         Code  Gb  init_small.o [4]
__intvec                0x008000         Data  Gb  interrupt.o [4]
__low_level_init        0x008960    0x3  Code  Gb  low_level_init.o [4]
_exit                   0x008958         Code  Gb  cexit.o [4]
_interrupt_1            0x00896b         Code  Gb  stm8s_it.o [1]
_interrupt_12           0x008974         Code  Gb  stm8s_it.o [1]
_interrupt_13           0x008975         Code  Gb  stm8s_it.o [1]
_interrupt_14           0x008976         Code  Gb  stm8s_it.o [1]
_interrupt_15           0x008977         Code  Gb  stm8s_it.o [1]
_interrupt_16           0x008978         Code  Gb  stm8s_it.o [1]
_interrupt_19           0x008979         Code  Gb  stm8s_it.o [1]
_interrupt_2            0x00896c         Code  Gb  stm8s_it.o [1]
_interrupt_20           0x00897a         Code  Gb  stm8s_it.o [1]
_interrupt_21           0x00897b         Code  Gb  stm8s_it.o [1]
_interrupt_24           0x0088c7         Code  Gb  stm8s_it.o [1]
_interrupt_25           0x00897c         Code  Gb  stm8s_it.o [1]
_interrupt_26           0x00897d         Code  Gb  stm8s_it.o [1]
_interrupt_3            0x00896d         Code  Gb  stm8s_it.o [1]
_interrupt_4            0x00896e         Code  Gb  stm8s_it.o [1]
_interrupt_5            0x00896f         Code  Gb  stm8s_it.o [1]
_interrupt_6            0x008970         Code  Gb  stm8s_it.o [1]
_interrupt_7            0x008971         Code  Gb  stm8s_it.o [1]
_interrupt_8            0x008972         Code  Gb  stm8s_it.o [1]
_interrupt_9            0x008973         Code  Gb  stm8s_it.o [1]
assert_failed           0x008969    0x2  Code  Gb  main.o [1]
exit                    0x008963    0x3  Code  Gb  exit.o [4]
main                    0x00894e    0x5  Code  Gb  main.o [1]


[1] = C:\Users\Administrator\Desktop\STM8S\ADC\Debug\Obj
[2] = command line
[3] = dbgstm8smd.a
[4] = dlstm8smn.a

  2 081 bytes of readonly  code memory
    350 bytes of readonly  data memory
    274 bytes of readwrite data memory

Errors: none
Warnings: none
