###############################################################################
#
# IAR ELF Linker V3.10.1.201 for STM8                     07/Oct/2019  16:26:10
# Copyright 2010-2017 IAR Systems AB.
#
#    Output file  =  
#        C:\Users\linzijun\Desktop\STM8S\Time_PWM\Debug\Exe\RGB_TIME.out
#    Map file     =  
#        C:\Users\linzijun\Desktop\STM8S\Time_PWM\Debug\List\RGB_TIME.map
#    Command line =  
#        -f C:\Users\linzijun\AppData\Local\Temp\EW2946.tmp
#        (C:\Users\linzijun\Desktop\STM8S\Time_PWM\Debug\Obj\main.o
#        C:\Users\linzijun\Desktop\STM8S\Time_PWM\Debug\Obj\stm8s_it.o
#        C:\Users\linzijun\Desktop\STM8S\Time_PWM\Debug\Obj\stm8s_tim1.o
#        C:\Users\linzijun\Desktop\STM8S\Time_PWM\Debug\Obj\stm8s_tim2.o
#        --redirect _Printf=_PrintfFullNoMb --redirect _Scanf=_ScanfFullNoMb -o
#        C:\Users\linzijun\Desktop\STM8S\Time_PWM\Debug\Exe\RGB_TIME.out --map
#        C:\Users\linzijun\Desktop\STM8S\Time_PWM\Debug\List\RGB_TIME.map
#        --config "D:\Program Files (x86)\IAR Systems\Embedded Workbench
#        8.0\stm8\config\lnkstm8s003f3.icf" --config_def _CSTACK_SIZE=0x100
#        --config_def _HEAP_SIZE=0x100 --entry __iar_program_start --debug_lib)
#
###############################################################################

*******************************************************************************
*** RUNTIME MODEL ATTRIBUTES
***

__SystemLibrary            = DLib
__code_model               = small
__core                     = stm8
__data_model               = medium
__dlib_file_descriptor     = 0
__dlib_full_locale_support = 0
__rt_version               = 4


*******************************************************************************
*** PLACEMENT SUMMARY
***

"A0":  place at start of [0x000000-0x0000ff] { rw section .vregs };
"A1":  place at end of [0x000000-0x0003ff] { block CSTACK };
"P2":  place in [from 0x000000 to 0x0003ff] {
          block HEAP, rw section __DLIB_PERTHREAD, rw section .far.bss,
          rw section .far.data, rw section .far.noinit,
          rw section .far_func.textrw, rw section .huge.bss,
          rw section .huge.data, rw section .huge.noinit,
          rw section .huge_func.textrw, rw section .iar.dynexit,
          rw section .near.bss, rw section .near.data, rw section .near.noinit,
          rw section .near_func.textrw };
"A2":  place at start of [0x008000-0x009fff] { block INTVEC };
"P3":  place in [from 0x008000 to 0x009fff] {
          ro section __DLIB_PERTHREAD_init, ro section .far.data_init,
          ro section .far_func.textrw_init, ro section .huge.data_init,
          ro section .huge_func.textrw_init, ro section .iar.init_table,
          ro section .init_array, ro section .near.data_init,
          ro section .near.rodata, ro section .near_func.text,
          ro section .near_func.textrw_init, ro section .tiny.data_init,
          ro section .tiny.rodata_init };
"P4":  place in [from 0x008000 to 0x009fff] {
          ro section .far.rodata, ro section .far_func.text };
"P5":  place in [from 0x008000 to 0x009fff] {
          ro section .huge.rodata, ro section .huge_func.text };
do not initialize {
   rw section .eeprom.noinit, rw section .far.noinit, rw section .huge.noinit,
   rw section .near.noinit, rw section .tiny.noinit, rw section .vregs };

  Section          Kind      Address   Size  Object
  -------          ----      -------   ----  ------
"A0":                                  0x10
  .vregs           uninit   0x000000   0x10  vregs.o [4]
                          - 0x000010   0x10

"P2":                                   0x4
  .near.bss        zero     0x000010    0x2  main.o [1]
  .near.bss        zero     0x000012    0x2  main.o [1]
                          - 0x000014    0x4

"A1":                                 0x100
  CSTACK                    0x000300  0x100  <Block>
    CSTACK         uninit   0x000300  0x100  <Block tail>
                          - 0x000400  0x100

"A2":                                  0x80
  INTVEC                    0x008000   0x80  <Block>
    .intvec        const    0x008000   0x80  interrupt.o [4]
                          - 0x008080   0x80

"P3-P5":                              0xaed
  .near_func.text  ro code  0x008080  0x147  stm8s_tim1.o [1]
  .near_func.text  ro code  0x0081c7  0x147  stm8s_tim1.o [1]
  .near_func.text  ro code  0x00830e  0x147  stm8s_tim1.o [1]
  .near_func.text  ro code  0x008455   0xac  stm8s_tim2.o [1]
  .near_func.text  ro code  0x008501   0xac  stm8s_tim2.o [1]
  .near_func.text  ro code  0x0085ad   0xac  stm8s_tim2.o [1]
  .near_func.text  ro code  0x008659   0x99  stm8s_tim1.o [1]
  .near_func.text  ro code  0x0086f2   0x73  vreg_util.o [4]
  .near_func.text  ro code  0x008765   0x68  main.o [1]
  .near.rodata     const    0x0087cd   0x66  stm8s_tim1.o [1]
  .near.rodata     const    0x008833   0x66  stm8s_tim2.o [1]
  .near_func.text  ro code  0x008899   0x65  main.o [1]
  .near_func.text  ro code  0x0088fe   0x60  stm8s_tim1.o [1]
  .near_func.text  ro code  0x00895e   0x59  stm8s_tim2.o [1]
  .near_func.text  ro code  0x0089b7   0x41  main.o [1]
  .near_func.text  ro code  0x0089f8   0x2f  stm8s_tim1.o [1]
  .near_func.text  ro code  0x008a27   0x2f  stm8s_tim1.o [1]
  .near_func.text  ro code  0x008a56   0x2f  stm8s_tim2.o [1]
  .near_func.text  ro code  0x008a85   0x2c  main.o [1]
  .iar.init_table  const    0x008ab1    0x8  - Linker created -
  .near_func.text  ro code  0x008ab9   0x1e  init_small.o [4]
  .near_func.text  ro code  0x008ad7   0x18  main.o [1]
  .near_func.text  ro code  0x008aef   0x14  init.o [4]
  .near_func.text  ro code  0x008b03   0x14  __dbg_xxexit.o [3]
  .near_func.text  ro code  0x008b17   0x13  cstartup.o [4]
  .near_func.text  ro code  0x008b2a    0xf  main.o [1]
  .near_func.text  ro code  0x008b39    0xc  stm8s_tim2.o [1]
  .near_func.text  ro code  0x008b45    0x5  cexit.o [4]
  .near_func.text  ro code  0x008b4a    0x3  interrupt.o [4]
  .near_func.text  ro code  0x008b4d    0x3  low_level_init.o [4]
  .near_func.text  ro code  0x008b50    0x3  exit.o [4]
  .near_func.text  ro code  0x008b53    0x3  unhandled_exception.o [4]
  .near_func.text  ro code  0x008b56    0x2  main.o [1]
  .near_func.text  ro code  0x008b58    0x1  stm8s_it.o [1]
  .near_func.text  ro code  0x008b59    0x1  stm8s_it.o [1]
  .near_func.text  ro code  0x008b5a    0x1  stm8s_it.o [1]
  .near_func.text  ro code  0x008b5b    0x1  stm8s_it.o [1]
  .near_func.text  ro code  0x008b5c    0x1  stm8s_it.o [1]
  .near_func.text  ro code  0x008b5d    0x1  stm8s_it.o [1]
  .near_func.text  ro code  0x008b5e    0x1  stm8s_it.o [1]
  .near_func.text  ro code  0x008b5f    0x1  stm8s_it.o [1]
  .near_func.text  ro code  0x008b60    0x1  stm8s_it.o [1]
  .near_func.text  ro code  0x008b61    0x1  stm8s_it.o [1]
  .near_func.text  ro code  0x008b62    0x1  stm8s_it.o [1]
  .near_func.text  ro code  0x008b63    0x1  stm8s_it.o [1]
  .near_func.text  ro code  0x008b64    0x1  stm8s_it.o [1]
  .near_func.text  ro code  0x008b65    0x1  stm8s_it.o [1]
  .near_func.text  ro code  0x008b66    0x1  stm8s_it.o [1]
  .near_func.text  ro code  0x008b67    0x1  stm8s_it.o [1]
  .near_func.text  ro code  0x008b68    0x1  stm8s_it.o [1]
  .near_func.text  ro code  0x008b69    0x1  stm8s_it.o [1]
  .near_func.text  ro code  0x008b6a    0x1  stm8s_it.o [1]
  .near_func.text  ro code  0x008b6b    0x1  stm8s_it.o [1]
  .near_func.text  ro code  0x008b6c    0x1  __dbg_break.o [3]
                          - 0x008b6d  0xaed


*******************************************************************************
*** INIT TABLE
***

          Address   Size
          -------   ----
Zero (__iar_zero_init2)
    1 destination range, total size 0x4:
          0x000010   0x4



*******************************************************************************
*** MODULE SUMMARY
***

    Module                 ro code  ro data  rw data
    ------                 -------  -------  -------
C:\Users\linzijun\Desktop\STM8S\Time_PWM\Debug\Obj: [1]
    main.o                     355                 4
    stm8s_it.o                  20
    stm8s_tim1.o             1 324      102
    stm8s_tim2.o               664      102
    ------------------------------------------------
    Total:                   2 363      204        4

command line: [2]
    ------------------------------------------------
    Total:

dbgstm8smd.a: [3]
    __dbg_break.o                1
    __dbg_xxexit.o              20
    ------------------------------------------------
    Total:                      21

dlstm8smn.a: [4]
    cexit.o                      5
    cstartup.o                  19
    exit.o                       3
    init.o                      20
    init_small.o                30
    interrupt.o                  3      128
    low_level_init.o             3
    unhandled_exception.o        3
    vreg_util.o                115
    vregs.o                                       16
    ------------------------------------------------
    Total:                     201      128       16

    Linker created                        8      256
----------------------------------------------------
    Grand Total:             2 585      340      276


*******************************************************************************
*** ENTRY LIST
***

Entry                    Address   Size  Type      Object
-----                    -------   ----  ----      ------
.iar.init_table$$Base   0x008ab1          --   Gb  - Linker created -
.iar.init_table$$Limit  0x008ab9          --   Gb  - Linker created -
?b0                     0x000000         Data  Gb  vregs.o [4]
?b1                     0x000001         Data  Gb  vregs.o [4]
?b10                    0x00000a         Data  Gb  vregs.o [4]
?b11                    0x00000b         Data  Gb  vregs.o [4]
?b12                    0x00000c         Data  Gb  vregs.o [4]
?b13                    0x00000d         Data  Gb  vregs.o [4]
?b14                    0x00000e         Data  Gb  vregs.o [4]
?b15                    0x00000f         Data  Gb  vregs.o [4]
?b2                     0x000002         Data  Gb  vregs.o [4]
?b3                     0x000003         Data  Gb  vregs.o [4]
?b4                     0x000004         Data  Gb  vregs.o [4]
?b5                     0x000005         Data  Gb  vregs.o [4]
?b6                     0x000006         Data  Gb  vregs.o [4]
?b7                     0x000007         Data  Gb  vregs.o [4]
?b8                     0x000008         Data  Gb  vregs.o [4]
?b9                     0x000009         Data  Gb  vregs.o [4]
?e0                     0x000001         Data  Gb  vregs.o [4]
?e1                     0x000005         Data  Gb  vregs.o [4]
?e2                     0x000009         Data  Gb  vregs.o [4]
?e3                     0x00000d         Data  Gb  vregs.o [4]
?epilogue_l2_w6         0x00875a         Code  Gb  vreg_util.o [4]
?epilogue_w4            0x008761         Code  Gb  vreg_util.o [4]
?l0                     0x000000         Data  Gb  vregs.o [4]
?l1                     0x000004         Data  Gb  vregs.o [4]
?l2                     0x000008         Data  Gb  vregs.o [4]
?l3                     0x00000c         Data  Gb  vregs.o [4]
?pop_l2                 0x008747         Code  Gb  vreg_util.o [4]
?pop_w4                 0x00870f         Code  Gb  vreg_util.o [4]
?pop_w6                 0x008716         Code  Gb  vreg_util.o [4]
?push_l2                0x008725         Code  Gb  vreg_util.o [4]
?push_w4                0x0086f2         Code  Gb  vreg_util.o [4]
?push_w6                0x0086f7         Code  Gb  vreg_util.o [4]
?w0                     0x000000         Data  Gb  vregs.o [4]
?w1                     0x000002         Data  Gb  vregs.o [4]
?w2                     0x000004         Data  Gb  vregs.o [4]
?w3                     0x000006         Data  Gb  vregs.o [4]
?w4                     0x000008         Data  Gb  vregs.o [4]
?w5                     0x00000a         Data  Gb  vregs.o [4]
?w6                     0x00000c         Data  Gb  vregs.o [4]
?w7                     0x00000e         Data  Gb  vregs.o [4]
ADC1_IRQHandler         0x008b69    0x1  Code  Gb  stm8s_it.o [1]
AWU_IRQHandler          0x008b5a    0x1  Code  Gb  stm8s_it.o [1]
CLK_IRQHandler          0x008b5b    0x1  Code  Gb  stm8s_it.o [1]
CSTACK$$Base            0x000300          --   Gb  - Linker created -
CSTACK$$Limit           0x000400          --   Gb  - Linker created -
EEPROM_EEC_IRQHandler   0x008b6b    0x1  Code  Gb  stm8s_it.o [1]
EXTI_PORTA_IRQHandler   0x008b5c    0x1  Code  Gb  stm8s_it.o [1]
EXTI_PORTB_IRQHandler   0x008b5d    0x1  Code  Gb  stm8s_it.o [1]
EXTI_PORTC_IRQHandler   0x008b5e    0x1  Code  Gb  stm8s_it.o [1]
EXTI_PORTD_IRQHandler   0x008b5f    0x1  Code  Gb  stm8s_it.o [1]
EXTI_PORTE_IRQHandler   0x008b60    0x1  Code  Gb  stm8s_it.o [1]
I2C_IRQHandler          0x008b68    0x1  Code  Gb  stm8s_it.o [1]
INTVEC$$Base            0x008000          --   Gb  - Linker created -
INTVEC$$Limit           0x008080          --   Gb  - Linker created -
Region$$Table$$Base     0x008ab1          --   Gb  - Linker created -
Region$$Table$$Limit    0x008ab9          --   Gb  - Linker created -
SPI_IRQHandler          0x008b61    0x1  Code  Gb  stm8s_it.o [1]
T1_RGB_VAL              0x008899   0x65  Code  Gb  main.o [1]
T2_RGB_VAL              0x0089b7   0x41  Code  Gb  main.o [1]
TIM1_CAP_COM_IRQHandler
                        0x008b63    0x1  Code  Gb  stm8s_it.o [1]
TIM1_Cmd                0x0089f8   0x2f  Code  Gb  stm8s_tim1.o [1]
TIM1_Config             0x008ad7   0x18  Code  Lc  main.o [1]
TIM1_CtrlPWMOutputs     0x008a27   0x2f  Code  Gb  stm8s_tim1.o [1]
TIM1_DeInit             0x008659   0x99  Code  Gb  stm8s_tim1.o [1]
TIM1_OC1Init            0x008080  0x147  Code  Gb  stm8s_tim1.o [1]
TIM1_OC2Init            0x0081c7  0x147  Code  Gb  stm8s_tim1.o [1]
TIM1_OC3Init            0x00830e  0x147  Code  Gb  stm8s_tim1.o [1]
TIM1_TimeBaseInit       0x0088fe   0x60  Code  Gb  stm8s_tim1.o [1]
TIM1_UPD_OVF_TRG_BRK_IRQHandler
                        0x008b62    0x1  Code  Gb  stm8s_it.o [1]
TIM2_CAP_COM_IRQHandler
                        0x008b65    0x1  Code  Gb  stm8s_it.o [1]
TIM2_Cmd                0x008a56   0x2f  Code  Gb  stm8s_tim2.o [1]
TIM2_Config             0x008b2a    0xf  Code  Lc  main.o [1]
TIM2_DeInit             0x00895e   0x59  Code  Gb  stm8s_tim2.o [1]
TIM2_OC1Init            0x008455   0xac  Code  Gb  stm8s_tim2.o [1]
TIM2_OC2Init            0x008501   0xac  Code  Gb  stm8s_tim2.o [1]
TIM2_OC3Init            0x0085ad   0xac  Code  Gb  stm8s_tim2.o [1]
TIM2_TimeBaseInit       0x008b39    0xc  Code  Gb  stm8s_tim2.o [1]
TIM2_UPD_OVF_BRK_IRQHandler
                        0x008b64    0x1  Code  Gb  stm8s_it.o [1]
TIM4_UPD_OVF_IRQHandler
                        0x008b6a    0x1  Code  Gb  stm8s_it.o [1]
TLI_IRQHandler          0x008b59    0x1  Code  Gb  stm8s_it.o [1]
TRAP_IRQHandler         0x008b58    0x1  Code  Gb  stm8s_it.o [1]
UART1_RX_IRQHandler     0x008b67    0x1  Code  Gb  stm8s_it.o [1]
UART1_TX_IRQHandler     0x008b66    0x1  Code  Gb  stm8s_it.o [1]
__DebugBreak            0x008b6c    0x1  Code  Gb  __dbg_break.o [3]
__exit                  0x008b03   0x14  Code  Gb  __dbg_xxexit.o [3]
__iar_data_init2        0x008aef   0x14  Code  Gb  init.o [4]
__iar_program_start     0x008b17         Code  Gb  cstartup.o [4]
__iar_unhandled_exception
                        0x008b53         Code  Gb  unhandled_exception.o [4]
__iar_zero_init2        0x008ab9         Code  Gb  init_small.o [4]
__intvec                0x008000         Data  Gb  interrupt.o [4]
__low_level_init        0x008b4d    0x3  Code  Gb  low_level_init.o [4]
_exit                   0x008b45         Code  Gb  cexit.o [4]
_interrupt_1            0x008b58         Code  Gb  stm8s_it.o [1]
_interrupt_12           0x008b61         Code  Gb  stm8s_it.o [1]
_interrupt_13           0x008b62         Code  Gb  stm8s_it.o [1]
_interrupt_14           0x008b63         Code  Gb  stm8s_it.o [1]
_interrupt_15           0x008b64         Code  Gb  stm8s_it.o [1]
_interrupt_16           0x008b65         Code  Gb  stm8s_it.o [1]
_interrupt_19           0x008b66         Code  Gb  stm8s_it.o [1]
_interrupt_2            0x008b59         Code  Gb  stm8s_it.o [1]
_interrupt_20           0x008b67         Code  Gb  stm8s_it.o [1]
_interrupt_21           0x008b68         Code  Gb  stm8s_it.o [1]
_interrupt_24           0x008b69         Code  Gb  stm8s_it.o [1]
_interrupt_25           0x008b6a         Code  Gb  stm8s_it.o [1]
_interrupt_26           0x008b6b         Code  Gb  stm8s_it.o [1]
_interrupt_3            0x008b5a         Code  Gb  stm8s_it.o [1]
_interrupt_4            0x008b5b         Code  Gb  stm8s_it.o [1]
_interrupt_5            0x008b5c         Code  Gb  stm8s_it.o [1]
_interrupt_6            0x008b5d         Code  Gb  stm8s_it.o [1]
_interrupt_7            0x008b5e         Code  Gb  stm8s_it.o [1]
_interrupt_8            0x008b5f         Code  Gb  stm8s_it.o [1]
_interrupt_9            0x008b60         Code  Gb  stm8s_it.o [1]
assert_failed           0x008b56    0x2  Code  Gb  main.o [1]
delay_ms                0x008a85   0x2c  Code  Gb  main.o [1]
exit                    0x008b50    0x3  Code  Gb  exit.o [4]
i                       0x000010    0x2  Data  Gb  main.o [1]
j                       0x000012    0x2  Data  Gb  main.o [1]
main                    0x008765   0x68  Code  Gb  main.o [1]


[1] = C:\Users\linzijun\Desktop\STM8S\Time_PWM\Debug\Obj
[2] = command line
[3] = dbgstm8smd.a
[4] = dlstm8smn.a

  2 585 bytes of readonly  code memory
    340 bytes of readonly  data memory
    276 bytes of readwrite data memory

Errors: none
Warnings: none
