###############################################################################
#
# IAR ELF Linker V3.10.1.201 for STM8                     31/Jul/2019  15:46:48
# Copyright 2010-2017 IAR Systems AB.
#
#    Output file  =  
#        C:\Users\Administrator\Desktop\STM8S\GPIO\Debug\Exe\GPIO.out
#    Map file     =  
#        C:\Users\Administrator\Desktop\STM8S\GPIO\Debug\List\GPIO.map
#    Command line =  
#        -f C:\Users\ADMINI~1\AppData\Local\Temp\EWDE9C.tmp
#        (C:\Users\Administrator\Desktop\STM8S\GPIO\Debug\Obj\main.o
#        C:\Users\Administrator\Desktop\STM8S\GPIO\Debug\Obj\stm8s_gpio.o
#        C:\Users\Administrator\Desktop\STM8S\GPIO\Debug\Obj\stm8s_it.o
#        --redirect _Printf=_PrintfFullNoMb --redirect _Scanf=_ScanfFullNoMb -o
#        C:\Users\Administrator\Desktop\STM8S\GPIO\Debug\Exe\GPIO.out --map
#        C:\Users\Administrator\Desktop\STM8S\GPIO\Debug\List\GPIO.map --config
#        "D:\Program Files (x86)\IAR Systems\Embedded Workbench
#        8.0\stm8\config\lnkstm8s003f3.icf" --config_def _CSTACK_SIZE=0x100
#        --config_def _HEAP_SIZE=0x100 --entry __iar_program_start --debug_lib)
#
###############################################################################

*******************************************************************************
*** RUNTIME MODEL ATTRIBUTES
***

__SystemLibrary            = DLib
__code_model               = small
__core                     = stm8
__data_model               = medium
__dlib_file_descriptor     = 0
__dlib_full_locale_support = 0
__rt_version               = 4


*******************************************************************************
*** PLACEMENT SUMMARY
***

"A0":  place at start of [0x000000-0x0000ff] { rw section .vregs };
"A1":  place at end of [0x000000-0x0003ff] { block CSTACK };
"A2":  place at start of [0x008000-0x009fff] { block INTVEC };
"P3":  place in [from 0x008000 to 0x009fff] {
          ro section __DLIB_PERTHREAD_init, ro section .far.data_init,
          ro section .far_func.textrw_init, ro section .huge.data_init,
          ro section .huge_func.textrw_init, ro section .iar.init_table,
          ro section .init_array, ro section .near.data_init,
          ro section .near.rodata, ro section .near_func.text,
          ro section .near_func.textrw_init, ro section .tiny.data_init,
          ro section .tiny.rodata_init };
"P4":  place in [from 0x008000 to 0x009fff] {
          ro section .far.rodata, ro section .far_func.text };
"P5":  place in [from 0x008000 to 0x009fff] {
          ro section .huge.rodata, ro section .huge_func.text };
do not initialize {
   rw section .eeprom.noinit, rw section .far.noinit, rw section .huge.noinit,
   rw section .near.noinit, rw section .tiny.noinit, rw section .vregs };

  Section          Kind      Address   Size  Object
  -------          ----      -------   ----  ------
"A0":                                   0xc
  .vregs           uninit   0x000000    0xc  vregs.o [4]
                          - 0x00000c    0xc

"A1":                                 0x100
  CSTACK                    0x000300  0x100  <Block>
    CSTACK         uninit   0x000300  0x100  <Block tail>
                          - 0x000400  0x100

"A2":                                  0x80
  INTVEC                    0x008000   0x80  <Block>
    .intvec        const    0x008000   0x80  interrupt.o [4]
                          - 0x008080   0x80

"P3-P5":                              0x258
  .near_func.text  ro code  0x008080  0x110  stm8s_gpio.o [1]
  .near.rodata     const    0x008190   0x6b  stm8s_gpio.o [1]
  .near_func.text  ro code  0x0081fb   0x51  vreg_util.o [4]
  .near_func.text  ro code  0x00824c   0x1b  main.o [1]
  .near_func.text  ro code  0x008267   0x14  init.o [4]
  .near_func.text  ro code  0x00827b   0x14  __dbg_xxexit.o [3]
  .near_func.text  ro code  0x00828f   0x13  cstartup.o [4]
  .near_func.text  ro code  0x0082a2    0x7  main.o [1]
  .near_func.text  ro code  0x0082a9    0x7  stm8s_gpio.o [1]
  .near_func.text  ro code  0x0082b0    0x5  cexit.o [4]
  .near_func.text  ro code  0x0082b5    0x3  interrupt.o [4]
  .near_func.text  ro code  0x0082b8    0x3  low_level_init.o [4]
  .near_func.text  ro code  0x0082bb    0x3  exit.o [4]
  .near_func.text  ro code  0x0082be    0x3  unhandled_exception.o [4]
  .near_func.text  ro code  0x0082c1    0x2  main.o [1]
  .near_func.text  ro code  0x0082c3    0x1  stm8s_it.o [1]
  .near_func.text  ro code  0x0082c4    0x1  stm8s_it.o [1]
  .near_func.text  ro code  0x0082c5    0x1  stm8s_it.o [1]
  .near_func.text  ro code  0x0082c6    0x1  stm8s_it.o [1]
  .near_func.text  ro code  0x0082c7    0x1  stm8s_it.o [1]
  .near_func.text  ro code  0x0082c8    0x1  stm8s_it.o [1]
  .near_func.text  ro code  0x0082c9    0x1  stm8s_it.o [1]
  .near_func.text  ro code  0x0082ca    0x1  stm8s_it.o [1]
  .near_func.text  ro code  0x0082cb    0x1  stm8s_it.o [1]
  .near_func.text  ro code  0x0082cc    0x1  stm8s_it.o [1]
  .near_func.text  ro code  0x0082cd    0x1  stm8s_it.o [1]
  .near_func.text  ro code  0x0082ce    0x1  stm8s_it.o [1]
  .near_func.text  ro code  0x0082cf    0x1  stm8s_it.o [1]
  .near_func.text  ro code  0x0082d0    0x1  stm8s_it.o [1]
  .near_func.text  ro code  0x0082d1    0x1  stm8s_it.o [1]
  .near_func.text  ro code  0x0082d2    0x1  stm8s_it.o [1]
  .near_func.text  ro code  0x0082d3    0x1  stm8s_it.o [1]
  .near_func.text  ro code  0x0082d4    0x1  stm8s_it.o [1]
  .near_func.text  ro code  0x0082d5    0x1  stm8s_it.o [1]
  .near_func.text  ro code  0x0082d6    0x1  stm8s_it.o [1]
  .near_func.text  ro code  0x0082d7    0x1  __dbg_break.o [3]
                          - 0x0082d8  0x258



*******************************************************************************
*** MODULE SUMMARY
***

    Module                 ro code  ro data  rw data
    ------                 -------  -------  -------
C:\Users\Administrator\Desktop\STM8S\GPIO\Debug\Obj: [1]
    main.o                      36
    stm8s_gpio.o               279      107
    stm8s_it.o                  20
    ------------------------------------------------
    Total:                     335      107

command line: [2]
    ------------------------------------------------
    Total:

dbgstm8smd.a: [3]
    __dbg_break.o                1
    __dbg_xxexit.o              20
    ------------------------------------------------
    Total:                      21

dlstm8smn.a: [4]
    cexit.o                      5
    cstartup.o                  19
    exit.o                       3
    init.o                      20
    interrupt.o                  3      128
    low_level_init.o             3
    unhandled_exception.o        3
    vreg_util.o                 81
    vregs.o                                       12
    ------------------------------------------------
    Total:                     137      128       12

    Linker created                               256
----------------------------------------------------
    Grand Total:               493      235      268


*******************************************************************************
*** ENTRY LIST
***

Entry                     Address   Size  Type      Object
-----                     -------   ----  ----      ------
?b0                      0x000000         Data  Gb  vregs.o [4]
?b1                      0x000001         Data  Gb  vregs.o [4]
?b10                     0x00000a         Data  Gb  vregs.o [4]
?b11                     0x00000b         Data  Gb  vregs.o [4]
?b2                      0x000002         Data  Gb  vregs.o [4]
?b3                      0x000003         Data  Gb  vregs.o [4]
?b4                      0x000004         Data  Gb  vregs.o [4]
?b5                      0x000005         Data  Gb  vregs.o [4]
?b6                      0x000006         Data  Gb  vregs.o [4]
?b7                      0x000007         Data  Gb  vregs.o [4]
?b8                      0x000008         Data  Gb  vregs.o [4]
?b9                      0x000009         Data  Gb  vregs.o [4]
?e0                      0x000001         Data  Gb  vregs.o [4]
?e1                      0x000005         Data  Gb  vregs.o [4]
?e2                      0x000009         Data  Gb  vregs.o [4]
?epilogue_l2             0x008248         Code  Gb  vreg_util.o [4]
?l0                      0x000000         Data  Gb  vregs.o [4]
?l1                      0x000004         Data  Gb  vregs.o [4]
?l2                      0x000008         Data  Gb  vregs.o [4]
?pop_l2                  0x008235         Code  Gb  vreg_util.o [4]
?push_l2                 0x008213         Code  Gb  vreg_util.o [4]
?push_w4                 0x0081fb         Code  Gb  vreg_util.o [4]
?w0                      0x000000         Data  Gb  vregs.o [4]
?w1                      0x000002         Data  Gb  vregs.o [4]
?w2                      0x000004         Data  Gb  vregs.o [4]
?w3                      0x000006         Data  Gb  vregs.o [4]
?w4                      0x000008         Data  Gb  vregs.o [4]
?w5                      0x00000a         Data  Gb  vregs.o [4]
ADC1_IRQHandler          0x0082d4    0x1  Code  Gb  stm8s_it.o [1]
AWU_IRQHandler           0x0082c5    0x1  Code  Gb  stm8s_it.o [1]
CLK_IRQHandler           0x0082c6    0x1  Code  Gb  stm8s_it.o [1]
CSTACK$$Base             0x000300          --   Gb  - Linker created -
CSTACK$$Limit            0x000400          --   Gb  - Linker created -
Delay                    0x0082a2    0x7  Code  Gb  main.o [1]
EEPROM_EEC_IRQHandler    0x0082d6    0x1  Code  Gb  stm8s_it.o [1]
EXTI_PORTA_IRQHandler    0x0082c7    0x1  Code  Gb  stm8s_it.o [1]
EXTI_PORTB_IRQHandler    0x0082c8    0x1  Code  Gb  stm8s_it.o [1]
EXTI_PORTC_IRQHandler    0x0082c9    0x1  Code  Gb  stm8s_it.o [1]
EXTI_PORTD_IRQHandler    0x0082ca    0x1  Code  Gb  stm8s_it.o [1]
EXTI_PORTE_IRQHandler    0x0082cb    0x1  Code  Gb  stm8s_it.o [1]
GPIO_Init                0x008080  0x110  Code  Gb  stm8s_gpio.o [1]
GPIO_WriteReverse        0x0082a9    0x7  Code  Gb  stm8s_gpio.o [1]
I2C_IRQHandler           0x0082d3    0x1  Code  Gb  stm8s_it.o [1]
INTVEC$$Base             0x008000          --   Gb  - Linker created -
INTVEC$$Limit            0x008080          --   Gb  - Linker created -
Region$$Table$$Base    0x00000000          --   Gb  - Linker created -
Region$$Table$$Limit   0x00000000          --   Gb  - Linker created -
SPI_IRQHandler           0x0082cc    0x1  Code  Gb  stm8s_it.o [1]
TIM1_CAP_COM_IRQHandler
                         0x0082ce    0x1  Code  Gb  stm8s_it.o [1]
TIM1_UPD_OVF_TRG_BRK_IRQHandler
                         0x0082cd    0x1  Code  Gb  stm8s_it.o [1]
TIM2_CAP_COM_IRQHandler
                         0x0082d0    0x1  Code  Gb  stm8s_it.o [1]
TIM2_UPD_OVF_BRK_IRQHandler
                         0x0082cf    0x1  Code  Gb  stm8s_it.o [1]
TIM4_UPD_OVF_IRQHandler
                         0x0082d5    0x1  Code  Gb  stm8s_it.o [1]
TLI_IRQHandler           0x0082c4    0x1  Code  Gb  stm8s_it.o [1]
TRAP_IRQHandler          0x0082c3    0x1  Code  Gb  stm8s_it.o [1]
UART1_RX_IRQHandler      0x0082d2    0x1  Code  Gb  stm8s_it.o [1]
UART1_TX_IRQHandler      0x0082d1    0x1  Code  Gb  stm8s_it.o [1]
__DebugBreak             0x0082d7    0x1  Code  Gb  __dbg_break.o [3]
__exit                   0x00827b   0x14  Code  Gb  __dbg_xxexit.o [3]
__iar_data_init2         0x008267   0x14  Code  Gb  init.o [4]
__iar_program_start      0x00828f         Code  Gb  cstartup.o [4]
__iar_unhandled_exception
                         0x0082be         Code  Gb  unhandled_exception.o [4]
__intvec                 0x008000         Data  Gb  interrupt.o [4]
__low_level_init         0x0082b8    0x3  Code  Gb  low_level_init.o [4]
_exit                    0x0082b0         Code  Gb  cexit.o [4]
_interrupt_1             0x0082c3         Code  Gb  stm8s_it.o [1]
_interrupt_12            0x0082cc         Code  Gb  stm8s_it.o [1]
_interrupt_13            0x0082cd         Code  Gb  stm8s_it.o [1]
_interrupt_14            0x0082ce         Code  Gb  stm8s_it.o [1]
_interrupt_15            0x0082cf         Code  Gb  stm8s_it.o [1]
_interrupt_16            0x0082d0         Code  Gb  stm8s_it.o [1]
_interrupt_19            0x0082d1         Code  Gb  stm8s_it.o [1]
_interrupt_2             0x0082c4         Code  Gb  stm8s_it.o [1]
_interrupt_20            0x0082d2         Code  Gb  stm8s_it.o [1]
_interrupt_21            0x0082d3         Code  Gb  stm8s_it.o [1]
_interrupt_24            0x0082d4         Code  Gb  stm8s_it.o [1]
_interrupt_25            0x0082d5         Code  Gb  stm8s_it.o [1]
_interrupt_26            0x0082d6         Code  Gb  stm8s_it.o [1]
_interrupt_3             0x0082c5         Code  Gb  stm8s_it.o [1]
_interrupt_4             0x0082c6         Code  Gb  stm8s_it.o [1]
_interrupt_5             0x0082c7         Code  Gb  stm8s_it.o [1]
_interrupt_6             0x0082c8         Code  Gb  stm8s_it.o [1]
_interrupt_7             0x0082c9         Code  Gb  stm8s_it.o [1]
_interrupt_8             0x0082ca         Code  Gb  stm8s_it.o [1]
_interrupt_9             0x0082cb         Code  Gb  stm8s_it.o [1]
assert_failed            0x0082c1    0x2  Code  Gb  main.o [1]
exit                     0x0082bb    0x3  Code  Gb  exit.o [4]
main                     0x00824c   0x1b  Code  Gb  main.o [1]


[1] = C:\Users\Administrator\Desktop\STM8S\GPIO\Debug\Obj
[2] = command line
[3] = dbgstm8smd.a
[4] = dlstm8smn.a

  493 bytes of readonly  code memory
  235 bytes of readonly  data memory
  268 bytes of readwrite data memory

Errors: none
Warnings: none
